Archive member included because of file (symbol)

c:/siliconlabs/simplicitystudio/v3/developer/toolchains/gnu_arm/4.8_2013q4/bin/../lib/gcc/arm-none-eabi/4.8.3/armv7-m\libgcc.a(_arm_addsubdf3.o)
                              ./src/main.o (__aeabi_ui2d)
c:/siliconlabs/simplicitystudio/v3/developer/toolchains/gnu_arm/4.8_2013q4/bin/../lib/gcc/arm-none-eabi/4.8.3/armv7-m\libgcc.a(_arm_muldivdf3.o)
                              ./src/main.o (__aeabi_dmul)
c:/siliconlabs/simplicitystudio/v3/developer/toolchains/gnu_arm/4.8_2013q4/bin/../lib/gcc/arm-none-eabi/4.8.3/armv7-m\libgcc.a(_arm_fixdfsi.o)
                              ./src/main.o (__aeabi_d2iz)
c:/siliconlabs/simplicitystudio/v3/developer/toolchains/gnu_arm/4.8_2013q4/bin/../lib/gcc/arm-none-eabi/4.8.3/armv7-m\libgcc.a(_arm_addsubsf3.o)
                              ./src/main.o (__aeabi_ui2f)
c:/siliconlabs/simplicitystudio/v3/developer/toolchains/gnu_arm/4.8_2013q4/bin/../lib/gcc/arm-none-eabi/4.8.3/armv7-m\libgcc.a(_arm_muldivsf3.o)
                              ./src/main.o (__aeabi_fmul)
c:/siliconlabs/simplicitystudio/v3/developer/toolchains/gnu_arm/4.8_2013q4/bin/../lib/gcc/arm-none-eabi/4.8.3/armv7-m\libgcc.a(_arm_fixunssfsi.o)
                              ./src/main.o (__aeabi_f2uiz)
c:/siliconlabs/simplicitystudio/v3/developer/toolchains/gnu_arm/4.8_2013q4/bin/../lib/gcc/arm-none-eabi/4.8.3/armv7-m\libgcc.a(_aeabi_uldivmod.o)
                              ./emlib/em_usart.o (__aeabi_uldivmod)
c:/siliconlabs/simplicitystudio/v3/developer/toolchains/gnu_arm/4.8_2013q4/bin/../lib/gcc/arm-none-eabi/4.8.3/armv7-m\libgcc.a(bpabi.o)
                              c:/siliconlabs/simplicitystudio/v3/developer/toolchains/gnu_arm/4.8_2013q4/bin/../lib/gcc/arm-none-eabi/4.8.3/armv7-m\libgcc.a(_aeabi_uldivmod.o) (__gnu_uldivmod_helper)
c:/siliconlabs/simplicitystudio/v3/developer/toolchains/gnu_arm/4.8_2013q4/bin/../lib/gcc/arm-none-eabi/4.8.3/armv7-m\libgcc.a(_dvmd_tls.o)
                              c:/siliconlabs/simplicitystudio/v3/developer/toolchains/gnu_arm/4.8_2013q4/bin/../lib/gcc/arm-none-eabi/4.8.3/armv7-m\libgcc.a(_aeabi_uldivmod.o) (__aeabi_ldiv0)
c:/siliconlabs/simplicitystudio/v3/developer/toolchains/gnu_arm/4.8_2013q4/bin/../lib/gcc/arm-none-eabi/4.8.3/armv7-m\libgcc.a(_divdi3.o)
                              c:/siliconlabs/simplicitystudio/v3/developer/toolchains/gnu_arm/4.8_2013q4/bin/../lib/gcc/arm-none-eabi/4.8.3/armv7-m\libgcc.a(bpabi.o) (__divdi3)
c:/siliconlabs/simplicitystudio/v3/developer/toolchains/gnu_arm/4.8_2013q4/bin/../lib/gcc/arm-none-eabi/4.8.3/armv7-m\libgcc.a(_udivdi3.o)
                              c:/siliconlabs/simplicitystudio/v3/developer/toolchains/gnu_arm/4.8_2013q4/bin/../lib/gcc/arm-none-eabi/4.8.3/armv7-m\libgcc.a(bpabi.o) (__udivdi3)
c:/siliconlabs/simplicitystudio/v3/developer/toolchains/gnu_arm/4.8_2013q4/bin/../lib/gcc/arm-none-eabi/4.8.3/../../../../arm-none-eabi/lib/armv7-m\libc_s.a(lib_a-exit.o)
                              c:/siliconlabs/simplicitystudio/v3/developer/toolchains/gnu_arm/4.8_2013q4/bin/../lib/gcc/arm-none-eabi/4.8.3/../../../../arm-none-eabi/lib/armv7-m/crt0.o (exit)
c:/siliconlabs/simplicitystudio/v3/developer/toolchains/gnu_arm/4.8_2013q4/bin/../lib/gcc/arm-none-eabi/4.8.3/../../../../arm-none-eabi/lib/armv7-m\libc_s.a(lib_a-impure.o)
                              c:/siliconlabs/simplicitystudio/v3/developer/toolchains/gnu_arm/4.8_2013q4/bin/../lib/gcc/arm-none-eabi/4.8.3/../../../../arm-none-eabi/lib/armv7-m\libc_s.a(lib_a-exit.o) (_global_impure_ptr)
c:/siliconlabs/simplicitystudio/v3/developer/toolchains/gnu_arm/4.8_2013q4/bin/../lib/gcc/arm-none-eabi/4.8.3/../../../../arm-none-eabi/lib/armv7-m\libc_s.a(lib_a-init.o)
                              c:/siliconlabs/simplicitystudio/v3/developer/toolchains/gnu_arm/4.8_2013q4/bin/../lib/gcc/arm-none-eabi/4.8.3/../../../../arm-none-eabi/lib/armv7-m/crt0.o (__libc_init_array)
c:/siliconlabs/simplicitystudio/v3/developer/toolchains/gnu_arm/4.8_2013q4/bin/../lib/gcc/arm-none-eabi/4.8.3/../../../../arm-none-eabi/lib/armv7-m\libc_s.a(lib_a-memset.o)
                              c:/siliconlabs/simplicitystudio/v3/developer/toolchains/gnu_arm/4.8_2013q4/bin/../lib/gcc/arm-none-eabi/4.8.3/../../../../arm-none-eabi/lib/armv7-m/crt0.o (memset)
c:/siliconlabs/simplicitystudio/v3/developer/toolchains/gnu_arm/4.8_2013q4/bin/../lib/gcc/arm-none-eabi/4.8.3/../../../../arm-none-eabi/lib/armv7-m\libnosys.a(_exit.o)
                              c:/siliconlabs/simplicitystudio/v3/developer/toolchains/gnu_arm/4.8_2013q4/bin/../lib/gcc/arm-none-eabi/4.8.3/../../../../arm-none-eabi/lib/armv7-m\libc_s.a(lib_a-exit.o) (_exit)

Allocating common symbols
Common symbol       size              file

SystemCoreClock     0x4               ./CMSIS/efm32lg/system_efm32lg.o

Discarded input sections

 .text          0x00000000        0x0 c:/siliconlabs/simplicitystudio/v3/developer/toolchains/gnu_arm/4.8_2013q4/bin/../lib/gcc/arm-none-eabi/4.8.3/armv7-m/crti.o
[...]
Memory Configuration

Name             Origin             Length             Attributes
FLASH            0x00000000         0x00040000         xr
RAM              0x20000000         0x00008000         xrw
*default*        0x00000000         0xffffffff

Linker script and memory map

LOAD c:/siliconlabs/simplicitystudio/v3/developer/toolchains/gnu_arm/4.8_2013q4/bin/../lib/gcc/arm-none-eabi/4.8.3/armv7-m/crti.o
LOAD c:/siliconlabs/simplicitystudio/v3/developer/toolchains/gnu_arm/4.8_2013q4/bin/../lib/gcc/arm-none-eabi/4.8.3/armv7-m/crtbegin.o
LOAD c:/siliconlabs/simplicitystudio/v3/developer/toolchains/gnu_arm/4.8_2013q4/bin/../lib/gcc/arm-none-eabi/4.8.3/../../../../arm-none-eabi/lib/armv7-m/crt0.o
LOAD ./src/InitDevice.o
LOAD ./src/main.o
LOAD ./src/sleep.o
LOAD ./emlib/em_acmp.o
LOAD ./emlib/em_adc.o
LOAD ./emlib/em_aes.o
LOAD ./emlib/em_assert.o
LOAD ./emlib/em_burtc.o
LOAD ./emlib/em_cmu.o
LOAD ./emlib/em_cryotimer.o
LOAD ./emlib/em_crypto.o
LOAD ./emlib/em_dac.o
LOAD ./emlib/em_dbg.o
LOAD ./emlib/em_dma.o
LOAD ./emlib/em_ebi.o
LOAD ./emlib/em_emu.o
LOAD ./emlib/em_gpcrc.o
LOAD ./emlib/em_gpio.o
LOAD ./emlib/em_i2c.o
LOAD ./emlib/em_idac.o
LOAD ./emlib/em_int.o
LOAD ./emlib/em_lcd.o
LOAD ./emlib/em_ldma.o
LOAD ./emlib/em_lesense.o
LOAD ./emlib/em_letimer.o
LOAD ./emlib/em_leuart.o
LOAD ./emlib/em_mpu.o
LOAD ./emlib/em_msc.o
LOAD ./emlib/em_opamp.o
LOAD ./emlib/em_pcnt.o
LOAD ./emlib/em_prs.o
LOAD ./emlib/em_rmu.o
LOAD ./emlib/em_rtc.o
LOAD ./emlib/em_rtcc.o
LOAD ./emlib/em_system.o
LOAD ./emlib/em_timer.o
LOAD ./emlib/em_usart.o
LOAD ./emlib/em_vcmp.o
LOAD ./emlib/em_wdog.o
LOAD ./CMSIS/efm32lg/startup_gcc_efm32lg.o
LOAD ./CMSIS/efm32lg/system_efm32lg.o
START GROUP
LOAD c:/siliconlabs/simplicitystudio/v3/developer/toolchains/gnu_arm/4.8_2013q4/bin/../lib/gcc/arm-none-eabi/4.8.3/armv7-m\libgcc.a
LOAD c:/siliconlabs/simplicitystudio/v3/developer/toolchains/gnu_arm/4.8_2013q4/bin/../lib/gcc/arm-none-eabi/4.8.3/../../../../arm-none-eabi/lib/armv7-m\libc_s.a
LOAD c:/siliconlabs/simplicitystudio/v3/developer/toolchains/gnu_arm/4.8_2013q4/bin/../lib/gcc/arm-none-eabi/4.8.3/../../../../arm-none-eabi/lib/armv7-m\libnosys.a
END GROUP
START GROUP
LOAD c:/siliconlabs/simplicitystudio/v3/developer/toolchains/gnu_arm/4.8_2013q4/bin/../lib/gcc/arm-none-eabi/4.8.3/armv7-m\libgcc.a
LOAD c:/siliconlabs/simplicitystudio/v3/developer/toolchains/gnu_arm/4.8_2013q4/bin/../lib/gcc/arm-none-eabi/4.8.3/../../../../arm-none-eabi/lib/armv7-m\libg_s.a
LOAD c:/siliconlabs/simplicitystudio/v3/developer/toolchains/gnu_arm/4.8_2013q4/bin/../lib/gcc/arm-none-eabi/4.8.3/../../../../arm-none-eabi/lib/armv7-m\libc_s.a
END GROUP
START GROUP
LOAD c:/siliconlabs/simplicitystudio/v3/developer/toolchains/gnu_arm/4.8_2013q4/bin/../lib/gcc/arm-none-eabi/4.8.3/armv7-m\libgcc.a
LOAD c:/siliconlabs/simplicitystudio/v3/developer/toolchains/gnu_arm/4.8_2013q4/bin/../lib/gcc/arm-none-eabi/4.8.3/../../../../arm-none-eabi/lib/armv7-m\libc_s.a
END GROUP
LOAD c:/siliconlabs/simplicitystudio/v3/developer/toolchains/gnu_arm/4.8_2013q4/bin/../lib/gcc/arm-none-eabi/4.8.3/armv7-m/crtend.o
LOAD c:/siliconlabs/simplicitystudio/v3/developer/toolchains/gnu_arm/4.8_2013q4/bin/../lib/gcc/arm-none-eabi/4.8.3/armv7-m/crtn.o

.text           0x00000000     0x3188
 *(.vectors)
 .vectors       0x00000000       0xe0 ./CMSIS/efm32lg/startup_gcc_efm32lg.o
                0x00000000                __Vectors
                0x000000e0                __Vectors_End = .
                0x000000e0                __Vectors_Size = (__Vectors_End - __Vectors)
                0x000000e0                __end__ = .
 *(.text*)
 .text          0x000000e0       0x54 c:/siliconlabs/simplicitystudio/v3/developer/toolchains/gnu_arm/4.8_2013q4/bin/../lib/gcc/arm-none-eabi/4.8.3/armv7-m/crtbegin.o
 .text          0x00000134       0x74 c:/siliconlabs/simplicitystudio/v3/developer/toolchains/gnu_arm/4.8_2013q4/bin/../lib/gcc/arm-none-eabi/4.8.3/../../../../arm-none-eabi/lib/armv7-m/crt0.o
                0x00000134                _start
                0x00000134                _mainCRTStartup
 .text.NVIC_EnableIRQ
                0x000001a8       0x30 ./src/main.o
 .text.NVIC_ClearPendingIRQ
                0x000001d8       0x34 ./src/main.o
 .text.GPIO_PinOutClear
                0x0000020c       0x58 ./src/main.o
 .text.GPIO_PinOutSet
                0x00000264       0x58 ./src/main.o
 .text.CHIP_Init
                0x000002bc       0x40 ./src/main.o
 .text.INT_Disable
                0x000002fc       0x2c ./src/main.o
 .text.INT_Enable
                0x00000328       0x3c ./src/main.o
 .text.LETIMER_IntClear
                0x00000364       0x1c ./src/main.o
 .text.LETIMER_IntEnable
                0x00000380       0x20 ./src/main.o
 .text.ACMP_IntClear
                0x000003a0       0x1c ./src/main.o
 .text.ACMP_IntEnable
                0x000003bc       0x20 ./src/main.o
 .text.TIMER_Enable
                0x000003dc       0x5c ./src/main.o
 .text.TIMER_IntClear
                0x00000438       0x1c ./src/main.o
 .text.TIMER_IntEnable
                0x00000454       0x20 ./src/main.o
 .text.TIMER0_IRQHandler
                0x00000474       0x14 ./src/main.o
                0x00000474                TIMER0_IRQHandler
 .text.ACMP0_IRQHandler
                0x00000488       0x18 ./src/main.o
                0x00000488                ACMP0_IRQHandler
 .text.LETIMER0_IRQHandler
                0x000004a0      0x138 ./src/main.o
                0x000004a0                LETIMER0_IRQHandler
 .text.clock_init
                0x000005d8       0x54 ./src/main.o
                0x000005d8                clock_init
 .text.letimer_initialize
                0x0000062c      0x108 ./src/main.o
                0x0000062c                letimer_initialize
 .text.ACMPInit
                0x00000734       0x64 ./src/main.o
                0x00000734                ACMPInit
 .text.GPIO_init
                0x00000798       0x38 ./src/main.o
                0x00000798                GPIO_init
 .text.TIMER_SETUP
                0x000007d0       0xa8 ./src/main.o
                0x000007d0                TIMER_SETUP
 .text.LETIMER_Calibration
                0x00000878      0x1c0 ./src/main.o
                0x00000878                LETIMER_Calibration
 .text.main     0x00000a38       0x30 ./src/main.o
                0x00000a38                main
 .text.INT_Disable
                0x00000a68       0x2c ./src/sleep.o
 .text.INT_Enable
                0x00000a94       0x3c ./src/sleep.o
 .text.EMU_EnterEM1
                0x00000ad0       0x20 ./src/sleep.o
 .text.unblockSleepMode
                0x00000af0       0x38 ./src/sleep.o
                0x00000af0                unblockSleepMode
 .text.blockSleepMode
                0x00000b28       0x2c ./src/sleep.o
                0x00000b28                blockSleepMode
 .text.sleep    0x00000b54       0x48 ./src/sleep.o
                0x00000b54                sleep
 .text.BUS_RegBitWrite
                0x00000b9c       0x2c ./emlib/em_acmp.o
 .text.ACMP_ChannelSet
                0x00000bc8       0x4c ./emlib/em_acmp.o
                0x00000bc8                ACMP_ChannelSet
 .text.ACMP_Init
                0x00000c14       0xa0 ./emlib/em_acmp.o
                0x00000c14                ACMP_Init
 .text.BUS_RegBitWrite
                0x00000cb4       0x2c ./emlib/em_cmu.o
 .text.BUS_RegBitRead
                0x00000ce0       0x2c ./emlib/em_cmu.o
 .text.CMU_DivToLog2
                0x00000d0c       0x34 ./emlib/em_cmu.o
 .text.SYSTEM_GetProdRev
                0x00000d40       0x1c ./emlib/em_cmu.o
 .text.SYSTEM_GetFamily
                0x00000d5c       0x20 ./emlib/em_cmu.o
 .text.maxFreqHfle
                0x00000d7c       0x78 ./emlib/em_cmu.o
 .text.setHfLeConfig
                0x00000df4       0x3c ./emlib/em_cmu.o
 .text.getHfLeConfig
                0x00000e30       0x2c ./emlib/em_cmu.o
 .text.auxClkGet
                0x00000e5c       0xb0 ./emlib/em_cmu.o
 .text.dbgClkGet
                0x00000f0c       0x40 ./emlib/em_cmu.o
 .text.flashWaitStateControl
                0x00000f4c       0xb8 ./emlib/em_cmu.o
 .text.flashWaitStateMax
                0x00001004       0x14 ./emlib/em_cmu.o
 .text.lfClkGet
                0x00001018       0xec ./emlib/em_cmu.o
 .text.syncReg  0x00001104       0x34 ./emlib/em_cmu.o
 .text.usbCClkGet
                0x00001138       0x4c ./emlib/em_cmu.o
 .text.CMU_ClockEnable
                0x00001184       0xd8 ./emlib/em_cmu.o
                0x00001184                CMU_ClockEnable
 .text.CMU_ClockFreqGet
                0x0000125c      0x1d8 ./emlib/em_cmu.o
                0x0000125c                CMU_ClockFreqGet
 .text.CMU_ClockSelectGet
                0x00001434      0x15c ./emlib/em_cmu.o
                0x00001434                CMU_ClockSelectGet
 .text.CMU_ClockSelectSet
                0x00001590      0x2b8 ./emlib/em_cmu.o
                0x00001590                CMU_ClockSelectSet
 .text.CMU_OscillatorEnable
                0x00001848       0xc0 ./emlib/em_cmu.o
                0x00001848                CMU_OscillatorEnable
 .text.DMA_IRQHandler
                0x00001908       0xd8 ./emlib/em_dma.o
                0x00001908                DMA_IRQHandler
 .text.SystemCoreClockUpdate
                0x000019e0        0xc ./emlib/em_emu.o
 .text.EMU_Unlock
                0x000019ec       0x18 ./emlib/em_emu.o
 .text.CMU_Lock
                0x00001a04       0x18 ./emlib/em_emu.o
 .text.CMU_Unlock
                0x00001a1c       0x1c ./emlib/em_emu.o
 .text.emuRestore
                0x00001a38       0xf0 ./emlib/em_emu.o
 .text.getErrataFixEmuE107En
                0x00001b28       0x68 ./emlib/em_emu.o
 .text.EMU_EnterEM2
                0x00001b90       0x9c ./emlib/em_emu.o
                0x00001b90                EMU_EnterEM2
 .text.EMU_EnterEM3
                0x00001c2c       0xbc ./emlib/em_emu.o
                0x00001c2c                EMU_EnterEM3
 .text.EMU_EnterEM4
                0x00001ce8       0x50 ./emlib/em_emu.o
                0x00001ce8                EMU_EnterEM4
 .text.EMU_UpdateOscConfig
                0x00001d38       0x1c ./emlib/em_emu.o
                0x00001d38                EMU_UpdateOscConfig
 .text.GPIO_PinOutClear
                0x00001d54       0x58 ./emlib/em_gpio.o
 .text.GPIO_PinOutSet
                0x00001dac       0x58 ./emlib/em_gpio.o
 .text.GPIO_PinModeSet
                0x00001e04      0x110 ./emlib/em_gpio.o
                0x00001e04                GPIO_PinModeSet
 .text.LETIMER_CompareSet
                0x00001f14       0x58 ./emlib/em_letimer.o
                0x00001f14                LETIMER_CompareSet
 .text.LETIMER_Enable
                0x00001f6c       0x2c ./emlib/em_letimer.o
                0x00001f6c                LETIMER_Enable
 .text.LETIMER_Init
                0x00001f98       0xec ./emlib/em_letimer.o
                0x00001f98                LETIMER_Init
 .text.SYSTEM_ChipRevisionGet
                0x00002084       0x74 ./emlib/em_system.o
                0x00002084                SYSTEM_ChipRevisionGet
 .text.TIMER_Init
                0x000020f8      0x10c ./emlib/em_timer.o
                0x000020f8                TIMER_Init
 .text          0x00002204       0x30 ./CMSIS/efm32lg/startup_gcc_efm32lg.o
                0x00002204                Reset_Handler
                0x00002230                DebugMon_Handler
                0x00002230                USART0_TX_IRQHandler
                0x00002230                I2C0_IRQHandler
                0x00002230                HardFault_Handler
                0x00002230                LEUART1_IRQHandler
                0x00002230                SysTick_Handler
                0x00002230                USART1_RX_IRQHandler
                0x00002230                PendSV_Handler
                0x00002230                NMI_Handler
                0x00002230                I2C1_IRQHandler
                0x00002230                TIMER3_IRQHandler
                0x00002230                USART1_TX_IRQHandler
                0x00002230                MSC_IRQHandler
                0x00002230                ADC0_IRQHandler
                0x00002230                UsageFault_Handler
                0x00002230                LEUART0_IRQHandler
                0x00002230                GPIO_EVEN_IRQHandler
                0x00002230                UART0_TX_IRQHandler
                0x00002230                UART1_TX_IRQHandler
                0x00002230                RTC_IRQHandler
                0x00002230                TIMER2_IRQHandler
                0x00002230                LCD_IRQHandler
                0x00002230                PCNT2_IRQHandler
                0x00002230                UART0_RX_IRQHandler
                0x00002230                TIMER1_IRQHandler
                0x00002230                USART2_RX_IRQHandler
                0x00002230                Default_Handler
                0x00002230                EMU_IRQHandler
                0x00002230                PCNT0_IRQHandler
                0x00002230                USB_IRQHandler
                0x00002230                BURTC_IRQHandler
                0x00002230                PCNT1_IRQHandler
                0x00002230                USART0_RX_IRQHandler
                0x00002230                MemManage_Handler
                0x00002230                SVC_Handler
                0x00002230                DAC0_IRQHandler
                0x00002230                UART1_RX_IRQHandler
                0x00002230                CMU_IRQHandler
                0x00002230                EBI_IRQHandler
                0x00002230                LESENSE_IRQHandler
                0x00002230                GPIO_ODD_IRQHandler
                0x00002230                AES_IRQHandler
                0x00002230                VCMP_IRQHandler
                0x00002230                BusFault_Handler
                0x00002230                USART2_TX_IRQHandler
 .text.GetProdRev
                0x00002234       0x1c ./CMSIS/efm32lg/system_efm32lg.o
 .text.SystemCoreClockGet
                0x00002250       0x34 ./CMSIS/efm32lg/system_efm32lg.o
                0x00002250                SystemCoreClockGet
 .text.SystemMaxCoreClockGet
                0x00002284       0x14 ./CMSIS/efm32lg/system_efm32lg.o
                0x00002284                SystemMaxCoreClockGet
 .text.SystemHFClockGet
                0x00002298      0x100 ./CMSIS/efm32lg/system_efm32lg.o
                0x00002298                SystemHFClockGet
 .text.SystemHFXOClockGet
                0x00002398       0x18 ./CMSIS/efm32lg/system_efm32lg.o
                0x00002398                SystemHFXOClockGet
 .text.SystemInit
                0x000023b0        0xc ./CMSIS/efm32lg/system_efm32lg.o
                0x000023b0                SystemInit
 .text.SystemLFRCOClockGet
                0x000023bc       0x14 ./CMSIS/efm32lg/system_efm32lg.o
                0x000023bc                SystemLFRCOClockGet
 .text.SystemULFRCOClockGet
                0x000023d0       0x14 ./CMSIS/efm32lg/system_efm32lg.o
                0x000023d0                SystemULFRCOClockGet
 .text.SystemLFXOClockGet
                0x000023e4       0x18 ./CMSIS/efm32lg/system_efm32lg.o
                0x000023e4                SystemLFXOClockGet
 .text          0x000023fc      0x370 c:/siliconlabs/simplicitystudio/v3/developer/toolchains/gnu_arm/4.8_2013q4/bin/../lib/gcc/arm-none-eabi/4.8.3/armv7-m\libgcc.a(_arm_addsubdf3.o)
                0x000023fc                __aeabi_drsub
                0x00002404                __aeabi_dsub
                0x00002404                __subdf3
                0x00002408                __aeabi_dadd
                0x00002408                __adddf3
                0x00002680                __floatunsidf
                0x00002680                __aeabi_ui2d
                0x000026a0                __floatsidf
                0x000026a0                __aeabi_i2d
                0x000026c4                __aeabi_f2d
                0x000026c4                __extendsfdf2
                0x00002700                __floatundidf
                0x00002700                __aeabi_ul2d
                0x00002710                __floatdidf
                0x00002710                __aeabi_l2d
 .text          0x0000276c      0x424 c:/siliconlabs/simplicitystudio/v3/developer/toolchains/gnu_arm/4.8_2013q4/bin/../lib/gcc/arm-none-eabi/4.8.3/armv7-m\libgcc.a(_arm_muldivdf3.o)
                0x0000276c                __aeabi_dmul
                0x0000276c                __muldf3
                0x000029c0                __divdf3
                0x000029c0                __aeabi_ddiv
 .text          0x00002b90       0x50 c:/siliconlabs/simplicitystudio/v3/developer/toolchains/gnu_arm/4.8_2013q4/bin/../lib/gcc/arm-none-eabi/4.8.3/armv7-m\libgcc.a(_arm_fixdfsi.o)
                0x00002b90                __aeabi_d2iz
                0x00002b90                __fixdfsi
 .text          0x00002be0      0x21c c:/siliconlabs/simplicitystudio/v3/developer/toolchains/gnu_arm/4.8_2013q4/bin/../lib/gcc/arm-none-eabi/4.8.3/armv7-m\libgcc.a(_arm_addsubsf3.o)
                0x00002be0                __aeabi_frsub
                0x00002be8                __subsf3
                0x00002be8                __aeabi_fsub
                0x00002bec                __aeabi_fadd
                0x00002bec                __addsf3
                0x00002d4c                __aeabi_ui2f
                0x00002d4c                __floatunsisf
                0x00002d54                __aeabi_i2f
                0x00002d54                __floatsisf
                0x00002d70                __aeabi_ul2f
                0x00002d70                __floatundisf
                0x00002d80                __aeabi_l2f
                0x00002d80                __floatdisf
 .text          0x00002dfc      0x2a0 c:/siliconlabs/simplicitystudio/v3/developer/toolchains/gnu_arm/4.8_2013q4/bin/../lib/gcc/arm-none-eabi/4.8.3/armv7-m\libgcc.a(_arm_muldivsf3.o)
                0x00002dfc                __mulsf3
                0x00002dfc                __aeabi_fmul
                0x00002f64                __aeabi_fdiv
                0x00002f64                __divsf3
 .text          0x0000309c       0x40 c:/siliconlabs/simplicitystudio/v3/developer/toolchains/gnu_arm/4.8_2013q4/bin/../lib/gcc/arm-none-eabi/4.8.3/armv7-m\libgcc.a(_arm_fixunssfsi.o)
                0x0000309c                __fixunssfsi
                0x0000309c                __aeabi_f2uiz
 .text.exit     0x000030dc       0x28 c:/siliconlabs/simplicitystudio/v3/developer/toolchains/gnu_arm/4.8_2013q4/bin/../lib/gcc/arm-none-eabi/4.8.3/../../../../arm-none-eabi/lib/armv7-m\libc_s.a(lib_a-exit.o)
                0x000030dc                exit
 .text.__libc_init_array
                0x00003104       0x4c c:/siliconlabs/simplicitystudio/v3/developer/toolchains/gnu_arm/4.8_2013q4/bin/../lib/gcc/arm-none-eabi/4.8.3/../../../../arm-none-eabi/lib/armv7-m\libc_s.a(lib_a-init.o)
                0x00003104                __libc_init_array
 .text.memset   0x00003150       0x10 c:/siliconlabs/simplicitystudio/v3/developer/toolchains/gnu_arm/4.8_2013q4/bin/../lib/gcc/arm-none-eabi/4.8.3/../../../../arm-none-eabi/lib/armv7-m\libc_s.a(lib_a-memset.o)
                0x00003150                memset
 .text._exit    0x00003160        0x4 c:/siliconlabs/simplicitystudio/v3/developer/toolchains/gnu_arm/4.8_2013q4/bin/../lib/gcc/arm-none-eabi/4.8.3/../../../../arm-none-eabi/lib/armv7-m\libnosys.a(_exit.o)
                0x00003160                _exit
 *(.init)
 .init          0x00003164        0x4 c:/siliconlabs/simplicitystudio/v3/developer/toolchains/gnu_arm/4.8_2013q4/bin/../lib/gcc/arm-none-eabi/4.8.3/armv7-m/crti.o
                0x00003164                _init
 .init          0x00003168        0x8 c:/siliconlabs/simplicitystudio/v3/developer/toolchains/gnu_arm/4.8_2013q4/bin/../lib/gcc/arm-none-eabi/4.8.3/armv7-m/crtn.o
 *(.fini)
 .fini          0x00003170        0x4 c:/siliconlabs/simplicitystudio/v3/developer/toolchains/gnu_arm/4.8_2013q4/bin/../lib/gcc/arm-none-eabi/4.8.3/armv7-m/crti.o
                0x00003170                _fini
 .fini          0x00003174        0x8 c:/siliconlabs/simplicitystudio/v3/developer/toolchains/gnu_arm/4.8_2013q4/bin/../lib/gcc/arm-none-eabi/4.8.3/armv7-m/crtn.o
 *crtbegin.o(.ctors)
 *crtbegin?.o(.ctors)
 *(EXCLUDE_FILE(*crtend.o *crtend?.o) .ctors)
 *(SORT(.ctors.*))
 *(.ctors)
 *crtbegin.o(.dtors)
 *crtbegin?.o(.dtors)
 *(EXCLUDE_FILE(*crtend.o *crtend?.o) .dtors)
 *(SORT(.dtors.*))
 *(.dtors)
 *(.rodata*)
 .rodata.str1.1
                0x0000317c        0x2 c:/siliconlabs/simplicitystudio/v3/developer/toolchains/gnu_arm/4.8_2013q4/bin/../lib/gcc/arm-none-eabi/4.8.3/../../../../arm-none-eabi/lib/armv7-m\libc_s.a(lib_a-impure.o)
 *fill*         0x0000317e        0x2 
 .rodata._global_impure_ptr
                0x00003180        0x4 c:/siliconlabs/simplicitystudio/v3/developer/toolchains/gnu_arm/4.8_2013q4/bin/../lib/gcc/arm-none-eabi/4.8.3/../../../../arm-none-eabi/lib/armv7-m\libc_s.a(lib_a-impure.o)
                0x00003180                _global_impure_ptr
 *(.eh_frame*)
 .eh_frame      0x00003184        0x0 c:/siliconlabs/simplicitystudio/v3/developer/toolchains/gnu_arm/4.8_2013q4/bin/../lib/gcc/arm-none-eabi/4.8.3/armv7-m/crtbegin.o
 .eh_frame      0x00003184        0x4 c:/siliconlabs/simplicitystudio/v3/developer/toolchains/gnu_arm/4.8_2013q4/bin/../lib/gcc/arm-none-eabi/4.8.3/armv7-m/crtend.o

.glue_7         0x00003188        0x0
 .glue_7        0x00000000        0x0 linker stubs

.glue_7t        0x00003188        0x0
 .glue_7t       0x00000000        0x0 linker stubs

.vfp11_veneer   0x00003188        0x0
 .vfp11_veneer  0x00000000        0x0 linker stubs

.v4_bx          0x00003188        0x0
 .v4_bx         0x00000000        0x0 linker stubs

.iplt           0x00003188        0x0
 .iplt          0x00000000        0x0 c:/siliconlabs/simplicitystudio/v3/developer/toolchains/gnu_arm/4.8_2013q4/bin/../lib/gcc/arm-none-eabi/4.8.3/armv7-m/crtbegin.o

.ARM.extab
 *(.ARM.extab* .gnu.linkonce.armextab.*)
                0x00003188                __exidx_start = .

.ARM.exidx      0x00003188        0x8
 *(.ARM.exidx* .gnu.linkonce.armexidx.*)
 .ARM.exidx     0x00003188        0x8 c:/siliconlabs/simplicitystudio/v3/developer/toolchains/gnu_arm/4.8_2013q4/bin/../lib/gcc/arm-none-eabi/4.8.3/../../../../arm-none-eabi/lib/armv7-m/crt0.o
                0x00003190                __exidx_end = .
                0x00003190                __etext = .

.rel.dyn        0x00003190        0x0
 .rel.iplt      0x00000000        0x0 c:/siliconlabs/simplicitystudio/v3/developer/toolchains/gnu_arm/4.8_2013q4/bin/../lib/gcc/arm-none-eabi/4.8.3/armv7-m/crtbegin.o

.data           0x20000000       0x90 load address 0x00003190
                0x20000000                __data_start__ = .
 *(vtable)
 *(.data*)
 .data.excite_flag
                0x20000000        0x4 ./src/main.o
                0x20000000                excite_flag
 .data.acmp_init
                0x20000004       0x18 ./src/main.o
                0x20000004                acmp_init
 .data.SystemHFXOClock
                0x2000001c        0x4 ./CMSIS/efm32lg/system_efm32lg.o
 .data.SystemLFXOClock
                0x20000020        0x4 ./CMSIS/efm32lg/system_efm32lg.o
 .data.impure_data
                0x20000024       0x60 c:/siliconlabs/simplicitystudio/v3/developer/toolchains/gnu_arm/4.8_2013q4/bin/../lib/gcc/arm-none-eabi/4.8.3/../../../../arm-none-eabi/lib/armv7-m\libc_s.a(lib_a-impure.o)
                0x20000084                . = ALIGN (0x4)
 *(.ram)
                0x20000084                . = ALIGN (0x4)
                0x20000084                PROVIDE (__preinit_array_start, .)
 *(.preinit_array)
                0x20000084                PROVIDE (__preinit_array_end, .)
                0x20000084                . = ALIGN (0x4)
                0x20000084                PROVIDE (__init_array_start, .)
 *(SORT(.init_array.*))
 *(.init_array)
 .init_array    0x20000084        0x4 c:/siliconlabs/simplicitystudio/v3/developer/toolchains/gnu_arm/4.8_2013q4/bin/../lib/gcc/arm-none-eabi/4.8.3/armv7-m/crtbegin.o
                0x20000088                PROVIDE (__init_array_end, .)
                0x20000088                . = ALIGN (0x4)
                0x20000088                PROVIDE (__fini_array_start, .)
 *(SORT(.fini_array.*))
 *(.fini_array)
 .fini_array    0x20000088        0x4 c:/siliconlabs/simplicitystudio/v3/developer/toolchains/gnu_arm/4.8_2013q4/bin/../lib/gcc/arm-none-eabi/4.8.3/armv7-m/crtbegin.o
                0x2000008c                PROVIDE (__fini_array_end, .)
 *(.jcr*)
 .jcr           0x2000008c        0x0 c:/siliconlabs/simplicitystudio/v3/developer/toolchains/gnu_arm/4.8_2013q4/bin/../lib/gcc/arm-none-eabi/4.8.3/armv7-m/crtbegin.o
 .jcr           0x2000008c        0x4 c:/siliconlabs/simplicitystudio/v3/developer/toolchains/gnu_arm/4.8_2013q4/bin/../lib/gcc/arm-none-eabi/4.8.3/armv7-m/crtend.o
                0x20000090                . = ALIGN (0x4)
                0x20000090                __data_end__ = .

.igot.plt       0x20000090        0x0 load address 0x00003220
 .igot.plt      0x00000000        0x0 c:/siliconlabs/simplicitystudio/v3/developer/toolchains/gnu_arm/4.8_2013q4/bin/../lib/gcc/arm-none-eabi/4.8.3/armv7-m/crtbegin.o

.bss            0x20000090       0x48 load address 0x00003220
                0x20000090                . = ALIGN (0x4)
                0x20000090                __bss_start__ = .
 *(.bss*)
 .bss           0x20000090       0x1c c:/siliconlabs/simplicitystudio/v3/developer/toolchains/gnu_arm/4.8_2013q4/bin/../lib/gcc/arm-none-eabi/4.8.3/armv7-m/crtbegin.o
 .bss.ACMP_OUT  0x200000ac        0x4 ./src/main.o
                0x200000ac                ACMP_OUT
 .bss.count_value_EM2
                0x200000b0        0x4 ./src/main.o
                0x200000b0                count_value_EM2
 .bss.count_value_EM3
                0x200000b4        0x4 ./src/main.o
                0x200000b4                count_value_EM3
 .bss.Calibrated_ULFRCO
                0x200000b8        0x4 ./src/main.o
                0x200000b8                Calibrated_ULFRCO
 .bss.sleep_block_counter
                0x200000bc       0x10 ./src/sleep.o
                0x200000bc                sleep_block_counter
 .bss.cmuStatus
                0x200000cc        0x4 ./emlib/em_emu.o
 .bss.INT_LockCnt
                0x200000d0        0x4 ./emlib/em_int.o
                0x200000d0                INT_LockCnt
 *(COMMON)
 COMMON         0x200000d4        0x4 ./CMSIS/efm32lg/system_efm32lg.o
                0x200000d4                SystemCoreClock
                0x200000d8                . = ALIGN (0x4)
                0x200000d8                __bss_end__ = .

.heap           0x200000d8      0xc00
                0x200000d8                __HeapBase = .
                0x200000d8                __end__ = .
                0x200000d8                end = __end__
                0x200000d8                _end = __end__
 *(.heap*)
 .heap          0x200000d8      0xc00 ./CMSIS/efm32lg/startup_gcc_efm32lg.o
                0x20000cd8                __HeapLimit = .

.stack_dummy    0x200000d8      0x400
 *(.stack*)
 .stack         0x200000d8      0x400 ./CMSIS/efm32lg/startup_gcc_efm32lg.o
                0x20008000                __StackTop = (ORIGIN (RAM) + 0x8000)
                0x20007c00                __StackLimit = (__StackTop - SIZEOF (.stack_dummy))
                0x20008000                PROVIDE (__stack, __StackTop)
                0x00000001                ASSERT ((__StackLimit >= __HeapLimit), region RAM overflowed with stack)
                0x00000001                ASSERT ((0x40000 >= (__etext + SIZEOF (.data))), FLASH memory overflowed !)
OUTPUT(Assignment_2.axf elf32-littlearm)

.ARM.attributes
                0x00000000       0x29
 .ARM.attributes
                0x00000000       0x1d c:/siliconlabs/simplicitystudio/v3/developer/toolchains/gnu_arm/4.8_2013q4/bin/../lib/gcc/arm-none-eabi/4.8.3/armv7-m/crti.o
 .ARM.attributes
                0x0000001d       0x2d c:/siliconlabs/simplicitystudio/v3/developer/toolchains/gnu_arm/4.8_2013q4/bin/../lib/gcc/arm-none-eabi/4.8.3/armv7-m/crtbegin.o
 .ARM.attributes
                0x0000004a       0x1b c:/siliconlabs/simplicitystudio/v3/developer/toolchains/gnu_arm/4.8_2013q4/bin/../lib/gcc/arm-none-eabi/4.8.3/../../../../arm-none-eabi/lib/armv7-m/crt0.o
 .ARM.attributes
                0x00000065       0x33 ./src/main.o
 .ARM.attributes
                0x00000098       0x33 ./src/sleep.o
 .ARM.attributes
                0x000000cb       0x33 ./emlib/em_acmp.o
 .ARM.attributes
                0x000000fe       0x33 ./emlib/em_cmu.o
 .ARM.attributes
                0x00000131       0x33 ./emlib/em_dma.o
 .ARM.attributes
                0x00000164       0x33 ./emlib/em_emu.o
 .ARM.attributes
                0x00000197       0x33 ./emlib/em_gpio.o
 .ARM.attributes
                0x000001ca       0x33 ./emlib/em_int.o
 .ARM.attributes
                0x000001fd       0x33 ./emlib/em_letimer.o
 .ARM.attributes
                0x00000230       0x33 ./emlib/em_system.o
 .ARM.attributes
                0x00000263       0x33 ./emlib/em_timer.o
 .ARM.attributes
                0x00000296       0x1b ./CMSIS/efm32lg/startup_gcc_efm32lg.o
 .ARM.attributes
                0x000002b1       0x33 ./CMSIS/efm32lg/system_efm32lg.o
 .ARM.attributes
                0x000002e4       0x1d c:/siliconlabs/simplicitystudio/v3/developer/toolchains/gnu_arm/4.8_2013q4/bin/../lib/gcc/arm-none-eabi/4.8.3/armv7-m\libgcc.a(_arm_addsubdf3.o)
 .ARM.attributes
                0x00000301       0x1d c:/siliconlabs/simplicitystudio/v3/developer/toolchains/gnu_arm/4.8_2013q4/bin/../lib/gcc/arm-none-eabi/4.8.3/armv7-m\libgcc.a(_arm_muldivdf3.o)
 .ARM.attributes
                0x0000031e       0x1d c:/siliconlabs/simplicitystudio/v3/developer/toolchains/gnu_arm/4.8_2013q4/bin/../lib/gcc/arm-none-eabi/4.8.3/armv7-m\libgcc.a(_arm_fixdfsi.o)
 .ARM.attributes
                0x0000033b       0x1d c:/siliconlabs/simplicitystudio/v3/developer/toolchains/gnu_arm/4.8_2013q4/bin/../lib/gcc/arm-none-eabi/4.8.3/armv7-m\libgcc.a(_arm_addsubsf3.o)
 .ARM.attributes
                0x00000358       0x1d c:/siliconlabs/simplicitystudio/v3/developer/toolchains/gnu_arm/4.8_2013q4/bin/../lib/gcc/arm-none-eabi/4.8.3/armv7-m\libgcc.a(_arm_muldivsf3.o)
 .ARM.attributes
                0x00000375       0x1d c:/siliconlabs/simplicitystudio/v3/developer/toolchains/gnu_arm/4.8_2013q4/bin/../lib/gcc/arm-none-eabi/4.8.3/armv7-m\libgcc.a(_arm_fixunssfsi.o)
 .ARM.attributes
                0x00000392       0x2d c:/siliconlabs/simplicitystudio/v3/developer/toolchains/gnu_arm/4.8_2013q4/bin/../lib/gcc/arm-none-eabi/4.8.3/../../../../arm-none-eabi/lib/armv7-m\libc_s.a(lib_a-exit.o)
 .ARM.attributes
                0x000003bf       0x2d c:/siliconlabs/simplicitystudio/v3/developer/toolchains/gnu_arm/4.8_2013q4/bin/../lib/gcc/arm-none-eabi/4.8.3/../../../../arm-none-eabi/lib/armv7-m\libc_s.a(lib_a-impure.o)
 .ARM.attributes
                0x000003ec       0x2d c:/siliconlabs/simplicitystudio/v3/developer/toolchains/gnu_arm/4.8_2013q4/bin/../lib/gcc/arm-none-eabi/4.8.3/../../../../arm-none-eabi/lib/armv7-m\libc_s.a(lib_a-init.o)
 .ARM.attributes
                0x00000419       0x2d c:/siliconlabs/simplicitystudio/v3/developer/toolchains/gnu_arm/4.8_2013q4/bin/../lib/gcc/arm-none-eabi/4.8.3/../../../../arm-none-eabi/lib/armv7-m\libc_s.a(lib_a-memset.o)
 .ARM.attributes
                0x00000446       0x2d c:/siliconlabs/simplicitystudio/v3/developer/toolchains/gnu_arm/4.8_2013q4/bin/../lib/gcc/arm-none-eabi/4.8.3/../../../../arm-none-eabi/lib/armv7-m\libnosys.a(_exit.o)
 .ARM.attributes
                0x00000473       0x2d c:/siliconlabs/simplicitystudio/v3/developer/toolchains/gnu_arm/4.8_2013q4/bin/../lib/gcc/arm-none-eabi/4.8.3/armv7-m/crtend.o
 .ARM.attributes
                0x000004a0       0x1d c:/siliconlabs/simplicitystudio/v3/developer/toolchains/gnu_arm/4.8_2013q4/bin/../lib/gcc/arm-none-eabi/4.8.3/armv7-m/crtn.o

.comment        0x00000000       0x70
 .comment       0x00000000       0x70 ./src/main.o
                                 0x71 (size before relaxing)
 .comment       0x00000000       0x71 ./src/sleep.o
 .comment       0x00000000       0x71 ./emlib/em_acmp.o
 .comment       0x00000000       0x71 ./emlib/em_cmu.o
 .comment       0x00000000       0x71 ./emlib/em_dma.o
 .comment       0x00000000       0x71 ./emlib/em_emu.o
 .comment       0x00000000       0x71 ./emlib/em_gpio.o
 .comment       0x00000000       0x71 ./emlib/em_int.o
 .comment       0x00000000       0x71 ./emlib/em_letimer.o
 .comment       0x00000000       0x71 ./emlib/em_system.o
 .comment       0x00000000       0x71 ./emlib/em_timer.o
 .comment       0x00000000       0x71 ./CMSIS/efm32lg/system_efm32lg.o

.debug_info     0x00000000     0x717a
 .debug_info    0x00000000     0x1690 ./src/main.o
 .debug_info    0x00001690      0x3f0 ./src/sleep.o
 .debug_info    0x00001a80      0x62a ./emlib/em_acmp.o
 .debug_info    0x000020aa     0x1390 ./emlib/em_cmu.o
 .debug_info    0x0000343a     0x12bd ./emlib/em_dma.o
 .debug_info    0x000046f7      0xd80 ./emlib/em_emu.o
 .debug_info    0x00005477      0x648 ./emlib/em_gpio.o
 .debug_info    0x00005abf       0xa6 ./emlib/em_int.o
 .debug_info    0x00005b65      0x502 ./emlib/em_letimer.o
 .debug_info    0x00006067      0x245 ./emlib/em_system.o
 .debug_info    0x000062ac      0x8cd ./emlib/em_timer.o
 .debug_info    0x00006b79       0xa0 ./CMSIS/efm32lg/startup_gcc_efm32lg.o
 .debug_info    0x00006c19      0x561 ./CMSIS/efm32lg/system_efm32lg.o

.debug_abbrev   0x00000000     0x1570
 .debug_abbrev  0x00000000      0x2bd ./src/main.o
 .debug_abbrev  0x000002bd      0x198 ./src/sleep.o
 .debug_abbrev  0x00000455      0x1bb ./emlib/em_acmp.o
 .debug_abbrev  0x00000610      0x2f8 ./emlib/em_cmu.o
 .debug_abbrev  0x00000908      0x23b ./emlib/em_dma.o
 .debug_abbrev  0x00000b43      0x254 ./emlib/em_emu.o
 .debug_abbrev  0x00000d97      0x1cf ./emlib/em_gpio.o
 .debug_abbrev  0x00000f66       0x5c ./emlib/em_int.o
 .debug_abbrev  0x00000fc2      0x1a3 ./emlib/em_letimer.o
 .debug_abbrev  0x00001165       0xef ./emlib/em_system.o
 .debug_abbrev  0x00001254      0x19b ./emlib/em_timer.o
 .debug_abbrev  0x000013ef       0x14 ./CMSIS/efm32lg/startup_gcc_efm32lg.o
 .debug_abbrev  0x00001403      0x16d ./CMSIS/efm32lg/system_efm32lg.o

.debug_loc      0x00000000     0x21a4
 .debug_loc     0x00000000      0x4f8 ./src/main.o
 .debug_loc     0x000004f8      0x12c ./src/sleep.o
 .debug_loc     0x00000624      0x230 ./emlib/em_acmp.o
 .debug_loc     0x00000854      0x8d0 ./emlib/em_cmu.o
 .debug_loc     0x00001124      0x498 ./emlib/em_dma.o
 .debug_loc     0x000015bc      0x3b4 ./emlib/em_emu.o
 .debug_loc     0x00001970      0x268 ./emlib/em_gpio.o
 .debug_loc     0x00001bd8      0x1c0 ./emlib/em_letimer.o
 .debug_loc     0x00001d98       0x70 ./emlib/em_system.o
 .debug_loc     0x00001e08      0x188 ./emlib/em_timer.o
 .debug_loc     0x00001f90      0x214 ./CMSIS/efm32lg/system_efm32lg.o

.debug_aranges  0x00000000      0x640
 .debug_aranges
                0x00000000       0xd8 ./src/main.o
 .debug_aranges
                0x000000d8       0x48 ./src/sleep.o
 .debug_aranges
                0x00000120       0x68 ./emlib/em_acmp.o
 .debug_aranges
                0x00000188      0x168 ./emlib/em_cmu.o
 .debug_aranges
                0x000002f0       0xc0 ./emlib/em_dma.o
 .debug_aranges
                0x000003b0       0xa8 ./emlib/em_emu.o
 .debug_aranges
                0x00000458       0x70 ./emlib/em_gpio.o
 .debug_aranges
                0x000004c8       0x18 ./emlib/em_int.o
 .debug_aranges
                0x000004e0       0x58 ./emlib/em_letimer.o
 .debug_aranges
                0x00000538       0x28 ./emlib/em_system.o
 .debug_aranges
                0x00000560       0x50 ./emlib/em_timer.o
 .debug_aranges
                0x000005b0       0x20 ./CMSIS/efm32lg/startup_gcc_efm32lg.o
 .debug_aranges
                0x000005d0       0x70 ./CMSIS/efm32lg/system_efm32lg.o

.debug_ranges   0x00000000      0x558
 .debug_ranges  0x00000000       0xc8 ./src/main.o
 .debug_ranges  0x000000c8       0x38 ./src/sleep.o
 .debug_ranges  0x00000100       0x58 ./emlib/em_acmp.o
 .debug_ranges  0x00000158      0x158 ./emlib/em_cmu.o
 .debug_ranges  0x000002b0       0xb0 ./emlib/em_dma.o
 .debug_ranges  0x00000360       0x98 ./emlib/em_emu.o
 .debug_ranges  0x000003f8       0x60 ./emlib/em_gpio.o
 .debug_ranges  0x00000458       0x48 ./emlib/em_letimer.o
 .debug_ranges  0x000004a0       0x18 ./emlib/em_system.o
 .debug_ranges  0x000004b8       0x40 ./emlib/em_timer.o
 .debug_ranges  0x000004f8       0x60 ./CMSIS/efm32lg/system_efm32lg.o

.debug_line     0x00000000     0x2e57
 .debug_line    0x00000000      0x5c5 ./src/main.o
 .debug_line    0x000005c5      0x246 ./src/sleep.o
 .debug_line    0x0000080b      0x32e ./emlib/em_acmp.o
 .debug_line    0x00000b39      0x930 ./emlib/em_cmu.o
 .debug_line    0x00001469      0x4bc ./emlib/em_dma.o
 .debug_line    0x00001925      0x47d ./emlib/em_emu.o
 .debug_line    0x00001da2      0x348 ./emlib/em_gpio.o
 .debug_line    0x000020ea       0xf6 ./emlib/em_int.o
 .debug_line    0x000021e0      0x2d7 ./emlib/em_letimer.o
 .debug_line    0x000024b7      0x213 ./emlib/em_system.o
 .debug_line    0x000026ca      0x4a3 ./emlib/em_timer.o
 .debug_line    0x00002b6d       0x72 ./CMSIS/efm32lg/startup_gcc_efm32lg.o
 .debug_line    0x00002bdf      0x278 ./CMSIS/efm32lg/system_efm32lg.o

.debug_str      0x00000000     0x30f5
 .debug_str     0x00000000     0x13a5 ./src/main.o
                               0x1492 (size before relaxing)
 .debug_str     0x000013a5       0xad ./src/sleep.o
                                0x2fb (size before relaxing)
 .debug_str     0x00001452      0x170 ./emlib/em_acmp.o
                                0x648 (size before relaxing)
 .debug_str     0x000015c2      0x90d ./emlib/em_cmu.o
                                0xfa3 (size before relaxing)
 .debug_str     0x00001ecf      0x5d5 ./emlib/em_dma.o
                                0xd5f (size before relaxing)
 .debug_str     0x000024a4      0x41c ./emlib/em_emu.o
                                0x833 (size before relaxing)
 .debug_str     0x000028c0      0x143 ./emlib/em_gpio.o
                                0x5eb (size before relaxing)
 .debug_str     0x00002a03       0x12 ./emlib/em_int.o
                                0x1eb (size before relaxing)
 .debug_str     0x00002a15       0xb3 ./emlib/em_letimer.o
                                0x42d (size before relaxing)
 .debug_str     0x00002ac8       0x7b ./emlib/em_system.o
                                0x2bd (size before relaxing)
 .debug_str     0x00002b43      0x4a6 ./emlib/em_timer.o
                                0x973 (size before relaxing)
 .debug_str     0x00002fe9      0x10c ./CMSIS/efm32lg/system_efm32lg.o
                                0x49a (size before relaxing)

.debug_frame    0x00000000     0x1350
 .debug_frame   0x00000000      0x2c4 ./src/main.o
 .debug_frame   0x000002c4       0xb8 ./src/sleep.o
 .debug_frame   0x0000037c      0x138 ./emlib/em_acmp.o
 .debug_frame   0x000004b4      0x4dc ./emlib/em_cmu.o
 .debug_frame   0x00000990      0x27c ./emlib/em_dma.o
 .debug_frame   0x00000c0c      0x210 ./emlib/em_emu.o
 .debug_frame   0x00000e1c      0x154 ./emlib/em_gpio.o
 .debug_frame   0x00000f70       0xf4 ./emlib/em_letimer.o
 .debug_frame   0x00001064       0x48 ./emlib/em_system.o
 .debug_frame   0x000010ac       0xd8 ./emlib/em_timer.o
 .debug_frame   0x00001184      0x138 ./CMSIS/efm32lg/system_efm32lg.o
 .debug_frame   0x000012bc       0x28 c:/siliconlabs/simplicitystudio/v3/developer/toolchains/gnu_arm/4.8_2013q4/bin/../lib/gcc/arm-none-eabi/4.8.3/../../../../arm-none-eabi/lib/armv7-m\libc_s.a(lib_a-exit.o)
 .debug_frame   0x000012e4       0x2c c:/siliconlabs/simplicitystudio/v3/developer/toolchains/gnu_arm/4.8_2013q4/bin/../lib/gcc/arm-none-eabi/4.8.3/../../../../arm-none-eabi/lib/armv7-m\libc_s.a(lib_a-init.o)
 .debug_frame   0x00001310       0x20 c:/siliconlabs/simplicitystudio/v3/developer/toolchains/gnu_arm/4.8_2013q4/bin/../lib/gcc/arm-none-eabi/4.8.3/../../../../arm-none-eabi/lib/armv7-m\libc_s.a(lib_a-memset.o)
 .debug_frame   0x00001330       0x20 c:/siliconlabs/simplicitystudio/v3/developer/toolchains/gnu_arm/4.8_2013q4/bin/../lib/gcc/arm-none-eabi/4.8.3/../../../../arm-none-eabi/lib/armv7-m\libnosys.a(_exit.o)
