Archive member included to satisfy reference by file (symbol)

../src/ASF/thirdparty/wireless/ble_smart_sdk/lib/cm0/gcc\libblusdk.a(event.o)
                              src/ASF/thirdparty/wireless/ble_smart_sdk/ble_services/ble_mgr/ble_manager.o (at_ble_event_get)
../src/ASF/thirdparty/wireless/ble_smart_sdk/lib/cm0/gcc\libblusdk.a(gap.o)
                              src/ASF/thirdparty/wireless/ble_smart_sdk/ble_services/ble_mgr/ble_manager.o (at_ble_device_name_set)
../src/ASF/thirdparty/wireless/ble_smart_sdk/lib/cm0/gcc\libblusdk.a(gatt_client.o)
                              ../src/ASF/thirdparty/wireless/ble_smart_sdk/lib/cm0/gcc\libblusdk.a(gap.o) (init_gatt_client_module)
../src/ASF/thirdparty/wireless/ble_smart_sdk/lib/cm0/gcc\libblusdk.a(gatt_server.o)
                              ../src/ASF/thirdparty/wireless/ble_smart_sdk/lib/cm0/gcc\libblusdk.a(gap.o) (initi_gatt_server_module)
../src/ASF/thirdparty/wireless/ble_smart_sdk/lib/cm0/gcc\libblusdk.a(l2cc_task.o)
                              ../src/ASF/thirdparty/wireless/ble_smart_sdk/lib/cm0/gcc\libblusdk.a(gap.o) (init_l2cc_task_module)
../src/ASF/thirdparty/wireless/ble_smart_sdk/lib/cm0/gcc\libblusdk.a(security.o)
                              src/ASF/thirdparty/wireless/ble_smart_sdk/ble_services/ble_mgr/ble_manager.o (at_ble_authenticate)
../src/ASF/thirdparty/wireless/ble_smart_sdk/lib/cm0/gcc\libblusdk.a(htpt.o)
                              src/battery_info.o (at_ble_htpt_create_db)
../src/ASF/thirdparty/wireless/ble_smart_sdk/lib/cm0/gcc\libblusdk.a(interface.o)
                              ../src/ASF/thirdparty/wireless/ble_smart_sdk/lib/cm0/gcc\libblusdk.a(gap.o) (rx_callback)
../src/ASF/thirdparty/wireless/ble_smart_sdk/lib/cm0/gcc\libblusdk.a(calib_task.o)
                              ../src/ASF/thirdparty/wireless/ble_smart_sdk/lib/cm0/gcc\libblusdk.a(gap.o) (calib_config)
../src/ASF/thirdparty/wireless/ble_smart_sdk/lib/cm0/gcc\libblusdk.a(dbg_task.o)
                              ../src/ASF/thirdparty/wireless/ble_smart_sdk/lib/cm0/gcc\libblusdk.a(gap.o) (dbg_le_set_bd_addr_req_handler)
../src/ASF/thirdparty/wireless/ble_smart_sdk/lib/cm0/gcc\libblusdk.a(gapc_task.o)
                              ../src/ASF/thirdparty/wireless/ble_smart_sdk/lib/cm0/gcc\libblusdk.a(security.o) (check_ConnData_idx_role)
../src/ASF/thirdparty/wireless/ble_smart_sdk/lib/cm0/gcc\libblusdk.a(gapm_task.o)
                              ../src/ASF/thirdparty/wireless/ble_smart_sdk/lib/cm0/gcc\libblusdk.a(gap.o) (gapm_reset_req_handler)
../src/ASF/thirdparty/wireless/ble_smart_sdk/lib/cm0/gcc\libblusdk.a(gattc_task.o)
                              ../src/ASF/thirdparty/wireless/ble_smart_sdk/lib/cm0/gcc\libblusdk.a(gatt_server.o) (gattc_read_req_ind_parser)
../src/ASF/thirdparty/wireless/ble_smart_sdk/lib/cm0/gcc\libblusdk.a(gattm_task.o)
                              ../src/ASF/thirdparty/wireless/ble_smart_sdk/lib/cm0/gcc\libblusdk.a(gatt_server.o) (gattm_add_svc_req_handler)
../src/ASF/thirdparty/wireless/ble_smart_sdk/lib/cm0/gcc\libblusdk.a(htpt_task.o)
                              ../src/ASF/thirdparty/wireless/ble_smart_sdk/lib/cm0/gcc\libblusdk.a(htpt.o) (htpt_create_db_req_handler)
c:/program files (x86)/atmel/studio/7.0/toolchain/arm/arm-gnu-toolchain/bin/../lib/gcc/arm-none-eabi/5.3.1/armv6-m\libgcc.a(_thumb1_case_sqi.o)
                              ../src/ASF/thirdparty/wireless/ble_smart_sdk/lib/cm0/gcc\libblusdk.a(gap.o) (__gnu_thumb1_case_sqi)
c:/program files (x86)/atmel/studio/7.0/toolchain/arm/arm-gnu-toolchain/bin/../lib/gcc/arm-none-eabi/5.3.1/armv6-m\libgcc.a(_thumb1_case_uqi.o)
                              ../src/ASF/thirdparty/wireless/ble_smart_sdk/lib/cm0/gcc\libblusdk.a(gap.o) (__gnu_thumb1_case_uqi)
c:/program files (x86)/atmel/studio/7.0/toolchain/arm/arm-gnu-toolchain/bin/../lib/gcc/arm-none-eabi/5.3.1/armv6-m\libgcc.a(_udivsi3.o)
                              src/ASF/sam0/drivers/uart/uart.o (__aeabi_uidiv)
c:/program files (x86)/atmel/studio/7.0/toolchain/arm/arm-gnu-toolchain/bin/../lib/gcc/arm-none-eabi/5.3.1/armv6-m\libgcc.a(_dvmd_tls.o)
                              c:/program files (x86)/atmel/studio/7.0/toolchain/arm/arm-gnu-toolchain/bin/../lib/gcc/arm-none-eabi/5.3.1/armv6-m\libgcc.a(_udivsi3.o) (__aeabi_idiv0)
c:/program files (x86)/atmel/studio/7.0/toolchain/arm/arm-gnu-toolchain/bin/../lib/gcc/arm-none-eabi/5.3.1/armv6-m\libgcc.a(_fixunssfsi.o)
                              src/battery_info.o (__aeabi_f2uiz)
c:/program files (x86)/atmel/studio/7.0/toolchain/arm/arm-gnu-toolchain/bin/../lib/gcc/arm-none-eabi/5.3.1/armv6-m\libgcc.a(_fixunsdfsi.o)
                              src/ASF/thirdparty/wireless/ble_smart_sdk/services/uart/console_serial.o (__aeabi_d2uiz)
c:/program files (x86)/atmel/studio/7.0/toolchain/arm/arm-gnu-toolchain/bin/../lib/gcc/arm-none-eabi/5.3.1/armv6-m\libgcc.a(mulsf3.o)
                              src/battery_info.o (__aeabi_fmul)
[...]
Memory Configuration

Name             Origin             Length             Attributes
ram              0x10008000         0x00017800         xrw
lram             0x1001f800         0x00000800         xrw
*default*        0x00000000         0xffffffff

Linker script and memory map

LOAD c:/program files (x86)/atmel/studio/7.0/toolchain/arm/arm-gnu-toolchain/bin/../lib/gcc/arm-none-eabi/5.3.1/armv6-m/crti.o
LOAD c:/program files (x86)/atmel/studio/7.0/toolchain/arm/arm-gnu-toolchain/bin/../lib/gcc/arm-none-eabi/5.3.1/armv6-m/crtbegin.o
LOAD c:/program files (x86)/atmel/studio/7.0/toolchain/arm/arm-gnu-toolchain/bin/../lib/gcc/arm-none-eabi/5.3.1/../../../../arm-none-eabi/lib/armv6-m/crt0.o
LOAD src/ASF/common2/components/memory/eeprom/at30tse75x/at30tse75x.o
LOAD src/ASF/sam0/drivers/dma/dma_sam_b.o
LOAD src/ASF/sam0/drivers/i2c/i2c_master.o
LOAD src/ASF/sam0/drivers/i2c/i2c_master_interrupt.o
LOAD src/ASF/common/utils/interrupt/interrupt_sam_nvic.o
LOAD src/ASF/sam0/boards/samb11_xplained_pro/board_init.o
LOAD src/ASF/sam0/drivers/aon_sleep_timer/aon_sleep_timer.o
LOAD src/ASF/sam0/drivers/dualtimer/dualtimer.o
LOAD src/ASF/sam0/drivers/gpio/gpio.o
LOAD src/ASF/sam0/drivers/system/system_sam_b.o
LOAD src/ASF/sam0/drivers/timer/timer.o
LOAD src/ASF/sam0/drivers/uart/uart.o
LOAD src/ASF/sam0/utils/cmsis/samb11/source/gcc/startup_samb11.o
LOAD src/ASF/sam0/utils/cmsis/samb11/source/system_samb11.o
LOAD src/ASF/sam0/utils/stdio/read.o
LOAD src/ASF/sam0/utils/stdio/write.o
LOAD src/ASF/sam0/utils/syscalls/gcc/syscalls.o
LOAD src/ASF/thirdparty/wireless/ble_smart_sdk/ble_services/battery/battery.o
LOAD src/ASF/thirdparty/wireless/ble_smart_sdk/ble_services/ble_mgr/ble_manager.o
LOAD src/ASF/thirdparty/wireless/ble_smart_sdk/services/aon_sleep_timer/aon_sleep_timer_basic.o
LOAD src/ASF/thirdparty/wireless/ble_smart_sdk/services/dualtimer/timer_hw.o
LOAD src/ASF/thirdparty/wireless/ble_smart_sdk/services/gpio/button.o
LOAD src/ASF/thirdparty/wireless/ble_smart_sdk/services/gpio/led.o
LOAD src/ASF/thirdparty/wireless/ble_smart_sdk/services/uart/console_serial.o
LOAD src/ASF/thirdparty/wireless/ble_smart_sdk/src/event_handler.o
LOAD src/ASF/thirdparty/wireless/ble_smart_sdk/src/platform_drv.o
LOAD src/ASF/thirdparty/wireless/ble_smart_sdk/src/port_from_sdk.o
LOAD src/battery_info.o
START GROUP
LOAD ../src/ASF/thirdparty/CMSIS/Lib/GCC\libarm_cortexM0l_math.a
LOAD ../src/ASF/thirdparty/wireless/ble_smart_sdk/lib/cm0/gcc\libblusdk.a
LOAD c:/program files (x86)/atmel/studio/7.0/toolchain/arm/arm-gnu-toolchain/bin/../lib/gcc/arm-none-eabi/5.3.1/../../../../arm-none-eabi/lib/armv6-m\libm.a
END GROUP
START GROUP
LOAD c:/program files (x86)/atmel/studio/7.0/toolchain/arm/arm-gnu-toolchain/bin/../lib/gcc/arm-none-eabi/5.3.1/armv6-m\libgcc.a
LOAD c:/program files (x86)/atmel/studio/7.0/toolchain/arm/arm-gnu-toolchain/bin/../lib/gcc/arm-none-eabi/5.3.1/../../../../arm-none-eabi/lib/armv6-m\libc_nano.a
END GROUP
START GROUP
LOAD c:/program files (x86)/atmel/studio/7.0/toolchain/arm/arm-gnu-toolchain/bin/../lib/gcc/arm-none-eabi/5.3.1/armv6-m\libgcc.a
LOAD c:/program files (x86)/atmel/studio/7.0/toolchain/arm/arm-gnu-toolchain/bin/../lib/gcc/arm-none-eabi/5.3.1/../../../../arm-none-eabi/lib/armv6-m\libc_nano.a
END GROUP
LOAD c:/program files (x86)/atmel/studio/7.0/toolchain/arm/arm-gnu-toolchain/bin/../lib/gcc/arm-none-eabi/5.3.1/armv6-m/crtend.o
LOAD c:/program files (x86)/atmel/studio/7.0/toolchain/arm/arm-gnu-toolchain/bin/../lib/gcc/arm-none-eabi/5.3.1/armv6-m/crtn.o
                0x00000800                STACK_SIZE = DEFINED (STACK_SIZE)?STACK_SIZE:DEFINED (__stack_size__)?__stack_size__:0x800

.text           0x10008000     0xb83c
                0x10008000                . = ALIGN (0x4)
                0x10008000                _sfixed = .
 *(.test.main .text.app_entry)
 .text.app_entry
                0x10008000       0x88 src/ASF/sam0/utils/cmsis/samb11/source/gcc/startup_samb11.o
                0x10008000                app_entry
 *(.text .text.* .gnu.linkonce.t.*)
 .text          0x10008088       0x60 c:/program files (x86)/atmel/studio/7.0/toolchain/arm/arm-gnu-toolchain/bin/../lib/gcc/arm-none-eabi/5.3.1/armv6-m/crtbegin.o
 .text.at30tse_init
                0x100080e8       0x48 src/ASF/common2/components/memory/eeprom/at30tse75x/at30tse75x.o
                0x100080e8                at30tse_init
 .text.at30tse_read_register
                0x10008130       0x4c src/ASF/common2/components/memory/eeprom/at30tse75x/at30tse75x.o
                0x10008130                at30tse_read_register
 .text.at30tse_write_register
                0x1000817c       0x30 src/ASF/common2/components/memory/eeprom/at30tse75x/at30tse75x.o
                0x1000817c                at30tse_write_register
 .text.at30tse_write_config_register
                0x100081ac       0x24 src/ASF/common2/components/memory/eeprom/at30tse75x/at30tse75x.o
                0x100081ac                at30tse_write_config_register
 .text.at30tse_read_temperature
                0x100081d0       0xac src/ASF/common2/components/memory/eeprom/at30tse75x/at30tse75x.o
                0x100081d0                at30tse_read_temperature
 .text.dma_isr_handler
                0x1000827c      0x110 src/ASF/sam0/drivers/dma/dma_sam_b.o
 .text.dma_get_config_defaults
                0x1000838c       0x30 src/ASF/sam0/drivers/dma/dma_sam_b.o
                0x1000838c                dma_get_config_defaults
 .text.dma_add_descriptor
                0x100083bc       0xa8 src/ASF/sam0/drivers/dma/dma_sam_b.o
                0x100083bc                dma_add_descriptor
 .text.dma_start_transfer_job
                0x10008464       0x78 src/ASF/sam0/drivers/dma/dma_sam_b.o
                0x10008464                dma_start_transfer_job
 .text.dma_allocate
                0x100084dc      0x1c0 src/ASF/sam0/drivers/dma/dma_sam_b.o
                0x100084dc                dma_allocate
 .text._i2c_master_read_packet
                0x1000869c       0x7c src/ASF/sam0/drivers/i2c/i2c_master.o
 .text._i2c_master_write_packet
                0x10008718       0x60 src/ASF/sam0/drivers/i2c/i2c_master.o
 .text.i2c_master_get_config_defaults
                0x10008778       0x18 src/ASF/sam0/drivers/i2c/i2c_master.o
                0x10008778                i2c_master_get_config_defaults
 .text.i2c_master_init
                0x10008790       0xe4 src/ASF/sam0/drivers/i2c/i2c_master.o
                0x10008790                i2c_master_init
 .text.i2c_master_read_packet_wait
                0x10008874       0x30 src/ASF/sam0/drivers/i2c/i2c_master.o
                0x10008874                i2c_master_read_packet_wait
 .text.i2c_master_write_packet_wait
                0x100088a4       0x30 src/ASF/sam0/drivers/i2c/i2c_master.o
                0x100088a4                i2c_master_write_packet_wait
 .text.i2c_master_write_packet_wait_no_stop
                0x100088d4       0x30 src/ASF/sam0/drivers/i2c/i2c_master.o
                0x100088d4                i2c_master_write_packet_wait_no_stop
 .text._i2c_master_isr_handler
                0x10008904      0x174 src/ASF/sam0/drivers/i2c/i2c_master_interrupt.o
                0x10008904                _i2c_master_isr_handler
 .text.aon_sleep_timer_get_config_defaults
                0x10008a78       0x10 src/ASF/sam0/drivers/aon_sleep_timer/aon_sleep_timer.o
                0x10008a78                aon_sleep_timer_get_config_defaults
 .text.aon_sleep_timer_disable
                0x10008a88       0x20 src/ASF/sam0/drivers/aon_sleep_timer/aon_sleep_timer.o
                0x10008a88                aon_sleep_timer_disable
 .text.aon_sleep_timer_sleep_timer_active
                0x10008aa8       0x10 src/ASF/sam0/drivers/aon_sleep_timer/aon_sleep_timer.o
                0x10008aa8                aon_sleep_timer_sleep_timer_active
 .text.aon_sleep_timer_clear_interrup
                0x10008ab8       0x10 src/ASF/sam0/drivers/aon_sleep_timer/aon_sleep_timer.o
                0x10008ab8                aon_sleep_timer_clear_interrup
 .text.aon_sleep_timer_isr_handler
                0x10008ac8       0x1c src/ASF/sam0/drivers/aon_sleep_timer/aon_sleep_timer.o
 .text.aon_sleep_timer_register_callback
                0x10008ae4        0xc src/ASF/sam0/drivers/aon_sleep_timer/aon_sleep_timer.o
                0x10008ae4                aon_sleep_timer_register_callback
 .text.aon_sleep_timer_unregister_callback
                0x10008af0        0xc src/ASF/sam0/drivers/aon_sleep_timer/aon_sleep_timer.o
                0x10008af0                aon_sleep_timer_unregister_callback
 .text.aon_sleep_timer_init
                0x10008afc       0xc4 src/ASF/sam0/drivers/aon_sleep_timer/aon_sleep_timer.o
                0x10008afc                aon_sleep_timer_init
 .text.dualtimer_isr_handler
                0x10008bc0       0x44 src/ASF/sam0/drivers/dualtimer/dualtimer.o
 .text.dualtimer_get_config_defaults
                0x10008c04       0x24 src/ASF/sam0/drivers/dualtimer/dualtimer.o
                0x10008c04                dualtimer_get_config_defaults
 .text.dualtimer_set_counter
                0x10008c28       0x28 src/ASF/sam0/drivers/dualtimer/dualtimer.o
                0x10008c28                dualtimer_set_counter
 .text.dualtimer_enable
                0x10008c50       0x24 src/ASF/sam0/drivers/dualtimer/dualtimer.o
                0x10008c50                dualtimer_enable
 .text.dualtimer_disable
                0x10008c74       0x24 src/ASF/sam0/drivers/dualtimer/dualtimer.o
                0x10008c74                dualtimer_disable
 .text.dualtimer_init
                0x10008c98      0x104 src/ASF/sam0/drivers/dualtimer/dualtimer.o
                0x10008c98                dualtimer_init
 .text.dualtimer_register_callback
                0x10008d9c       0x18 src/ASF/sam0/drivers/dualtimer/dualtimer.o
                0x10008d9c                dualtimer_register_callback
 .text.gpio_get_config_defaults
                0x10008db4       0x10 src/ASF/sam0/drivers/gpio/gpio.o
                0x10008db4                gpio_get_config_defaults
 .text.gpio_pin_set_config
                0x10008dc4      0x1b8 src/ASF/sam0/drivers/gpio/gpio.o
                0x10008dc4                gpio_pin_set_config
 .text.gpio_pin_set_output_level
                0x10008f7c       0x8c src/ASF/sam0/drivers/gpio/gpio.o
                0x10008f7c                gpio_pin_set_output_level
 .text.gpio_pinmux_cofiguration
                0x10009008      0x14c src/ASF/sam0/drivers/gpio/gpio.o
                0x10009008                gpio_pinmux_cofiguration
 .text.system_clock_config
                0x10009154       0x84 src/ASF/sam0/drivers/system/system_sam_b.o
                0x10009154                system_clock_config
 .text.system_clock_get_value
                0x100091d8        0xc src/ASF/sam0/drivers/system/system_sam_b.o
                0x100091d8                system_clock_get_value
 .text.system_clock_peripheral_enable
                0x100091e4      0x35c src/ASF/sam0/drivers/system/system_sam_b.o
                0x100091e4                system_clock_peripheral_enable
 .text.system_peripheral_reset
                0x10009540      0x468 src/ASF/sam0/drivers/system/system_sam_b.o
                0x10009540                system_peripheral_reset
 .text.system_register_isr
                0x100099a8       0x10 src/ASF/sam0/drivers/system/system_sam_b.o
                0x100099a8                system_register_isr
 .text.uart_rx0_isr_handler
                0x100099b8       0x88 src/ASF/sam0/drivers/uart/uart.o
 .text.uart_tx0_isr_handler
                0x10009a40       0x8c src/ASF/sam0/drivers/uart/uart.o
 .text.uart_rx1_isr_handler
                0x10009acc       0x88 src/ASF/sam0/drivers/uart/uart.o
 .text.uart_tx1_isr_handler
                0x10009b54       0x8c src/ASF/sam0/drivers/uart/uart.o
 .text.uart_get_config_defaults
                0x10009be0       0x2c src/ASF/sam0/drivers/uart/uart.o
                0x10009be0                uart_get_config_defaults
 .text.uart_init
                0x10009c0c      0x1bc src/ASF/sam0/drivers/uart/uart.o
                0x10009c0c                uart_init
 .text.uart_write_wait
                0x10009dc8       0x10 src/ASF/sam0/drivers/uart/uart.o
                0x10009dc8                uart_write_wait
 .text.uart_read_wait
                0x10009dd8       0x14 src/ASF/sam0/drivers/uart/uart.o
                0x10009dd8                uart_read_wait
 .text.uart_read_buffer_job
                0x10009dec       0x28 src/ASF/sam0/drivers/uart/uart.o
                0x10009dec                uart_read_buffer_job
 .text.uart_register_callback
                0x10009e14       0x14 src/ASF/sam0/drivers/uart/uart.o
                0x10009e14                uart_register_callback
 .text.uart_enable_callback
                0x10009e28       0x20 src/ASF/sam0/drivers/uart/uart.o
                0x10009e28                uart_enable_callback
 .text.uart_disable_callback
                0x10009e48       0x20 src/ASF/sam0/drivers/uart/uart.o
                0x10009e48                uart_disable_callback
 .text.uart_enable_transmit_dma
                0x10009e68       0x38 src/ASF/sam0/drivers/uart/uart.o
                0x10009e68                uart_enable_transmit_dma
 .text.uart_enable_receive_dma
                0x10009ea0       0x38 src/ASF/sam0/drivers/uart/uart.o
                0x10009ea0                uart_enable_receive_dma
 .text._read    0x10009ed8       0x40 src/ASF/sam0/utils/stdio/read.o
                0x10009ed8                _read
 .text._write   0x10009f18       0x50 src/ASF/sam0/utils/stdio/write.o
                0x10009f18                _write
 .text._sbrk    0x10009f68       0x24 src/ASF/sam0/utils/syscalls/gcc/syscalls.o
                0x10009f68                _sbrk
 .text._close   0x10009f8c        0x8 src/ASF/sam0/utils/syscalls/gcc/syscalls.o
                0x10009f8c                _close
 .text._fstat   0x10009f94        0xc src/ASF/sam0/utils/syscalls/gcc/syscalls.o
                0x10009f94                _fstat
 .text._isatty  0x10009fa0        0x4 src/ASF/sam0/utils/syscalls/gcc/syscalls.o
                0x10009fa0                _isatty
 .text._lseek   0x10009fa4        0x4 src/ASF/sam0/utils/syscalls/gcc/syscalls.o
                0x10009fa4                _lseek
 .text.bat_init_service
                0x10009fa8       0x70 src/ASF/thirdparty/wireless/ble_smart_sdk/ble_services/battery/battery.o
                0x10009fa8                bat_init_service
 .text.bat_primary_service_define
                0x1000a018       0x24 src/ASF/thirdparty/wireless/ble_smart_sdk/ble_services/battery/battery.o
                0x1000a018                bat_primary_service_define
 .text.bat_update_char_value
                0x1000a03c       0x80 src/ASF/thirdparty/wireless/ble_smart_sdk/ble_services/battery/battery.o
                0x1000a03c                bat_update_char_value
 .text.bat_char_changed_event
                0x1000a0bc       0x8c src/ASF/thirdparty/wireless/ble_smart_sdk/ble_services/battery/battery.o
                0x1000a0bc                bat_char_changed_event
 .text.ble_undefined_event_handler
                0x1000a148        0x4 src/ASF/thirdparty/wireless/ble_smart_sdk/ble_services/ble_mgr/ble_manager.o
                0x1000a148                ble_undefined_event_handler
 .text.ble_mtu_changed_indication_handler
                0x1000a14c        0x4 src/ASF/thirdparty/wireless/ble_smart_sdk/ble_services/ble_mgr/ble_manager.o
                0x1000a14c                ble_mtu_changed_indication_handler
 .text.ble_characteristic_write_cmd_complete_handler
                0x1000a150        0xc src/ASF/thirdparty/wireless/ble_smart_sdk/ble_services/ble_mgr/ble_manager.o
                0x1000a150                ble_characteristic_write_cmd_complete_handler
 .text.ble_conn_param_update
                0x1000a15c        0x4 src/ASF/thirdparty/wireless/ble_smart_sdk/ble_services/ble_mgr/ble_manager.o
                0x1000a15c                ble_conn_param_update
 .text.ble_scan_report_handler
                0x1000a160       0x28 src/ASF/thirdparty/wireless/ble_smart_sdk/ble_services/ble_mgr/ble_manager.o
                0x1000a160                ble_scan_report_handler
 .text.ble_mtu_changed_cmd_complete_handler
                0x1000a188       0x30 src/ASF/thirdparty/wireless/ble_smart_sdk/ble_services/ble_mgr/ble_manager.o
                0x1000a188                ble_mtu_changed_cmd_complete_handler
 .text.ble_disconnected_state_handler
                0x1000a1b8       0x88 src/ASF/thirdparty/wireless/ble_smart_sdk/ble_services/ble_mgr/ble_manager.o
                0x1000a1b8                ble_disconnected_state_handler
 .text.ble_encryption_status_change_handler
                0x1000a240       0xc4 src/ASF/thirdparty/wireless/ble_smart_sdk/ble_services/ble_mgr/ble_manager.o
                0x1000a240                ble_encryption_status_change_handler
 .text.ble_scan_info_handler
                0x1000a304       0x80 src/ASF/thirdparty/wireless/ble_smart_sdk/ble_services/ble_mgr/ble_manager.o
                0x1000a304                ble_scan_info_handler
 .text.ble_pair_done_handler
                0x1000a384      0x120 src/ASF/thirdparty/wireless/ble_smart_sdk/ble_services/ble_mgr/ble_manager.o
                0x1000a384                ble_pair_done_handler
 .text.ble_conn_param_update_req
                0x1000a4a4       0x18 src/ASF/thirdparty/wireless/ble_smart_sdk/ble_services/ble_mgr/ble_manager.o
                0x1000a4a4                ble_conn_param_update_req
 .text.ble_slave_security_request_handler
                0x1000a4bc      0x1ec src/ASF/thirdparty/wireless/ble_smart_sdk/ble_services/ble_mgr/ble_manager.o
                0x1000a4bc                ble_slave_security_request_handler
 .text.ble_pair_request_handler
                0x1000a6a8      0x154 src/ASF/thirdparty/wireless/ble_smart_sdk/ble_services/ble_mgr/ble_manager.o
                0x1000a6a8                ble_pair_request_handler
 .text.ble_pair_key_request_handler
                0x1000a7fc      0x144 src/ASF/thirdparty/wireless/ble_smart_sdk/ble_services/ble_mgr/ble_manager.o
                0x1000a7fc                ble_pair_key_request_handler
 .text.ble_encryption_request_handler
                0x1000a940       0xec src/ASF/thirdparty/wireless/ble_smart_sdk/ble_services/ble_mgr/ble_manager.o
                0x1000a940                ble_encryption_request_handler
 .text.ble_mgr_events_callback_handler
                0x1000aa2c       0xd0 src/ASF/thirdparty/wireless/ble_smart_sdk/ble_services/ble_mgr/ble_manager.o
                0x1000aa2c                ble_mgr_events_callback_handler
 .text.ble_device_init
                0x1000aafc      0x2c0 src/ASF/thirdparty/wireless/ble_smart_sdk/ble_services/ble_mgr/ble_manager.o
                0x1000aafc                ble_device_init
 .text.ble_send_slave_sec_request
                0x1000adbc       0x34 src/ASF/thirdparty/wireless/ble_smart_sdk/ble_services/ble_mgr/ble_manager.o
                0x1000adbc                ble_send_slave_sec_request
 .text.ble_connected_state_handler
                0x1000adf0      0x23c src/ASF/thirdparty/wireless/ble_smart_sdk/ble_services/ble_mgr/ble_manager.o
                0x1000adf0                ble_connected_state_handler
 .text.ble_resolv_rand_addr_handler
                0x1000b02c       0xec src/ASF/thirdparty/wireless/ble_smart_sdk/ble_services/ble_mgr/ble_manager.o
                0x1000b02c                ble_resolv_rand_addr_handler
 .text.ble_event_manager
                0x1000b118      0x128 src/ASF/thirdparty/wireless/ble_smart_sdk/ble_services/ble_mgr/ble_manager.o
                0x1000b118                ble_event_manager
 .text.ble_event_task
                0x1000b240       0x30 src/ASF/thirdparty/wireless/ble_smart_sdk/ble_services/ble_mgr/ble_manager.o
                0x1000b240                ble_event_task
 .text.ble_advertisement_data_set
                0x1000b270       0x88 src/ASF/thirdparty/wireless/ble_smart_sdk/ble_services/ble_mgr/ble_manager.o
                0x1000b270                ble_advertisement_data_set
 .text.aon_sleep_timer_service_init
                0x1000b2f8       0x34 src/ASF/thirdparty/wireless/ble_smart_sdk/services/aon_sleep_timer/aon_sleep_timer_basic.o
                0x1000b2f8                aon_sleep_timer_service_init
 .text.aon_sleep_timer_service_start
                0x1000b32c       0x34 src/ASF/thirdparty/wireless/ble_smart_sdk/services/aon_sleep_timer/aon_sleep_timer_basic.o
                0x1000b32c                aon_sleep_timer_service_start
 .text.aon_sleep_timer_service_stop
                0x1000b360       0x34 src/ASF/thirdparty/wireless/ble_smart_sdk/services/aon_sleep_timer/aon_sleep_timer_basic.o
                0x1000b360                aon_sleep_timer_service_stop
 .text.dualtimer_callback2
                0x1000b394        0x4 src/ASF/thirdparty/wireless/ble_smart_sdk/services/dualtimer/timer_hw.o
                0x1000b394                dualtimer_callback2
 .text.hw_timer_init
                0x1000b398       0x2c src/ASF/thirdparty/wireless/ble_smart_sdk/services/dualtimer/timer_hw.o
                0x1000b398                hw_timer_init
 .text.hw_timer_register_callback
                0x1000b3c4       0x34 src/ASF/thirdparty/wireless/ble_smart_sdk/services/dualtimer/timer_hw.o
                0x1000b3c4                hw_timer_register_callback
 .text.hw_timer_start
                0x1000b3f8       0x2c src/ASF/thirdparty/wireless/ble_smart_sdk/services/dualtimer/timer_hw.o
                0x1000b3f8                hw_timer_start
 .text.hw_timer_stop
                0x1000b424       0x10 src/ASF/thirdparty/wireless/ble_smart_sdk/services/dualtimer/timer_hw.o
                0x1000b424                hw_timer_stop
 .text.uart_read_complete_callback
                0x1000b434       0x54 src/ASF/thirdparty/wireless/ble_smart_sdk/services/uart/console_serial.o
 .text.usart_serial_getchar
                0x1000b488       0x18 src/ASF/thirdparty/wireless/ble_smart_sdk/services/uart/console_serial.o
 .text.usart_serial_putchar
                0x1000b4a0       0x18 src/ASF/thirdparty/wireless/ble_smart_sdk/services/uart/console_serial.o
 .text.serial_console_init
                0x1000b4b8       0xa8 src/ASF/thirdparty/wireless/ble_smart_sdk/services/uart/console_serial.o
                0x1000b4b8                serial_console_init
 .text._time_start
                0x1000b560       0x58 src/ASF/thirdparty/wireless/ble_smart_sdk/services/uart/console_serial.o
                0x1000b560                _time_start
 .text._time_done
                0x1000b5b8       0x10 src/ASF/thirdparty/wireless/ble_smart_sdk/services/uart/console_serial.o
                0x1000b5b8                _time_done
 .text.getchar_b11_timeout
                0x1000b5c8       0x6c src/ASF/thirdparty/wireless/ble_smart_sdk/services/uart/console_serial.o
                0x1000b5c8                getchar_b11_timeout
 .text.platform_event_free
                0x1000b634       0x10 src/ASF/thirdparty/wireless/ble_smart_sdk/src/event_handler.o
                0x1000b634                platform_event_free
 .text.platform_event_post
                0x1000b644       0x38 src/ASF/thirdparty/wireless/ble_smart_sdk/src/event_handler.o
                0x1000b644                platform_event_post
 .text.platform_event_init
                0x1000b67c       0x30 src/ASF/thirdparty/wireless/ble_smart_sdk/src/event_handler.o
                0x1000b67c                platform_event_init
 .text.at_ke_msg_send
                0x1000b6ac       0x78 src/ASF/thirdparty/wireless/ble_smart_sdk/src/platform_drv.o
 .text.samb11_plf_resume_callback
                0x1000b724       0x2c src/ASF/thirdparty/wireless/ble_smart_sdk/src/platform_drv.o
                0x1000b724                samb11_plf_resume_callback
 .text.init_port_list
                0x1000b750       0x44 src/ASF/thirdparty/wireless/ble_smart_sdk/src/platform_drv.o
                0x1000b750                init_port_list
 .text.init_clock
                0x1000b794       0x30 src/ASF/thirdparty/wireless/ble_smart_sdk/src/platform_drv.o
                0x1000b794                init_clock
 .text.platform_driver_init
                0x1000b7c4      0x244 src/ASF/thirdparty/wireless/ble_smart_sdk/src/platform_drv.o
                0x1000b7c4                platform_driver_init
 .text.platform_register_ble_msg_handler
                0x1000ba08       0x1c src/ASF/thirdparty/wireless/ble_smart_sdk/src/platform_drv.o
                0x1000ba08                platform_register_ble_msg_handler
 .text.platform_interface_send
                0x1000ba24       0x50 src/ASF/thirdparty/wireless/ble_smart_sdk/src/platform_drv.o
                0x1000ba24                platform_interface_send
 .text.send_plf_int_msg_ind
                0x1000ba74       0x40 src/ASF/thirdparty/wireless/ble_smart_sdk/src/platform_drv.o
                0x1000ba74                send_plf_int_msg_ind
 .text.platform_event_wait
                0x1000bab4      0x264 src/ASF/thirdparty/wireless/ble_smart_sdk/src/platform_drv.o
                0x1000bab4                platform_event_wait
 .text.acquire_sleep_lock
                0x1000bd18       0x14 src/ASF/thirdparty/wireless/ble_smart_sdk/src/platform_drv.o
                0x1000bd18                acquire_sleep_lock
 .text.release_message_lock
                0x1000bd2c       0x14 src/ASF/thirdparty/wireless/ble_smart_sdk/src/platform_drv.o
                0x1000bd2c                release_message_lock
 .text.register_resume_callback
                0x1000bd40       0x14 src/ASF/thirdparty/wireless/ble_smart_sdk/src/platform_drv.o
                0x1000bd40                register_resume_callback
 .text.gpio1_combined_isr_handler
                0x1000bd54       0x70 src/ASF/thirdparty/wireless/ble_smart_sdk/src/port_from_sdk.o
                0x1000bd54                gpio1_combined_isr_handler
 .text.gpio0_combined_isr_handler
                0x1000bdc4       0x6c src/ASF/thirdparty/wireless/ble_smart_sdk/src/port_from_sdk.o
                0x1000bdc4                gpio0_combined_isr_handler
 .text.PORT1_COMB_Handler
                0x1000be30       0x44 src/ASF/thirdparty/wireless/ble_smart_sdk/src/port_from_sdk.o
                0x1000be30                PORT1_COMB_Handler
 .text.wakeup_int_unregister_callback
                0x1000be74       0x18 src/ASF/thirdparty/wireless/ble_smart_sdk/src/port_from_sdk.o
                0x1000be74                wakeup_int_unregister_callback
 .text.wakeup_active_event_callback
                0x1000be8c       0x5c src/ASF/thirdparty/wireless/ble_smart_sdk/src/port_from_sdk.o
                0x1000be8c                wakeup_active_event_callback
 .text.ble_paired_app_event
                0x1000bee8       0x10 src/battery_info.o
 .text.ble_connected_app_event
                0x1000bef8       0x10 src/battery_info.o
 .text.ble_notification_confirmed_app_event
                0x1000bf08       0x14 src/battery_info.o
 .text.resume_cb
                0x1000bf1c       0x14 src/battery_info.o
                0x1000bf1c                resume_cb
 .text.app_htpt_cfg_indntf_ind_handler
                0x1000bf30       0x38 src/battery_info.o
 .text.transfer_done_tx
                0x1000bf68       0x14 src/battery_info.o
 .text.ble_char_changed_app_event
                0x1000bf7c       0x58 src/battery_info.o
 .text.aon_sleep_timer_callback
                0x1000bfd4       0x20 src/battery_info.o
 .text.timer_callback_handler
                0x1000bff4       0x20 src/battery_info.o
 .text.battery_service_advertise
                0x1000c014       0x84 src/battery_info.o
 .text.ble_disconnected_app_event
                0x1000c098       0x2c src/battery_info.o
 .text.ble_disconnected_cb
                0x1000c0c4       0x84 src/battery_info.o
 .text.ble_paired_cb
                0x1000c148       0x44 src/battery_info.o
 .text.transfer_done_rx
                0x1000c18c       0x90 src/battery_info.o
 .text.led_config
                0x1000c21c       0x30 src/battery_info.o
                0x1000c21c                led_config
 .text.main     0x1000c24c      0x3e0 src/battery_info.o
                0x1000c24c                main
 .text.internal_event_post
                0x1000c62c       0x5c ../src/ASF/thirdparty/wireless/ble_smart_sdk/lib/cm0/gcc\libblusdk.a(event.o)
                0x1000c62c                internal_event_post
 .text.internal_event_init
                0x1000c688       0x2c ../src/ASF/thirdparty/wireless/ble_smart_sdk/lib/cm0/gcc\libblusdk.a(event.o)
                0x1000c688                internal_event_init
 .text.special_events_handler
                0x1000c6b4       0x90 ../src/ASF/thirdparty/wireless/ble_smart_sdk/lib/cm0/gcc\libblusdk.a(event.o)
                0x1000c6b4                special_events_handler
 .text.at_ble_event_get
                0x1000c744      0x6d8 ../src/ASF/thirdparty/wireless/ble_smart_sdk/lib/cm0/gcc\libblusdk.a(event.o)
                0x1000c744                at_ble_event_get
 .text.internal_event_flush
                0x1000ce1c       0x44 ../src/ASF/thirdparty/wireless/ble_smart_sdk/lib/cm0/gcc\libblusdk.a(event.o)
                0x1000ce1c                internal_event_flush
 .text.internal_conn_flush
                0x1000ce60       0x54 ../src/ASF/thirdparty/wireless/ble_smart_sdk/lib/cm0/gcc\libblusdk.a(event.o)
                0x1000ce60                internal_conn_flush
 .text.at_ble_device_name_set
                0x1000ceb4       0x34 ../src/ASF/thirdparty/wireless/ble_smart_sdk/lib/cm0/gcc\libblusdk.a(gap.o)
                0x1000ceb4                at_ble_device_name_set
 .text.at_ble_addr_get
                0x1000cee8       0x24 ../src/ASF/thirdparty/wireless/ble_smart_sdk/lib/cm0/gcc\libblusdk.a(gap.o)
                0x1000cee8                at_ble_addr_get
 .text.at_ble_set_dev_config
                0x1000cf0c       0x90 ../src/ASF/thirdparty/wireless/ble_smart_sdk/lib/cm0/gcc\libblusdk.a(gap.o)
                0x1000cf0c                at_ble_set_dev_config
 .text.at_ble_init
                0x1000cf9c      0x1b4 ../src/ASF/thirdparty/wireless/ble_smart_sdk/lib/cm0/gcc\libblusdk.a(gap.o)
                0x1000cf9c                at_ble_init
 .text.at_ble_addr_set
                0x1000d150       0x54 ../src/ASF/thirdparty/wireless/ble_smart_sdk/lib/cm0/gcc\libblusdk.a(gap.o)
                0x1000d150                at_ble_addr_set
 .text.at_ble_adv_data_set
                0x1000d1a4       0x84 ../src/ASF/thirdparty/wireless/ble_smart_sdk/lib/cm0/gcc\libblusdk.a(gap.o)
                0x1000d1a4                at_ble_adv_data_set
 .text.at_ble_adv_start
                0x1000d228      0x13c ../src/ASF/thirdparty/wireless/ble_smart_sdk/lib/cm0/gcc\libblusdk.a(gap.o)
                0x1000d228                at_ble_adv_start
 .text.at_ble_scan_stop
                0x1000d364       0x20 ../src/ASF/thirdparty/wireless/ble_smart_sdk/lib/cm0/gcc\libblusdk.a(gap.o)
                0x1000d364                at_ble_scan_stop
 .text.at_ble_disconnect
                0x1000d384       0x20 ../src/ASF/thirdparty/wireless/ble_smart_sdk/lib/cm0/gcc\libblusdk.a(gap.o)
                0x1000d384                at_ble_disconnect
 .text.at_ble_conn_update_reply
                0x1000d3a4        0xc ../src/ASF/thirdparty/wireless/ble_smart_sdk/lib/cm0/gcc\libblusdk.a(gap.o)
                0x1000d3a4                at_ble_conn_update_reply
 .text.at_ble_random_address_resolve
                0x1000d3b0       0x28 ../src/ASF/thirdparty/wireless/ble_smart_sdk/lib/cm0/gcc\libblusdk.a(gap.o)
                0x1000d3b0                at_ble_random_address_resolve
 .text.at_ble_uuid_type2len
                0x1000d3d8       0x14 ../src/ASF/thirdparty/wireless/ble_smart_sdk/lib/cm0/gcc\libblusdk.a(gap.o)
                0x1000d3d8                at_ble_uuid_type2len
 .text.at_ble_uuid_len2type
                0x1000d3ec       0x14 ../src/ASF/thirdparty/wireless/ble_smart_sdk/lib/cm0/gcc\libblusdk.a(gap.o)
                0x1000d3ec                at_ble_uuid_len2type
 .text.init_gatt_client_module
                0x1000d400        0xc ../src/ASF/thirdparty/wireless/ble_smart_sdk/lib/cm0/gcc\libblusdk.a(gatt_client.o)
                0x1000d400                init_gatt_client_module
 .text.db_searchATT
                0x1000d40c       0x40 ../src/ASF/thirdparty/wireless/ble_smart_sdk/lib/cm0/gcc\libblusdk.a(gatt_server.o)
 .text.att_permissions
                0x1000d44c       0x58 ../src/ASF/thirdparty/wireless/ble_smart_sdk/lib/cm0/gcc\libblusdk.a(gatt_server.o)
 .text.char_permissions
                0x1000d4a4       0x9c ../src/ASF/thirdparty/wireless/ble_smart_sdk/lib/cm0/gcc\libblusdk.a(gatt_server.o)
 .text.presentation_format_define
                0x1000d540       0x2c ../src/ASF/thirdparty/wireless/ble_smart_sdk/lib/cm0/gcc\libblusdk.a(gatt_server.o)
 .text.db_addATT
                0x1000d56c       0xb8 ../src/ASF/thirdparty/wireless/ble_smart_sdk/lib/cm0/gcc\libblusdk.a(gatt_server.o)
 .text.user_description_define
                0x1000d624       0x50 ../src/ASF/thirdparty/wireless/ble_smart_sdk/lib/cm0/gcc\libblusdk.a(gatt_server.o)
 .text.at_ble_read_authorize_reply.part.1
                0x1000d674       0x30 ../src/ASF/thirdparty/wireless/ble_smart_sdk/lib/cm0/gcc\libblusdk.a(gatt_server.o)
 .text.internal_at_ble_service_define
                0x1000d6a4      0x3bc ../src/ASF/thirdparty/wireless/ble_smart_sdk/lib/cm0/gcc\libblusdk.a(gatt_server.o)
 .text.initi_gatt_server_module
                0x1000da60       0x3c ../src/ASF/thirdparty/wireless/ble_smart_sdk/lib/cm0/gcc\libblusdk.a(gatt_server.o)
                0x1000da60                initi_gatt_server_module
 .text.db_init  0x1000da9c       0x44 ../src/ASF/thirdparty/wireless/ble_smart_sdk/lib/cm0/gcc\libblusdk.a(gatt_server.o)
                0x1000da9c                db_init
 .text.at_ble_primary_service_define
                0x1000dae0       0x20 ../src/ASF/thirdparty/wireless/ble_smart_sdk/lib/cm0/gcc\libblusdk.a(gatt_server.o)
                0x1000dae0                at_ble_primary_service_define
 .text.at_ble_characteristic_value_set
                0x1000db00       0x3c ../src/ASF/thirdparty/wireless/ble_smart_sdk/lib/cm0/gcc\libblusdk.a(gatt_server.o)
                0x1000db00                at_ble_characteristic_value_set
 .text.at_ble_characteristic_value_get
                0x1000db3c       0x40 ../src/ASF/thirdparty/wireless/ble_smart_sdk/lib/cm0/gcc\libblusdk.a(gatt_server.o)
                0x1000db3c                at_ble_characteristic_value_get
 .text.at_ble_write_authorize_reply
                0x1000db7c       0x88 ../src/ASF/thirdparty/wireless/ble_smart_sdk/lib/cm0/gcc\libblusdk.a(gatt_server.o)
                0x1000db7c                at_ble_write_authorize_reply
 .text.gatts_handle_read_req
                0x1000dc04       0x30 ../src/ASF/thirdparty/wireless/ble_smart_sdk/lib/cm0/gcc\libblusdk.a(gatt_server.o)
                0x1000dc04                gatts_handle_read_req
 .text.gatts_handle_att_info_req
                0x1000dc34       0x3c ../src/ASF/thirdparty/wireless/ble_smart_sdk/lib/cm0/gcc\libblusdk.a(gatt_server.o)
                0x1000dc34                gatts_handle_att_info_req
 .text.gatts_handle_write_req
                0x1000dc70       0x30 ../src/ASF/thirdparty/wireless/ble_smart_sdk/lib/cm0/gcc\libblusdk.a(gatt_server.o)
                0x1000dc70                gatts_handle_write_req
 .text.at_ble_notification_send
                0x1000dca0       0x74 ../src/ASF/thirdparty/wireless/ble_smart_sdk/lib/cm0/gcc\libblusdk.a(gatt_server.o)
                0x1000dca0                at_ble_notification_send
 .text.init_l2cc_task_module
                0x1000dd14        0xc ../src/ASF/thirdparty/wireless/ble_smart_sdk/lib/cm0/gcc\libblusdk.a(l2cc_task.o)
                0x1000dd14                init_l2cc_task_module
 .text.l2cc_data_send_rsp_handler
                0x1000dd20       0x2c ../src/ASF/thirdparty/wireless/ble_smart_sdk/lib/cm0/gcc\libblusdk.a(l2cc_task.o)
                0x1000dd20                l2cc_data_send_rsp_handler
 .text.l2cc_data_received_handler
                0x1000dd4c       0x30 ../src/ASF/thirdparty/wireless/ble_smart_sdk/lib/cm0/gcc\libblusdk.a(l2cc_task.o)
                0x1000dd4c                l2cc_data_received_handler
 .text.at_ble_authenticate
                0x1000dd7c      0x130 ../src/ASF/thirdparty/wireless/ble_smart_sdk/lib/cm0/gcc\libblusdk.a(security.o)
                0x1000dd7c                at_ble_authenticate
 .text.at_ble_pair_key_reply
                0x1000deac       0x7c ../src/ASF/thirdparty/wireless/ble_smart_sdk/lib/cm0/gcc\libblusdk.a(security.o)
                0x1000deac                at_ble_pair_key_reply
 .text.at_ble_send_slave_sec_request
                0x1000df28       0x40 ../src/ASF/thirdparty/wireless/ble_smart_sdk/lib/cm0/gcc\libblusdk.a(security.o)
                0x1000df28                at_ble_send_slave_sec_request
 .text.at_ble_encryption_start
                0x1000df68       0x78 ../src/ASF/thirdparty/wireless/ble_smart_sdk/lib/cm0/gcc\libblusdk.a(security.o)
                0x1000df68                at_ble_encryption_start
 .text.at_ble_encryption_request_reply
                0x1000dfe0       0x34 ../src/ASF/thirdparty/wireless/ble_smart_sdk/lib/cm0/gcc\libblusdk.a(security.o)
                0x1000dfe0                at_ble_encryption_request_reply
 .text.at_ble_htpt_create_db
                0x1000e014       0x20 ../src/ASF/thirdparty/wireless/ble_smart_sdk/lib/cm0/gcc\libblusdk.a(htpt.o)
                0x1000e014                at_ble_htpt_create_db
 .text.at_ble_htpt_enable
                0x1000e034        0xc ../src/ASF/thirdparty/wireless/ble_smart_sdk/lib/cm0/gcc\libblusdk.a(htpt.o)
                0x1000e034                at_ble_htpt_enable
 .text.at_ble_htpt_temp_send
                0x1000e040       0x1c ../src/ASF/thirdparty/wireless/ble_smart_sdk/lib/cm0/gcc\libblusdk.a(htpt.o)
                0x1000e040                at_ble_htpt_temp_send
 .text.rx_callback
                0x1000e05c       0x98 ../src/ASF/thirdparty/wireless/ble_smart_sdk/lib/cm0/gcc\libblusdk.a(interface.o)
                0x1000e05c                rx_callback
 .text.interface_send
                0x1000e0f4       0x10 ../src/ASF/thirdparty/wireless/ble_smart_sdk/lib/cm0/gcc\libblusdk.a(interface.o)
                0x1000e0f4                interface_send
 .text.interface_init
                0x1000e104       0x48 ../src/ASF/thirdparty/wireless/ble_smart_sdk/lib/cm0/gcc\libblusdk.a(interface.o)
                0x1000e104                interface_init
 .text.platform_cmd_cmpl_signal
                0x1000e14c        0xc ../src/ASF/thirdparty/wireless/ble_smart_sdk/lib/cm0/gcc\libblusdk.a(interface.o)
                0x1000e14c                platform_cmd_cmpl_signal
 .text.platform_cmd_cmpl_wait
                0x1000e158       0x2c ../src/ASF/thirdparty/wireless/ble_smart_sdk/lib/cm0/gcc\libblusdk.a(interface.o)
                0x1000e158                platform_cmd_cmpl_wait
 .text.start_timer
                0x1000e184        0x2 ../src/ASF/thirdparty/wireless/ble_smart_sdk/lib/cm0/gcc\libblusdk.a(interface.o)
                0x1000e184                start_timer
 .text.stop_timer
                0x1000e186        0x2 ../src/ASF/thirdparty/wireless/ble_smart_sdk/lib/cm0/gcc\libblusdk.a(interface.o)
                0x1000e186                stop_timer
 .text.dbg_le_set_bd_addr_req_handler
                0x1000e188       0x7c ../src/ASF/thirdparty/wireless/ble_smart_sdk/lib/cm0/gcc\libblusdk.a(dbg_task.o)
                0x1000e188                dbg_le_set_bd_addr_req_handler
 .text.gapc_get_dev_info_cfm.constprop.1
                0x1000e204       0xc0 ../src/ASF/thirdparty/wireless/ble_smart_sdk/lib/cm0/gcc\libblusdk.a(gapc_task.o)
 .text.check_ConnData_idx_role
                0x1000e2c4       0x3c ../src/ASF/thirdparty/wireless/ble_smart_sdk/lib/cm0/gcc\libblusdk.a(gapc_task.o)
                0x1000e2c4                check_ConnData_idx_role
 .text.check_ConnData_emptyEntry
                0x1000e300       0x28 ../src/ASF/thirdparty/wireless/ble_smart_sdk/lib/cm0/gcc\libblusdk.a(gapc_task.o)
                0x1000e300                check_ConnData_emptyEntry
 .text.gapc_cmp_evt
                0x1000e328       0xd0 ../src/ASF/thirdparty/wireless/ble_smart_sdk/lib/cm0/gcc\libblusdk.a(gapc_task.o)
                0x1000e328                gapc_cmp_evt
 .text.gapc_connection_cfm_handler
                0x1000e3f8       0xc4 ../src/ASF/thirdparty/wireless/ble_smart_sdk/lib/cm0/gcc\libblusdk.a(gapc_task.o)
                0x1000e3f8                gapc_connection_cfm_handler
 .text.gapc_con_req_ind
                0x1000e4bc       0xe0 ../src/ASF/thirdparty/wireless/ble_smart_sdk/lib/cm0/gcc\libblusdk.a(gapc_task.o)
                0x1000e4bc                gapc_con_req_ind
 .text.gapc_disconnect_cmd_handler
                0x1000e59c       0x44 ../src/ASF/thirdparty/wireless/ble_smart_sdk/lib/cm0/gcc\libblusdk.a(gapc_task.o)
                0x1000e59c                gapc_disconnect_cmd_handler
 .text.gapc_disconnect_ind
                0x1000e5e0       0x34 ../src/ASF/thirdparty/wireless/ble_smart_sdk/lib/cm0/gcc\libblusdk.a(gapc_task.o)
                0x1000e5e0                gapc_disconnect_ind
 .text.gapc_bond_cmd_handler
                0x1000e614       0x68 ../src/ASF/thirdparty/wireless/ble_smart_sdk/lib/cm0/gcc\libblusdk.a(gapc_task.o)
                0x1000e614                gapc_bond_cmd_handler
 .text.gapc_bond_ind
                0x1000e67c       0xd8 ../src/ASF/thirdparty/wireless/ble_smart_sdk/lib/cm0/gcc\libblusdk.a(gapc_task.o)
                0x1000e67c                gapc_bond_ind
 .text.gapc_bond_req_ind
                0x1000e754       0xe0 ../src/ASF/thirdparty/wireless/ble_smart_sdk/lib/cm0/gcc\libblusdk.a(gapc_task.o)
                0x1000e754                gapc_bond_req_ind
 .text.gapc_bond_cfm_handler_pair_resp
                0x1000e834       0x7c ../src/ASF/thirdparty/wireless/ble_smart_sdk/lib/cm0/gcc\libblusdk.a(gapc_task.o)
                0x1000e834                gapc_bond_cfm_handler_pair_resp
 .text.gapc_bond_cfm_handler_key_exch
                0x1000e8b0       0x50 ../src/ASF/thirdparty/wireless/ble_smart_sdk/lib/cm0/gcc\libblusdk.a(gapc_task.o)
                0x1000e8b0                gapc_bond_cfm_handler_key_exch
 .text.gapc_security_cmd_handler
                0x1000e900       0x40 ../src/ASF/thirdparty/wireless/ble_smart_sdk/lib/cm0/gcc\libblusdk.a(gapc_task.o)
                0x1000e900                gapc_security_cmd_handler
 .text.gapc_encrypt_cmd_handler
                0x1000e940       0x9c ../src/ASF/thirdparty/wireless/ble_smart_sdk/lib/cm0/gcc\libblusdk.a(gapc_task.o)
                0x1000e940                gapc_encrypt_cmd_handler
 .text.gapc_encrypt_req_ind
                0x1000e9dc       0x20 ../src/ASF/thirdparty/wireless/ble_smart_sdk/lib/cm0/gcc\libblusdk.a(gapc_task.o)
                0x1000e9dc                gapc_encrypt_req_ind
 .text.gapc_encrypt_cfm_handler
                0x1000e9fc       0x80 ../src/ASF/thirdparty/wireless/ble_smart_sdk/lib/cm0/gcc\libblusdk.a(gapc_task.o)
                0x1000e9fc                gapc_encrypt_cfm_handler
 .text.gapc_encrypt_ind
                0x1000ea7c        0xe ../src/ASF/thirdparty/wireless/ble_smart_sdk/lib/cm0/gcc\libblusdk.a(gapc_task.o)
                0x1000ea7c                gapc_encrypt_ind
 *fill*         0x1000ea8a        0x2 
 .text.gapc_param_update_cfm_handler
                0x1000ea8c       0x4c ../src/ASF/thirdparty/wireless/ble_smart_sdk/lib/cm0/gcc\libblusdk.a(gapc_task.o)
                0x1000ea8c                gapc_param_update_cfm_handler
 .text.gapc_param_updated_ind
                0x1000ead8       0x2a ../src/ASF/thirdparty/wireless/ble_smart_sdk/lib/cm0/gcc\libblusdk.a(gapc_task.o)
                0x1000ead8                gapc_param_updated_ind
 .text.gapc_param_updated_req_ind
                0x1000eb02       0x30 ../src/ASF/thirdparty/wireless/ble_smart_sdk/lib/cm0/gcc\libblusdk.a(gapc_task.o)
                0x1000eb02                gapc_param_updated_req_ind
 *fill*         0x1000eb32        0x2 
 .text.gapc_dev_info_req_ind_handler
                0x1000eb34       0x28 ../src/ASF/thirdparty/wireless/ble_smart_sdk/lib/cm0/gcc\libblusdk.a(gapc_task.o)
                0x1000eb34                gapc_dev_info_req_ind_handler
 .text.gapc_sec_req_ind
                0x1000eb5c       0x16 ../src/ASF/thirdparty/wireless/ble_smart_sdk/lib/cm0/gcc\libblusdk.a(gapc_task.o)
                0x1000eb5c                gapc_sec_req_ind
 .text.gapc_sign_counter_ind_handler
                0x1000eb72       0x34 ../src/ASF/thirdparty/wireless/ble_smart_sdk/lib/cm0/gcc\libblusdk.a(gapc_task.o)
                0x1000eb72                gapc_sign_counter_ind_handler
 *fill*         0x1000eba6        0x2 
 .text.gapc_peer_att_info_ind_handler
                0x1000eba8       0x7c ../src/ASF/thirdparty/wireless/ble_smart_sdk/lib/cm0/gcc\libblusdk.a(gapc_task.o)
                0x1000eba8                gapc_peer_att_info_ind_handler
 .text.gapc_con_channel_map_ind_handler
                0x1000ec24       0x18 ../src/ASF/thirdparty/wireless/ble_smart_sdk/lib/cm0/gcc\libblusdk.a(gapc_task.o)
                0x1000ec24                gapc_con_channel_map_ind_handler
 .text.gapc_lecb_connected
                0x1000ec3c       0x2e ../src/ASF/thirdparty/wireless/ble_smart_sdk/lib/cm0/gcc\libblusdk.a(gapc_task.o)
                0x1000ec3c                gapc_lecb_connected
 .text.gapc_lecb_disconnected
                0x1000ec6a       0x16 ../src/ASF/thirdparty/wireless/ble_smart_sdk/lib/cm0/gcc\libblusdk.a(gapc_task.o)
                0x1000ec6a                gapc_lecb_disconnected
 .text.gapc_lecb_connect_req_ind
                0x1000ec80       0x2a ../src/ASF/thirdparty/wireless/ble_smart_sdk/lib/cm0/gcc\libblusdk.a(gapc_task.o)
                0x1000ec80                gapc_lecb_connect_req_ind
 .text.gapc_lecb_add_credit_resp_handler
                0x1000ecaa       0x20 ../src/ASF/thirdparty/wireless/ble_smart_sdk/lib/cm0/gcc\libblusdk.a(gapc_task.o)
                0x1000ecaa                gapc_lecb_add_credit_resp_handler
 *fill*         0x1000ecca        0x2 
 .text.gapm_reset_req_handler
                0x1000eccc       0x70 ../src/ASF/thirdparty/wireless/ble_smart_sdk/lib/cm0/gcc\libblusdk.a(gapm_task.o)
                0x1000eccc                gapm_reset_req_handler
 .text.gapm_set_dev_config_cmd_handler
                0x1000ed3c      0x108 ../src/ASF/thirdparty/wireless/ble_smart_sdk/lib/cm0/gcc\libblusdk.a(gapm_task.o)
                0x1000ed3c                gapm_set_dev_config_cmd_handler
 .text.gapm_get_dev_config_cmd_handler
                0x1000ee44       0xe0 ../src/ASF/thirdparty/wireless/ble_smart_sdk/lib/cm0/gcc\libblusdk.a(gapm_task.o)
                0x1000ee44                gapm_get_dev_config_cmd_handler
 .text.gapm_cancel_cmd_handler
                0x1000ef24       0x70 ../src/ASF/thirdparty/wireless/ble_smart_sdk/lib/cm0/gcc\libblusdk.a(gapm_task.o)
                0x1000ef24                gapm_cancel_cmd_handler
 .text.gapm_dev_bdaddr_ind_handler
                0x1000ef94       0x1c ../src/ASF/thirdparty/wireless/ble_smart_sdk/lib/cm0/gcc\libblusdk.a(gapm_task.o)
                0x1000ef94                gapm_dev_bdaddr_ind_handler
 .text.gapm_cmp_evt
                0x1000efb0      0x148 ../src/ASF/thirdparty/wireless/ble_smart_sdk/lib/cm0/gcc\libblusdk.a(gapm_task.o)
                0x1000efb0                gapm_cmp_evt
 .text.gapm_start_adv_cmd_handler
                0x1000f0f8      0x120 ../src/ASF/thirdparty/wireless/ble_smart_sdk/lib/cm0/gcc\libblusdk.a(gapm_task.o)
                0x1000f0f8                gapm_start_adv_cmd_handler
 .text.get_gap_local_addr_type
                0x1000f218       0x18 ../src/ASF/thirdparty/wireless/ble_smart_sdk/lib/cm0/gcc\libblusdk.a(gapm_task.o)
                0x1000f218                get_gap_local_addr_type
 .text.gapm_adv_report_evt_handler
                0x1000f230       0x88 ../src/ASF/thirdparty/wireless/ble_smart_sdk/lib/cm0/gcc\libblusdk.a(gapm_task.o)
                0x1000f230                gapm_adv_report_evt_handler
 .text.gapm_resolv_addr_cmd_handler
                0x1000f2b8       0x68 ../src/ASF/thirdparty/wireless/ble_smart_sdk/lib/cm0/gcc\libblusdk.a(gapm_task.o)
                0x1000f2b8                gapm_resolv_addr_cmd_handler
 .text.gapm_addr_solved_ind_handler
                0x1000f320       0x24 ../src/ASF/thirdparty/wireless/ble_smart_sdk/lib/cm0/gcc\libblusdk.a(gapm_task.o)
                0x1000f320                gapm_addr_solved_ind_handler
 .text.gapm_profile_task_add_cmd_handler
                0x1000f344       0xe8 ../src/ASF/thirdparty/wireless/ble_smart_sdk/lib/cm0/gcc\libblusdk.a(gapm_task.o)
                0x1000f344                gapm_profile_task_add_cmd_handler
 .text.gapm_profile_added_ind_handler
                0x1000f42c       0x20 ../src/ASF/thirdparty/wireless/ble_smart_sdk/lib/cm0/gcc\libblusdk.a(gapm_task.o)
                0x1000f42c                gapm_profile_added_ind_handler
 .text.gattc_read_req_ind_parser
                0x1000f44c        0xc ../src/ASF/thirdparty/wireless/ble_smart_sdk/lib/cm0/gcc\libblusdk.a(gattc_task.o)
                0x1000f44c                gattc_read_req_ind_parser
 .text.gattc_write_req_ind_parser
                0x1000f458       0x38 ../src/ASF/thirdparty/wireless/ble_smart_sdk/lib/cm0/gcc\libblusdk.a(gattc_task.o)
                0x1000f458                gattc_write_req_ind_parser
 .text.gattc_att_info_req_parser
                0x1000f490        0xc ../src/ASF/thirdparty/wireless/ble_smart_sdk/lib/cm0/gcc\libblusdk.a(gattc_task.o)
                0x1000f490                gattc_att_info_req_parser
 .text.gattc_read_cfm
                0x1000f49c       0x6c ../src/ASF/thirdparty/wireless/ble_smart_sdk/lib/cm0/gcc\libblusdk.a(gattc_task.o)
                0x1000f49c                gattc_read_cfm
 .text.gattc_write_cfm
                0x1000f508       0x44 ../src/ASF/thirdparty/wireless/ble_smart_sdk/lib/cm0/gcc\libblusdk.a(gattc_task.o)
                0x1000f508                gattc_write_cfm
 .text.gattc_att_info_cfm
                0x1000f54c       0x48 ../src/ASF/thirdparty/wireless/ble_smart_sdk/lib/cm0/gcc\libblusdk.a(gattc_task.o)
                0x1000f54c                gattc_att_info_cfm
 .text.gattc_send_evt_cmd_handler
                0x1000f594       0x78 ../src/ASF/thirdparty/wireless/ble_smart_sdk/lib/cm0/gcc\libblusdk.a(gattc_task.o)
                0x1000f594                gattc_send_evt_cmd_handler
 .text.gattc_event_cfm_handler
                0x1000f60c       0x40 ../src/ASF/thirdparty/wireless/ble_smart_sdk/lib/cm0/gcc\libblusdk.a(gattc_task.o)
                0x1000f60c                gattc_event_cfm_handler
 .text.gattc_disc_svc_ind_parser
                0x1000f64c       0x3c ../src/ASF/thirdparty/wireless/ble_smart_sdk/lib/cm0/gcc\libblusdk.a(gattc_task.o)
                0x1000f64c                gattc_disc_svc_ind_parser
 .text.gattc_disc_svc_incl_ind_parser
                0x1000f688       0x48 ../src/ASF/thirdparty/wireless/ble_smart_sdk/lib/cm0/gcc\libblusdk.a(gattc_task.o)
                0x1000f688                gattc_disc_svc_incl_ind_parser
 .text.gattc_disc_char_ind_parser
                0x1000f6d0       0x44 ../src/ASF/thirdparty/wireless/ble_smart_sdk/lib/cm0/gcc\libblusdk.a(gattc_task.o)
                0x1000f6d0                gattc_disc_char_ind_parser
 .text.gattc_disc_char_desc_ind_parser
                0x1000f714       0x34 ../src/ASF/thirdparty/wireless/ble_smart_sdk/lib/cm0/gcc\libblusdk.a(gattc_task.o)
                0x1000f714                gattc_disc_char_desc_ind_parser
 .text.gattc_event_ind_and_notification_parser
                0x1000f748       0x54 ../src/ASF/thirdparty/wireless/ble_smart_sdk/lib/cm0/gcc\libblusdk.a(gattc_task.o)
                0x1000f748                gattc_event_ind_and_notification_parser
 .text.gattc_complete_evt_handler
                0x1000f79c       0x78 ../src/ASF/thirdparty/wireless/ble_smart_sdk/lib/cm0/gcc\libblusdk.a(gattc_task.o)
                0x1000f79c                gattc_complete_evt_handler
 .text.gattc_event_mtu_changed_ind_parser
                0x1000f814       0x10 ../src/ASF/thirdparty/wireless/ble_smart_sdk/lib/cm0/gcc\libblusdk.a(gattc_task.o)
                0x1000f814                gattc_event_mtu_changed_ind_parser
 .text.gattc_read_ind_parser
                0x1000f824       0x40 ../src/ASF/thirdparty/wireless/ble_smart_sdk/lib/cm0/gcc\libblusdk.a(gattc_task.o)
                0x1000f824                gattc_read_ind_parser
 .text.gattc_svc_changed_cfg_ind_parser
                0x1000f864       0x10 ../src/ASF/thirdparty/wireless/ble_smart_sdk/lib/cm0/gcc\libblusdk.a(gattc_task.o)
                0x1000f864                gattc_svc_changed_cfg_ind_parser
 .text.init_gattc_task_module
                0x1000f874       0x14 ../src/ASF/thirdparty/wireless/ble_smart_sdk/lib/cm0/gcc\libblusdk.a(gattc_task.o)
                0x1000f874                init_gattc_task_module
 .text.gattm_add_svc_req_handler
                0x1000f888      0x10c ../src/ASF/thirdparty/wireless/ble_smart_sdk/lib/cm0/gcc\libblusdk.a(gattm_task.o)
                0x1000f888                gattm_add_svc_req_handler
 .text.gattm_add_attribute_req_handler
                0x1000f994       0x70 ../src/ASF/thirdparty/wireless/ble_smart_sdk/lib/cm0/gcc\libblusdk.a(gattm_task.o)
                0x1000f994                gattm_add_attribute_req_handler
 .text.gattm_att_set_value_req_handler
                0x1000fa04       0x8c ../src/ASF/thirdparty/wireless/ble_smart_sdk/lib/cm0/gcc\libblusdk.a(gattm_task.o)
                0x1000fa04                gattm_att_set_value_req_handler
 .text.gattm_att_get_value_req_handler
                0x1000fa90       0x9c ../src/ASF/thirdparty/wireless/ble_smart_sdk/lib/cm0/gcc\libblusdk.a(gattm_task.o)
                0x1000fa90                gattm_att_get_value_req_handler
 .text.htpt_create_db_req_handler
                0x1000fb2c       0x40 ../src/ASF/thirdparty/wireless/ble_smart_sdk/lib/cm0/gcc\libblusdk.a(htpt_task.o)
                0x1000fb2c                htpt_create_db_req_handler
 .text.htpt_enable_req_handler
                0x1000fb6c       0x40 ../src/ASF/thirdparty/wireless/ble_smart_sdk/lib/cm0/gcc\libblusdk.a(htpt_task.o)
                0x1000fb6c                htpt_enable_req_handler
 .text.htpt_temp_send_req_handler
                0x1000fbac       0x78 ../src/ASF/thirdparty/wireless/ble_smart_sdk/lib/cm0/gcc\libblusdk.a(htpt_task.o)
                0x1000fbac                htpt_temp_send_req_handler
 .text.htpt_enable_rsp_handler
                0x1000fc24        0xa ../src/ASF/thirdparty/wireless/ble_smart_sdk/lib/cm0/gcc\libblusdk.a(htpt_task.o)
                0x1000fc24                htpt_enable_rsp_handler
 .text.htpt_temp_send_rsp_handler
                0x1000fc2e        0x6 ../src/ASF/thirdparty/wireless/ble_smart_sdk/lib/cm0/gcc\libblusdk.a(htpt_task.o)
                0x1000fc2e                htpt_temp_send_rsp_handler
 .text.htpt_meas_intv_upd_rsp_handler
                0x1000fc34        0x6 ../src/ASF/thirdparty/wireless/ble_smart_sdk/lib/cm0/gcc\libblusdk.a(htpt_task.o)
                0x1000fc34                htpt_meas_intv_upd_rsp_handler
 .text.htpt_meas_intv_chg_req_ind_handler
                0x1000fc3a        0xc ../src/ASF/thirdparty/wireless/ble_smart_sdk/lib/cm0/gcc\libblusdk.a(htpt_task.o)
                0x1000fc3a                htpt_meas_intv_chg_req_ind_handler
 .text.htpt_cfg_indntf_ind_handler
                0x1000fc46        0xa ../src/ASF/thirdparty/wireless/ble_smart_sdk/lib/cm0/gcc\libblusdk.a(htpt_task.o)
                0x1000fc46                htpt_cfg_indntf_ind_handler
 .text          0x1000fc50       0x14 c:/program files (x86)/atmel/studio/7.0/toolchain/arm/arm-gnu-toolchain/bin/../lib/gcc/arm-none-eabi/5.3.1/armv6-m\libgcc.a(_thumb1_case_sqi.o)
                0x1000fc50                __gnu_thumb1_case_sqi
 .text          0x1000fc64       0x14 c:/program files (x86)/atmel/studio/7.0/toolchain/arm/arm-gnu-toolchain/bin/../lib/gcc/arm-none-eabi/5.3.1/armv6-m\libgcc.a(_thumb1_case_uqi.o)
                0x1000fc64                __gnu_thumb1_case_uqi
 .text          0x1000fc78      0x114 c:/program files (x86)/atmel/studio/7.0/toolchain/arm/arm-gnu-toolchain/bin/../lib/gcc/arm-none-eabi/5.3.1/armv6-m\libgcc.a(_udivsi3.o)
                0x1000fc78                __aeabi_uidiv
                0x1000fc78                __udivsi3
                0x1000fd84                __aeabi_uidivmod
 .text          0x1000fd8c        0x4 c:/program files (x86)/atmel/studio/7.0/toolchain/arm/arm-gnu-toolchain/bin/../lib/gcc/arm-none-eabi/5.3.1/armv6-m\libgcc.a(_dvmd_tls.o)
                0x1000fd8c                __aeabi_idiv0
                0x1000fd8c                __aeabi_ldiv0
 .text          0x1000fd90       0x30 c:/program files (x86)/atmel/studio/7.0/toolchain/arm/arm-gnu-toolchain/bin/../lib/gcc/arm-none-eabi/5.3.1/armv6-m\libgcc.a(_fixunssfsi.o)
                0x1000fd90                __fixunssfsi
                0x1000fd90                __aeabi_f2uiz
 .text          0x1000fdc0       0x3c c:/program files (x86)/atmel/studio/7.0/toolchain/arm/arm-gnu-toolchain/bin/../lib/gcc/arm-none-eabi/5.3.1/armv6-m\libgcc.a(_fixunsdfsi.o)
                0x1000fdc0                __aeabi_d2uiz
                0x1000fdc0                __fixunsdfsi
 .text          0x1000fdfc      0x228 c:/program files (x86)/atmel/studio/7.0/toolchain/arm/arm-gnu-toolchain/bin/../lib/gcc/arm-none-eabi/5.3.1/armv6-m\libgcc.a(mulsf3.o)
                0x1000fdfc                __aeabi_fmul
 .text          0x10010024      0x30c c:/program files (x86)/atmel/studio/7.0/toolchain/arm/arm-gnu-toolchain/bin/../lib/gcc/arm-none-eabi/5.3.1/armv6-m\libgcc.a(subsf3.o)
                0x10010024                __aeabi_fsub
 .text          0x10010330       0x44 c:/program files (x86)/atmel/studio/7.0/toolchain/arm/arm-gnu-toolchain/bin/../lib/gcc/arm-none-eabi/5.3.1/armv6-m\libgcc.a(fixsfsi.o)
                0x10010330                __aeabi_f2iz
 .text          0x10010374      0x4f4 c:/program files (x86)/atmel/studio/7.0/toolchain/arm/arm-gnu-toolchain/bin/../lib/gcc/arm-none-eabi/5.3.1/armv6-m\libgcc.a(muldf3.o)
                0x10010374                __aeabi_dmul
 .text          0x10010868      0x6a8 c:/program files (x86)/atmel/studio/7.0/toolchain/arm/arm-gnu-toolchain/bin/../lib/gcc/arm-none-eabi/5.3.1/armv6-m\libgcc.a(subdf3.o)
                0x10010868                __aeabi_dsub
 .text          0x10010f10       0x6c c:/program files (x86)/atmel/studio/7.0/toolchain/arm/arm-gnu-toolchain/bin/../lib/gcc/arm-none-eabi/5.3.1/armv6-m\libgcc.a(fixdfsi.o)
                0x10010f10                __aeabi_d2iz
 .text          0x10010f7c       0x84 c:/program files (x86)/atmel/studio/7.0/toolchain/arm/arm-gnu-toolchain/bin/../lib/gcc/arm-none-eabi/5.3.1/armv6-m\libgcc.a(floatsidf.o)
                0x10010f7c                __aeabi_i2d
 .text          0x10011000       0x70 c:/program files (x86)/atmel/studio/7.0/toolchain/arm/arm-gnu-toolchain/bin/../lib/gcc/arm-none-eabi/5.3.1/armv6-m\libgcc.a(floatunsidf.o)
                0x10011000                __aeabi_ui2d
 .text          0x10011070      0x118 c:/program files (x86)/atmel/studio/7.0/toolchain/arm/arm-gnu-toolchain/bin/../lib/gcc/arm-none-eabi/5.3.1/armv6-m\libgcc.a(truncdfsf2.o)
                0x10011070                __aeabi_d2f
 .text          0x10011188       0x7c c:/program files (x86)/atmel/studio/7.0/toolchain/arm/arm-gnu-toolchain/bin/../lib/gcc/arm-none-eabi/5.3.1/armv6-m\libgcc.a(_arm_cmpdf2.o)
                0x10011188                __aeabi_cdrcmple
                0x10011198                __aeabi_cdcmple
                0x10011198                __aeabi_cdcmpeq
                0x100111a8                __aeabi_dcmpeq
                0x100111b4                __aeabi_dcmplt
                0x100111c8                __aeabi_dcmple
                0x100111dc                __aeabi_dcmpgt
                0x100111f0                __aeabi_dcmpge
 .text          0x10011204       0x74 c:/program files (x86)/atmel/studio/7.0/toolchain/arm/arm-gnu-toolchain/bin/../lib/gcc/arm-none-eabi/5.3.1/armv6-m\libgcc.a(_arm_cmpsf2.o)
                0x10011204                __aeabi_cfrcmple
                0x1001120c                __aeabi_cfcmpeq
                0x1001120c                __aeabi_cfcmple
                0x1001121c                __aeabi_fcmpeq
                0x10011228                __aeabi_fcmplt
                0x1001123c                __aeabi_fcmple
                0x10011250                __aeabi_fcmpgt
                0x10011264                __aeabi_fcmpge
 .text          0x10011278       0x3c c:/program files (x86)/atmel/studio/7.0/toolchain/arm/arm-gnu-toolchain/bin/../lib/gcc/arm-none-eabi/5.3.1/armv6-m\libgcc.a(_clzsi2.o)
                0x10011278                __clzsi2
 .text          0x100112b4       0x50 c:/program files (x86)/atmel/studio/7.0/toolchain/arm/arm-gnu-toolchain/bin/../lib/gcc/arm-none-eabi/5.3.1/armv6-m\libgcc.a(eqsf2.o)
                0x100112b4                __eqsf2
                0x100112b4                __nesf2
 .text          0x10011304       0x88 c:/program files (x86)/atmel/studio/7.0/toolchain/arm/arm-gnu-toolchain/bin/../lib/gcc/arm-none-eabi/5.3.1/armv6-m\libgcc.a(gesf2.o)
                0x10011304                __gesf2
                0x10011304                __gtsf2
 .text          0x1001138c       0x88 c:/program files (x86)/atmel/studio/7.0/toolchain/arm/arm-gnu-toolchain/bin/../lib/gcc/arm-none-eabi/5.3.1/armv6-m\libgcc.a(lesf2.o)
                0x1001138c                __ltsf2
                0x1001138c                __lesf2
 .text          0x10011414       0x80 c:/program files (x86)/atmel/studio/7.0/toolchain/arm/arm-gnu-toolchain/bin/../lib/gcc/arm-none-eabi/5.3.1/armv6-m\libgcc.a(eqdf2.o)
                0x10011414                __nedf2
                0x10011414                __eqdf2
 .text          0x10011494       0xc8 c:/program files (x86)/atmel/studio/7.0/toolchain/arm/arm-gnu-toolchain/bin/../lib/gcc/arm-none-eabi/5.3.1/armv6-m\libgcc.a(gedf2.o)
                0x10011494                __gedf2
                0x10011494                __gtdf2
 .text          0x1001155c       0xd4 c:/program files (x86)/atmel/studio/7.0/toolchain/arm/arm-gnu-toolchain/bin/../lib/gcc/arm-none-eabi/5.3.1/armv6-m\libgcc.a(ledf2.o)
                0x1001155c                __ledf2
                0x1001155c                __ltdf2
 .text.__libc_init_array
                0x10011630       0x4c c:/program files (x86)/atmel/studio/7.0/toolchain/arm/arm-gnu-toolchain/bin/../lib/gcc/arm-none-eabi/5.3.1/../../../../arm-none-eabi/lib/armv6-m\libc_nano.a(lib_a-init.o)
                0x10011630                __libc_init_array
 .text.memcmp   0x1001167c       0x1e c:/program files (x86)/atmel/studio/7.0/toolchain/arm/arm-gnu-toolchain/bin/../lib/gcc/arm-none-eabi/5.3.1/../../../../arm-none-eabi/lib/armv6-m\libc_nano.a(lib_a-memcmp.o)
                0x1001167c                memcmp
 .text.memcpy   0x1001169a       0x12 c:/program files (x86)/atmel/studio/7.0/toolchain/arm/arm-gnu-toolchain/bin/../lib/gcc/arm-none-eabi/5.3.1/../../../../arm-none-eabi/lib/armv6-m\libc_nano.a(lib_a-memcpy-stub.o)
                0x1001169a                memcpy
 .text.memset   0x100116ac       0x10 c:/program files (x86)/atmel/studio/7.0/toolchain/arm/arm-gnu-toolchain/bin/../lib/gcc/arm-none-eabi/5.3.1/../../../../arm-none-eabi/lib/armv6-m\libc_nano.a(lib_a-memset.o)
                0x100116ac                memset
 .text.printf   0x100116bc       0x34 c:/program files (x86)/atmel/studio/7.0/toolchain/arm/arm-gnu-toolchain/bin/../lib/gcc/arm-none-eabi/5.3.1/../../../../arm-none-eabi/lib/armv6-m\libc_nano.a(lib_a-printf.o)
                0x100116bc                iprintf
                0x100116bc                printf
 .text.putchar  0x100116f0       0x28 c:/program files (x86)/atmel/studio/7.0/toolchain/arm/arm-gnu-toolchain/bin/../lib/gcc/arm-none-eabi/5.3.1/../../../../arm-none-eabi/lib/armv6-m\libc_nano.a(lib_a-putchar.o)
                0x100116f0                putchar
 .text._puts_r  0x10011718       0xc4 c:/program files (x86)/atmel/studio/7.0/toolchain/arm/arm-gnu-toolchain/bin/../lib/gcc/arm-none-eabi/5.3.1/../../../../arm-none-eabi/lib/armv6-m\libc_nano.a(lib_a-puts.o)
                0x10011718                _puts_r
 .text.puts     0x100117dc       0x14 c:/program files (x86)/atmel/studio/7.0/toolchain/arm/arm-gnu-toolchain/bin/../lib/gcc/arm-none-eabi/5.3.1/../../../../arm-none-eabi/lib/armv6-m\libc_nano.a(lib_a-puts.o)
                0x100117dc                puts
 .text.rand     0x100117f0       0x78 c:/program files (x86)/atmel/studio/7.0/toolchain/arm/arm-gnu-toolchain/bin/../lib/gcc/arm-none-eabi/5.3.1/../../../../arm-none-eabi/lib/armv6-m\libc_nano.a(lib_a-rand.o)
                0x100117f0                rand
 .text.setbuf   0x10011868       0x12 c:/program files (x86)/atmel/studio/7.0/toolchain/arm/arm-gnu-toolchain/bin/../lib/gcc/arm-none-eabi/5.3.1/../../../../arm-none-eabi/lib/armv6-m\libc_nano.a(lib_a-setbuf.o)
                0x10011868                setbuf
 *fill*         0x1001187a        0x2 
 .text.setvbuf  0x1001187c      0x160 c:/program files (x86)/atmel/studio/7.0/toolchain/arm/arm-gnu-toolchain/bin/../lib/gcc/arm-none-eabi/5.3.1/../../../../arm-none-eabi/lib/armv6-m\libc_nano.a(lib_a-setvbuf.o)
                0x1001187c                setvbuf
 .text.strcpy   0x100119dc       0x10 c:/program files (x86)/atmel/studio/7.0/toolchain/arm/arm-gnu-toolchain/bin/../lib/gcc/arm-none-eabi/5.3.1/../../../../arm-none-eabi/lib/armv6-m\libc_nano.a(lib_a-strcpy.o)
                0x100119dc                strcpy
 .text.__swbuf_r
                0x100119ec       0xb0 c:/program files (x86)/atmel/studio/7.0/toolchain/arm/arm-gnu-toolchain/bin/../lib/gcc/arm-none-eabi/5.3.1/../../../../arm-none-eabi/lib/armv6-m\libc_nano.a(lib_a-wbuf.o)
                0x100119ec                __swbuf_r
 .text.__swsetup_r
                0x10011a9c       0xec c:/program files (x86)/atmel/studio/7.0/toolchain/arm/arm-gnu-toolchain/bin/../lib/gcc/arm-none-eabi/5.3.1/../../../../arm-none-eabi/lib/armv6-m\libc_nano.a(lib_a-wsetup.o)
                0x10011a9c                __swsetup_r
 .text.__sflush_r
                0x10011b88      0x10c c:/program files (x86)/atmel/studio/7.0/toolchain/arm/arm-gnu-toolchain/bin/../lib/gcc/arm-none-eabi/5.3.1/../../../../arm-none-eabi/lib/armv6-m\libc_nano.a(lib_a-fflush.o)
                0x10011b88                __sflush_r
 .text._fflush_r
                0x10011c94       0x58 c:/program files (x86)/atmel/studio/7.0/toolchain/arm/arm-gnu-toolchain/bin/../lib/gcc/arm-none-eabi/5.3.1/../../../../arm-none-eabi/lib/armv6-m\libc_nano.a(lib_a-fflush.o)
                0x10011c94                _fflush_r
 .text._cleanup_r
                0x10011cec       0x10 c:/program files (x86)/atmel/studio/7.0/toolchain/arm/arm-gnu-toolchain/bin/../lib/gcc/arm-none-eabi/5.3.1/../../../../arm-none-eabi/lib/armv6-m\libc_nano.a(lib_a-findfp.o)
                0x10011cec                _cleanup_r
 .text.std.isra.0
                0x10011cfc       0x48 c:/program files (x86)/atmel/studio/7.0/toolchain/arm/arm-gnu-toolchain/bin/../lib/gcc/arm-none-eabi/5.3.1/../../../../arm-none-eabi/lib/armv6-m\libc_nano.a(lib_a-findfp.o)
 .text.__sfmoreglue
                0x10011d44       0x2c c:/program files (x86)/atmel/studio/7.0/toolchain/arm/arm-gnu-toolchain/bin/../lib/gcc/arm-none-eabi/5.3.1/../../../../arm-none-eabi/lib/armv6-m\libc_nano.a(lib_a-findfp.o)
                0x10011d44                __sfmoreglue
 .text.__sinit  0x10011d70       0x68 c:/program files (x86)/atmel/studio/7.0/toolchain/arm/arm-gnu-toolchain/bin/../lib/gcc/arm-none-eabi/5.3.1/../../../../arm-none-eabi/lib/armv6-m\libc_nano.a(lib_a-findfp.o)
                0x10011d70                __sinit
 .text.__sfp    0x10011dd8       0x7c c:/program files (x86)/atmel/studio/7.0/toolchain/arm/arm-gnu-toolchain/bin/../lib/gcc/arm-none-eabi/5.3.1/../../../../arm-none-eabi/lib/armv6-m\libc_nano.a(lib_a-findfp.o)
                0x10011dd8                __sfp
 .text._fwalk_reent
                0x10011e54       0x42 c:/program files (x86)/atmel/studio/7.0/toolchain/arm/arm-gnu-toolchain/bin/../lib/gcc/arm-none-eabi/5.3.1/../../../../arm-none-eabi/lib/armv6-m\libc_nano.a(lib_a-fwalk.o)
                0x10011e54                _fwalk_reent
 *fill*         0x10011e96        0x2 
 .text.__swhatbuf_r
                0x10011e98       0x4c c:/program files (x86)/atmel/studio/7.0/toolchain/arm/arm-gnu-toolchain/bin/../lib/gcc/arm-none-eabi/5.3.1/../../../../arm-none-eabi/lib/armv6-m\libc_nano.a(lib_a-makebuf.o)
                0x10011e98                __swhatbuf_r
 .text.__smakebuf_r
                0x10011ee4       0x7c c:/program files (x86)/atmel/studio/7.0/toolchain/arm/arm-gnu-toolchain/bin/../lib/gcc/arm-none-eabi/5.3.1/../../../../arm-none-eabi/lib/armv6-m\libc_nano.a(lib_a-makebuf.o)
                0x10011ee4                __smakebuf_r
 .text.malloc   0x10011f60       0x14 c:/program files (x86)/atmel/studio/7.0/toolchain/arm/arm-gnu-toolchain/bin/../lib/gcc/arm-none-eabi/5.3.1/../../../../arm-none-eabi/lib/armv6-m\libc_nano.a(lib_a-malloc.o)
                0x10011f60                malloc
 .text._free_r  0x10011f74       0x8c c:/program files (x86)/atmel/studio/7.0/toolchain/arm/arm-gnu-toolchain/bin/../lib/gcc/arm-none-eabi/5.3.1/../../../../arm-none-eabi/lib/armv6-m\libc_nano.a(lib_a-nano-freer.o)
                0x10011f74                _free_r
 .text._malloc_r
                0x10012000       0xac c:/program files (x86)/atmel/studio/7.0/toolchain/arm/arm-gnu-toolchain/bin/../lib/gcc/arm-none-eabi/5.3.1/../../../../arm-none-eabi/lib/armv6-m\libc_nano.a(lib_a-nano-mallocr.o)
                0x10012000                _malloc_r
 .text.__sfputc_r
                0x100120ac       0x2a c:/program files (x86)/atmel/studio/7.0/toolchain/arm/arm-gnu-toolchain/bin/../lib/gcc/arm-none-eabi/5.3.1/../../../../arm-none-eabi/lib/armv6-m\libc_nano.a(lib_a-nano-vfprintf.o)
 .text.__sfputs_r
                0x100120d6       0x24 c:/program files (x86)/atmel/studio/7.0/toolchain/arm/arm-gnu-toolchain/bin/../lib/gcc/arm-none-eabi/5.3.1/../../../../arm-none-eabi/lib/armv6-m\libc_nano.a(lib_a-nano-vfprintf.o)
                0x100120d6                __sfputs_r
 *fill*         0x100120fa        0x2 
 .text._vfprintf_r
                0x100120fc      0x238 c:/program files (x86)/atmel/studio/7.0/toolchain/arm/arm-gnu-toolchain/bin/../lib/gcc/arm-none-eabi/5.3.1/../../../../arm-none-eabi/lib/armv6-m\libc_nano.a(lib_a-nano-vfprintf.o)
                0x100120fc                _vfprintf_r
                0x100120fc                _vfiprintf_r
 .text._printf_common
                0x10012334       0xdc c:/program files (x86)/atmel/studio/7.0/toolchain/arm/arm-gnu-toolchain/bin/../lib/gcc/arm-none-eabi/5.3.1/../../../../arm-none-eabi/lib/armv6-m\libc_nano.a(lib_a-nano-vfprintf_i.o)
                0x10012334                _printf_common
 .text._printf_i
                0x10012410      0x244 c:/program files (x86)/atmel/studio/7.0/toolchain/arm/arm-gnu-toolchain/bin/../lib/gcc/arm-none-eabi/5.3.1/../../../../arm-none-eabi/lib/armv6-m\libc_nano.a(lib_a-nano-vfprintf_i.o)
                0x10012410                _printf_i
 .text._putc_r  0x10012654       0x6c c:/program files (x86)/atmel/studio/7.0/toolchain/arm/arm-gnu-toolchain/bin/../lib/gcc/arm-none-eabi/5.3.1/../../../../arm-none-eabi/lib/armv6-m\libc_nano.a(lib_a-putc.o)
                0x10012654                _putc_r
 .text._sbrk_r  0x100126c0       0x24 c:/program files (x86)/atmel/studio/7.0/toolchain/arm/arm-gnu-toolchain/bin/../lib/gcc/arm-none-eabi/5.3.1/../../../../arm-none-eabi/lib/armv6-m\libc_nano.a(lib_a-sbrkr.o)
                0x100126c0                _sbrk_r
 .text.__sread  0x100126e4       0x28 c:/program files (x86)/atmel/studio/7.0/toolchain/arm/arm-gnu-toolchain/bin/../lib/gcc/arm-none-eabi/5.3.1/../../../../arm-none-eabi/lib/armv6-m\libc_nano.a(lib_a-stdio.o)
                0x100126e4                __sread
 .text.__swrite
                0x1001270c       0x38 c:/program files (x86)/atmel/studio/7.0/toolchain/arm/arm-gnu-toolchain/bin/../lib/gcc/arm-none-eabi/5.3.1/../../../../arm-none-eabi/lib/armv6-m\libc_nano.a(lib_a-stdio.o)
                0x1001270c                __swrite
 .text.__sseek  0x10012744       0x2c c:/program files (x86)/atmel/studio/7.0/toolchain/arm/arm-gnu-toolchain/bin/../lib/gcc/arm-none-eabi/5.3.1/../../../../arm-none-eabi/lib/armv6-m\libc_nano.a(lib_a-stdio.o)
                0x10012744                __sseek
 .text.__sclose
                0x10012770        0xc c:/program files (x86)/atmel/studio/7.0/toolchain/arm/arm-gnu-toolchain/bin/../lib/gcc/arm-none-eabi/5.3.1/../../../../arm-none-eabi/lib/armv6-m\libc_nano.a(lib_a-stdio.o)
                0x10012770                __sclose
 .text._write_r
                0x1001277c       0x28 c:/program files (x86)/atmel/studio/7.0/toolchain/arm/arm-gnu-toolchain/bin/../lib/gcc/arm-none-eabi/5.3.1/../../../../arm-none-eabi/lib/armv6-m\libc_nano.a(lib_a-writer.o)
                0x1001277c                _write_r
 .text._close_r
                0x100127a4       0x24 c:/program files (x86)/atmel/studio/7.0/toolchain/arm/arm-gnu-toolchain/bin/../lib/gcc/arm-none-eabi/5.3.1/../../../../arm-none-eabi/lib/armv6-m\libc_nano.a(lib_a-closer.o)
                0x100127a4                _close_r
 .text._fstat_r
                0x100127c8       0x24 c:/program files (x86)/atmel/studio/7.0/toolchain/arm/arm-gnu-toolchain/bin/../lib/gcc/arm-none-eabi/5.3.1/../../../../arm-none-eabi/lib/armv6-m\libc_nano.a(lib_a-fstatr.o)
                0x100127c8                _fstat_r
 .text._isatty_r
                0x100127ec       0x24 c:/program files (x86)/atmel/studio/7.0/toolchain/arm/arm-gnu-toolchain/bin/../lib/gcc/arm-none-eabi/5.3.1/../../../../arm-none-eabi/lib/armv6-m\libc_nano.a(lib_a-isattyr.o)
                0x100127ec                _isatty_r
 .text._lseek_r
                0x10012810       0x28 c:/program files (x86)/atmel/studio/7.0/toolchain/arm/arm-gnu-toolchain/bin/../lib/gcc/arm-none-eabi/5.3.1/../../../../arm-none-eabi/lib/armv6-m\libc_nano.a(lib_a-lseekr.o)
                0x10012810                _lseek_r
 .text.memchr   0x10012838       0x16 c:/program files (x86)/atmel/studio/7.0/toolchain/arm/arm-gnu-toolchain/bin/../lib/gcc/arm-none-eabi/5.3.1/../../../../arm-none-eabi/lib/armv6-m\libc_nano.a(lib_a-memchr-stub.o)
                0x10012838                memchr
 *fill*         0x1001284e        0x2 
 .text._read_r  0x10012850       0x28 c:/program files (x86)/atmel/studio/7.0/toolchain/arm/arm-gnu-toolchain/bin/../lib/gcc/arm-none-eabi/5.3.1/../../../../arm-none-eabi/lib/armv6-m\libc_nano.a(lib_a-readr.o)
                0x10012850                _read_r
 .text          0x10012878       0x58 c:/program files (x86)/atmel/studio/7.0/toolchain/arm/arm-gnu-toolchain/bin/../lib/gcc/arm-none-eabi/5.3.1/armv6-m\libgcc.a(_muldi3.o)
                0x10012878                __muldi3
                0x10012878                __aeabi_lmul
 *(.glue_7t)
 .glue_7t       0x100128d0        0x0 linker stubs
 *(.glue_7)
 .glue_7        0x100128d0        0x0 linker stubs
 *(.rodata .rodata* .gnu.linkonce.r.*)
 .rodata.system_clock_peripheral_enable
                0x100128d0       0xd8 src/ASF/sam0/drivers/system/system_sam_b.o
 .rodata.system_peripheral_reset
                0x100129a8      0x110 src/ASF/sam0/drivers/system/system_sam_b.o
 .rodata.str1.4
                0x10012ab8       0x4a src/ASF/thirdparty/wireless/ble_smart_sdk/ble_services/battery/battery.o
 *fill*         0x10012b02        0x2 
 .rodata.ble_disconnected_state_handler
                0x10012b04       0x20 src/ASF/thirdparty/wireless/ble_smart_sdk/ble_services/ble_mgr/ble_manager.o
 .rodata.ble_mgr_events_callback_handler
                0x10012b24       0x1c src/ASF/thirdparty/wireless/ble_smart_sdk/ble_services/ble_mgr/ble_manager.o
 .rodata.ble_event_manager
                0x10012b40       0xf0 src/ASF/thirdparty/wireless/ble_smart_sdk/ble_services/ble_mgr/ble_manager.o
 .rodata        0x10012c30       0x19 src/ASF/thirdparty/wireless/ble_smart_sdk/ble_services/ble_mgr/ble_manager.o
 *fill*         0x10012c49        0x3 
 .rodata.ble_mgr_gatt_server_handle
                0x10012c4c       0x28 src/ASF/thirdparty/wireless/ble_smart_sdk/ble_services/ble_mgr/ble_manager.o
 .rodata.str1.4
                0x10012c74      0x612 src/ASF/thirdparty/wireless/ble_smart_sdk/ble_services/ble_mgr/ble_manager.o
                                0x616 (size before relaxing)
 *fill*         0x10013286        0x2 
 .rodata.ble_mgr_gap_handle
                0x10013288       0x4c src/ASF/thirdparty/wireless/ble_smart_sdk/ble_services/ble_mgr/ble_manager.o
 .rodata.battery_app_gap_cb
                0x100132d4       0x4c src/battery_info.o
 .rodata.app_htpt_handle
                0x10013320       0x24 src/battery_info.o
 .rodata.app_gap_cb
                0x10013344       0x4c src/battery_info.o
 .rodata.str1.4
                0x10013390      0x31c src/battery_info.o
                                0x31f (size before relaxing)
 .rodata.battery_app_gatt_server_cb
                0x100136ac       0x28 src/battery_info.o
 .rodata        0x100136d4        0xb ../src/ASF/thirdparty/wireless/ble_smart_sdk/lib/cm0/gcc\libblusdk.a(gap.o)
 .rodata.CSWTCH.45
                0x100136df        0x3 ../src/ASF/thirdparty/wireless/ble_smart_sdk/lib/cm0/gcc\libblusdk.a(gap.o)
 .rodata.CSWTCH.47
                0x100136e2        0xf ../src/ASF/thirdparty/wireless/ble_smart_sdk/lib/cm0/gcc\libblusdk.a(gap.o)
 .rodata.client_conf_uuid
                0x100136f1        0x2 ../src/ASF/thirdparty/wireless/ble_smart_sdk/lib/cm0/gcc\libblusdk.a(gatt_server.o)
                0x100136f1                client_conf_uuid
 .rodata.presentation_format_uuid
                0x100136f3        0x2 ../src/ASF/thirdparty/wireless/ble_smart_sdk/lib/cm0/gcc\libblusdk.a(gatt_server.o)
                0x100136f3                presentation_format_uuid
 .rodata.user_desc_uuid
                0x100136f5        0x2 ../src/ASF/thirdparty/wireless/ble_smart_sdk/lib/cm0/gcc\libblusdk.a(gatt_server.o)
                0x100136f5                user_desc_uuid
 .rodata.server_conf_uuid
                0x100136f7        0x2 ../src/ASF/thirdparty/wireless/ble_smart_sdk/lib/cm0/gcc\libblusdk.a(gatt_server.o)
                0x100136f7                server_conf_uuid
 .rodata.extended_props_uuid
                0x100136f9        0x2 ../src/ASF/thirdparty/wireless/ble_smart_sdk/lib/cm0/gcc\libblusdk.a(gatt_server.o)
                0x100136f9                extended_props_uuid
 .rodata.include_uuid
                0x100136fb        0x2 ../src/ASF/thirdparty/wireless/ble_smart_sdk/lib/cm0/gcc\libblusdk.a(gatt_server.o)
                0x100136fb                include_uuid
 .rodata.char_uuid
                0x100136fd        0x2 ../src/ASF/thirdparty/wireless/ble_smart_sdk/lib/cm0/gcc\libblusdk.a(gatt_server.o)
                0x100136fd                char_uuid
 *fill*         0x100136ff        0x1 
 .rodata        0x10013700       0x40 c:/program files (x86)/atmel/studio/7.0/toolchain/arm/arm-gnu-toolchain/bin/../lib/gcc/arm-none-eabi/5.3.1/armv6-m\libgcc.a(mulsf3.o)
 .rodata        0x10013740       0x40 c:/program files (x86)/atmel/studio/7.0/toolchain/arm/arm-gnu-toolchain/bin/../lib/gcc/arm-none-eabi/5.3.1/armv6-m\libgcc.a(muldf3.o)
 .rodata.str1.1
                0x10013780        0x2 c:/program files (x86)/atmel/studio/7.0/toolchain/arm/arm-gnu-toolchain/bin/../lib/gcc/arm-none-eabi/5.3.1/../../../../arm-none-eabi/lib/armv6-m\libc_nano.a(lib_a-impure.o)
 *fill*         0x10013782        0x2 
 .rodata._global_impure_ptr
                0x10013784        0x4 c:/program files (x86)/atmel/studio/7.0/toolchain/arm/arm-gnu-toolchain/bin/../lib/gcc/arm-none-eabi/5.3.1/../../../../arm-none-eabi/lib/armv6-m\libc_nano.a(lib_a-impure.o)
                0x10013784                _global_impure_ptr
 .rodata.__sf_fake_stdin
                0x10013788       0x20 c:/program files (x86)/atmel/studio/7.0/toolchain/arm/arm-gnu-toolchain/bin/../lib/gcc/arm-none-eabi/5.3.1/../../../../arm-none-eabi/lib/armv6-m\libc_nano.a(lib_a-findfp.o)
                0x10013788                __sf_fake_stdin
 .rodata.__sf_fake_stdout
                0x100137a8       0x20 c:/program files (x86)/atmel/studio/7.0/toolchain/arm/arm-gnu-toolchain/bin/../lib/gcc/arm-none-eabi/5.3.1/../../../../arm-none-eabi/lib/armv6-m\libc_nano.a(lib_a-findfp.o)
                0x100137a8                __sf_fake_stdout
 .rodata.__sf_fake_stderr
                0x100137c8       0x20 c:/program files (x86)/atmel/studio/7.0/toolchain/arm/arm-gnu-toolchain/bin/../lib/gcc/arm-none-eabi/5.3.1/../../../../arm-none-eabi/lib/armv6-m\libc_nano.a(lib_a-findfp.o)
                0x100137c8                __sf_fake_stderr
 .rodata.str1.1
                0x100137e8       0x11 c:/program files (x86)/atmel/studio/7.0/toolchain/arm/arm-gnu-toolchain/bin/../lib/gcc/arm-none-eabi/5.3.1/../../../../arm-none-eabi/lib/armv6-m\libc_nano.a(lib_a-nano-vfprintf.o)
 .rodata.str1.1
                0x100137f9       0x22 c:/program files (x86)/atmel/studio/7.0/toolchain/arm/arm-gnu-toolchain/bin/../lib/gcc/arm-none-eabi/5.3.1/../../../../arm-none-eabi/lib/armv6-m\libc_nano.a(lib_a-nano-vfprintf_i.o)
 *(.ARM.extab* .gnu.linkonce.armextab.*)
                0x1001381c                . = ALIGN (0x4)
 *fill*         0x1001381b        0x1 
 *(.init)
 .init          0x1001381c        0x4 c:/program files (x86)/atmel/studio/7.0/toolchain/arm/arm-gnu-toolchain/bin/../lib/gcc/arm-none-eabi/5.3.1/armv6-m/crti.o
                0x1001381c                _init
 .init          0x10013820        0x8 c:/program files (x86)/atmel/studio/7.0/toolchain/arm/arm-gnu-toolchain/bin/../lib/gcc/arm-none-eabi/5.3.1/armv6-m/crtn.o
                0x10013828                . = ALIGN (0x4)
                0x10013828                __preinit_array_start = .
 *(.preinit_array)
                0x10013828                __preinit_array_end = .
                0x10013828                . = ALIGN (0x4)
                0x10013828                __init_array_start = .
 *(SORT(.init_array.*))
 *(.init_array)
 .init_array    0x10013828        0x4 c:/program files (x86)/atmel/studio/7.0/toolchain/arm/arm-gnu-toolchain/bin/../lib/gcc/arm-none-eabi/5.3.1/armv6-m/crtbegin.o
                0x1001382c                __init_array_end = .
                0x1001382c                . = ALIGN (0x4)
 *crtbegin.o(.ctors)
 *(EXCLUDE_FILE(*crtend.o) .ctors)
 *(SORT(.ctors.*))
 *crtend.o(.ctors)
                0x1001382c                . = ALIGN (0x4)
 *(.fini)
 .fini          0x1001382c        0x4 c:/program files (x86)/atmel/studio/7.0/toolchain/arm/arm-gnu-toolchain/bin/../lib/gcc/arm-none-eabi/5.3.1/armv6-m/crti.o
                0x1001382c                _fini
 .fini          0x10013830        0x8 c:/program files (x86)/atmel/studio/7.0/toolchain/arm/arm-gnu-toolchain/bin/../lib/gcc/arm-none-eabi/5.3.1/armv6-m/crtn.o
                0x10013838                . = ALIGN (0x4)
                0x10013838                __fini_array_start = .
 *(.fini_array)
 .fini_array    0x10013838        0x4 c:/program files (x86)/atmel/studio/7.0/toolchain/arm/arm-gnu-toolchain/bin/../lib/gcc/arm-none-eabi/5.3.1/armv6-m/crtbegin.o
 *(SORT(.fini_array.*))
                0x1001383c                __fini_array_end = .
 *crtbegin.o(.dtors)
 *(EXCLUDE_FILE(*crtend.o) .dtors)
 *(SORT(.dtors.*))
 *crtend.o(.dtors)
                0x1001383c                . = ALIGN (0x4)
                0x1001383c                _efixed = .

.vfp11_veneer   0x1001383c        0x0
 .vfp11_veneer  0x1001383c        0x0 linker stubs

.v4_bx          0x1001383c        0x0
 .v4_bx         0x1001383c        0x0 linker stubs

.iplt           0x1001383c        0x0
 .iplt          0x1001383c        0x0 c:/program files (x86)/atmel/studio/7.0/toolchain/arm/arm-gnu-toolchain/bin/../lib/gcc/arm-none-eabi/5.3.1/armv6-m/crtbegin.o

.eh_frame       0x1001383c        0x0
 .eh_frame      0x1001383c        0x0 c:/program files (x86)/atmel/studio/7.0/toolchain/arm/arm-gnu-toolchain/bin/../lib/gcc/arm-none-eabi/5.3.1/armv6-m/crtbegin.o

.rel.dyn        0x1001383c        0x0
 .rel.iplt      0x1001383c        0x0 c:/program files (x86)/atmel/studio/7.0/toolchain/arm/arm-gnu-toolchain/bin/../lib/gcc/arm-none-eabi/5.3.1/armv6-m/crtbegin.o

.jcr            0x1001383c        0x0
 .jcr           0x1001383c        0x0 c:/program files (x86)/atmel/studio/7.0/toolchain/arm/arm-gnu-toolchain/bin/../lib/gcc/arm-none-eabi/5.3.1/armv6-m/crtbegin.o

.igot.plt       0x1001383c        0x0
 .igot.plt      0x1001383c        0x0 c:/program files (x86)/atmel/studio/7.0/toolchain/arm/arm-gnu-toolchain/bin/../lib/gcc/arm-none-eabi/5.3.1/armv6-m/crtbegin.o
                0x1001383c                . = ALIGN (0x4)
                0x1001383c                _etext = .

.relocate       0x1001383c       0x78
                0x1001383c                . = ALIGN (0x4)
                0x1001383c                _srelocate = .
 *(.ramfunc .ramfunc.*)
 *(.data .data.*)
 .data._dma_inst
                0x1001383c        0xc src/ASF/sam0/drivers/dma/dma_sam_b.o
                0x1001383c                _dma_inst
 .data.battery_init_value
                0x10013848        0x1 src/ASF/thirdparty/wireless/ble_smart_sdk/ble_services/battery/battery.o
                0x10013848                battery_init_value
 .data.flag     0x10013849        0x1 src/battery_info.o
                0x10013849                flag
 .data.battery_flag
                0x1001384a        0x1 src/battery_info.o
                0x1001384a                battery_flag
 .data.l2cap_avail_buffers
                0x1001384b        0x1 ../src/ASF/thirdparty/wireless/ble_smart_sdk/lib/cm0/gcc\libblusdk.a(l2cc_task.o)
                0x1001384b                l2cap_avail_buffers
 .data.dummy_buffer
                0x1001384c        0x4 ../src/ASF/thirdparty/wireless/ble_smart_sdk/lib/cm0/gcc\libblusdk.a(interface.o)
                0x1001384c                dummy_buffer
 .data.impure_data
                0x10013850       0x60 c:/program files (x86)/atmel/studio/7.0/toolchain/arm/arm-gnu-toolchain/bin/../lib/gcc/arm-none-eabi/5.3.1/../../../../arm-none-eabi/lib/armv6-m\libc_nano.a(lib_a-impure.o)
 .data._impure_ptr
                0x100138b0        0x4 c:/program files (x86)/atmel/studio/7.0/toolchain/arm/arm-gnu-toolchain/bin/../lib/gcc/arm-none-eabi/5.3.1/../../../../arm-none-eabi/lib/armv6-m\libc_nano.a(lib_a-impure.o)
                0x100138b0                _impure_ptr
                0x100138b4                . = ALIGN (0x4)
                0x100138b4                _erelocate = .

.bss            0x100138b4     0x2d3c
                0x100138b4                . = ALIGN (0x4)
                0x100138b4                _sbss = .
                0x100138b4                _szero = .
 *(.bss .bss.*)
 .bss           0x100138b4       0x1c c:/program files (x86)/atmel/studio/7.0/toolchain/arm/arm-gnu-toolchain/bin/../lib/gcc/arm-none-eabi/5.3.1/armv6-m/crtbegin.o
 .bss.resolution
                0x100138d0        0x1 src/ASF/common2/components/memory/eeprom/at30tse75x/at30tse75x.o
                0x100138d0                resolution
 *fill*         0x100138d1        0x3 
 .bss._dma_active_resource
                0x100138d4       0x14 src/ASF/sam0/drivers/dma/dma_sam_b.o
 .bss.aon_sleep_timer_callback
                0x100138e8        0x4 src/ASF/sam0/drivers/aon_sleep_timer/aon_sleep_timer.o
 .bss.dualtimer_callback_timer1
                0x100138ec        0x4 src/ASF/sam0/drivers/dualtimer/dualtimer.o
 .bss.dualtimer_callback_timer2
                0x100138f0        0x4 src/ASF/sam0/drivers/dualtimer/dualtimer.o
 .bss.heap.5286
                0x100138f4        0x4 src/ASF/sam0/utils/syscalls/gcc/syscalls.o
 .bss.bat_notification_flag
                0x100138f8        0x1 src/ASF/thirdparty/wireless/ble_smart_sdk/ble_services/battery/battery.o
                0x100138f8                bat_notification_flag
 *fill*         0x100138f9        0x3 
 .bss.event_pool_memory
                0x100138fc      0x400 src/ASF/thirdparty/wireless/ble_smart_sdk/ble_services/ble_mgr/ble_manager.o
                0x100138fc                event_pool_memory
 .bss.att_db_data
                0x10013cfc      0x4e0 src/ASF/thirdparty/wireless/ble_smart_sdk/ble_services/ble_mgr/ble_manager.o
                0x10013cfc                att_db_data
 .bss.ble_user_event_cb
                0x100141dc        0x4 src/ASF/thirdparty/wireless/ble_smart_sdk/ble_services/ble_mgr/ble_manager.o
                0x100141dc                ble_user_event_cb
 .bss.scan_response_count
                0x100141e0        0x1 src/ASF/thirdparty/wireless/ble_smart_sdk/ble_services/ble_mgr/ble_manager.o
                0x100141e0                scan_response_count
 *fill*         0x100141e1        0x3 
 .bss.ble_peripheral_dev_address
                0x100141e4        0x7 src/ASF/thirdparty/wireless/ble_smart_sdk/ble_services/ble_mgr/ble_manager.o
 *fill*         0x100141eb        0x1 
 .bss.event_params_memory
                0x100141ec     0x1000 src/ASF/thirdparty/wireless/ble_smart_sdk/ble_services/ble_mgr/ble_manager.o
                0x100141ec                event_params_memory
 .bss.aon_status
                0x100151ec        0x1 src/ASF/thirdparty/wireless/ble_smart_sdk/services/aon_sleep_timer/aon_sleep_timer_basic.o
                0x100151ec                aon_status
 *fill*         0x100151ed        0x3 
 .bss.tick      0x100151f0        0x4 src/ASF/thirdparty/wireless/ble_smart_sdk/services/uart/console_serial.o
                0x100151f0                tick
 .bss.read_status
                0x100151f4        0x1 src/ASF/thirdparty/wireless/ble_smart_sdk/services/uart/console_serial.o
                0x100151f4                read_status
 *fill*         0x100151f5        0x3 
 .bss.string_input
                0x100151f8        0x1 src/ASF/thirdparty/wireless/ble_smart_sdk/services/uart/console_serial.o
                0x100151f8                string_input
 *fill*         0x100151f9        0x3 
 .bss.user_callback_func
                0x100151fc        0x4 src/ASF/thirdparty/wireless/ble_smart_sdk/services/uart/console_serial.o
                0x100151fc                user_callback_func
 .bss.platform_event_pending_list
                0x10015200        0x4 src/ASF/thirdparty/wireless/ble_smart_sdk/src/event_handler.o
 .bss.platform_event_free_list
                0x10015204        0x4 src/ASF/thirdparty/wireless/ble_smart_sdk/src/event_handler.o
 .bss.platform_event_pool
                0x10015208       0x78 src/ASF/thirdparty/wireless/ble_smart_sdk/src/event_handler.o
 .bss.ke_free   0x10015280        0x4 src/ASF/thirdparty/wireless/ble_smart_sdk/src/platform_drv.o
 .bss.gapm_get_id_from_task
                0x10015284        0x4 src/ASF/thirdparty/wireless/ble_smart_sdk/src/platform_drv.o
 .bss.gapm_get_task_from_id
                0x10015288        0x4 src/ASF/thirdparty/wireless/ble_smart_sdk/src/platform_drv.o
 .bss.rcv_msg.12904
                0x1001528c        0x4 src/ASF/thirdparty/wireless/ble_smart_sdk/src/platform_drv.o
 .bss.os_sem_up
                0x10015290        0x4 src/ASF/thirdparty/wireless/ble_smart_sdk/src/platform_drv.o
 .bss.pwr_wait_BLE_out_of_reset
                0x10015294        0x4 src/ASF/thirdparty/wireless/ble_smart_sdk/src/platform_drv.o
 .bss.platform_initialized
                0x10015298        0x1 src/ASF/thirdparty/wireless/ble_smart_sdk/src/platform_drv.o
                0x10015298                platform_initialized
 *fill*         0x10015299        0x3 
 .bss.pwr_disable_arm_wakeup
                0x1001529c        0x4 src/ASF/thirdparty/wireless/ble_smart_sdk/src/platform_drv.o
 .bss.gstrFwSem
                0x100152a0        0x4 src/ASF/thirdparty/wireless/ble_smart_sdk/src/platform_drv.o
 .bss.os_sem_down
                0x100152a4        0x4 src/ASF/thirdparty/wireless/ble_smart_sdk/src/platform_drv.o
 .bss.pwr_enable_arm_wakeup
                0x100152a8        0x4 src/ASF/thirdparty/wireless/ble_smart_sdk/src/platform_drv.o
 .bss.NMI_MsgQueueRecv
                0x100152ac        0x4 src/ASF/thirdparty/wireless/ble_smart_sdk/src/platform_drv.o
 .bss.ke_msg_send
                0x100152b0        0x4 src/ASF/thirdparty/wireless/ble_smart_sdk/src/platform_drv.o
 .bss.ke_msg_hdr.12905
                0x100152b4        0x4 src/ASF/thirdparty/wireless/ble_smart_sdk/src/platform_drv.o
 .bss.ble_stack_message_handler
                0x100152b8        0x4 src/ASF/thirdparty/wireless/ble_smart_sdk/src/platform_drv.o
 .bss.pwr_arm_wakeup_req
                0x100152bc        0x4 src/ASF/thirdparty/wireless/ble_smart_sdk/src/platform_drv.o
 .bss.ke_msg_alloc
                0x100152c0        0x4 src/ASF/thirdparty/wireless/ble_smart_sdk/src/platform_drv.o
 .bss.InternalAppMsgQHandle
                0x100152c4        0x4 src/ASF/thirdparty/wireless/ble_smart_sdk/src/platform_drv.o
 .bss.string    0x100152c8        0x7 src/battery_info.o
 .bss.Temp_Notification_Flag
                0x100152cf        0x1 src/battery_info.o
                0x100152cf                Temp_Notification_Flag
 .bss.timer_cb_done
                0x100152d0        0x1 src/battery_info.o
                0x100152d0                timer_cb_done
 *fill*         0x100152d1        0x3 
 .bss.temperature_buffer
                0x100152d4        0x7 src/battery_info.o
 .bss.Timer_Flag
                0x100152db        0x1 src/battery_info.o
                0x100152db                Timer_Flag
 .bss.spare_event
                0x100152dc       0x10 ../src/ASF/thirdparty/wireless/ble_smart_sdk/lib/cm0/gcc\libblusdk.a(event.o)
 .bss.spare_event_busy
                0x100152ec        0x1 ../src/ASF/thirdparty/wireless/ble_smart_sdk/lib/cm0/gcc\libblusdk.a(event.o)
 *fill*         0x100152ed        0x3 
 .bss.event_pending_list
                0x100152f0        0x4 ../src/ASF/thirdparty/wireless/ble_smart_sdk/lib/cm0/gcc\libblusdk.a(event.o)
 .bss.event_free_list