Archive member included because of file (symbol)

c:/siliconlabs/simplicitystudio/v3/developer/toolchains/gnu_arm/4.8_2013q4/bin/../lib/gcc/arm-none-eabi/4.8.3/armv7-m\libgcc.a(_arm_addsubdf3.o)
                              ./src/main.o (__aeabi_f2d)
c:/siliconlabs/simplicitystudio/v3/developer/toolchains/gnu_arm/4.8_2013q4/bin/../lib/gcc/arm-none-eabi/4.8.3/armv7-m\libgcc.a(_arm_addsubsf3.o)
                              ./src/main.o (__aeabi_fsub)
c:/siliconlabs/simplicitystudio/v3/developer/toolchains/gnu_arm/4.8_2013q4/bin/../lib/gcc/arm-none-eabi/4.8.3/armv7-m\libgcc.a(_arm_muldivsf3.o)
                              ./src/main.o (__aeabi_fmul)
c:/siliconlabs/simplicitystudio/v3/developer/toolchains/gnu_arm/4.8_2013q4/bin/../lib/gcc/arm-none-eabi/4.8.3/armv7-m\libgcc.a(_arm_cmpsf2.o)
                              ./src/main.o (__aeabi_fcmplt)
c:/siliconlabs/simplicitystudio/v3/developer/toolchains/gnu_arm/4.8_2013q4/bin/../lib/gcc/arm-none-eabi/4.8.3/armv7-m\libgcc.a(_arm_fixunssfsi.o)
                              ./src/main.o (__aeabi_f2uiz)
c:/siliconlabs/simplicitystudio/v3/developer/toolchains/gnu_arm/4.8_2013q4/bin/../lib/gcc/arm-none-eabi/4.8.3/armv7-m\libgcc.a(_aeabi_uldivmod.o)
                              ./emlib/em_usart.o (__aeabi_uldivmod)
c:/siliconlabs/simplicitystudio/v3/developer/toolchains/gnu_arm/4.8_2013q4/bin/../lib/gcc/arm-none-eabi/4.8.3/armv7-m\libgcc.a(bpabi.o)
                              c:/siliconlabs/simplicitystudio/v3/developer/toolchains/gnu_arm/4.8_2013q4/bin/../lib/gcc/arm-none-eabi/4.8.3/armv7-m\libgcc.a(_aeabi_uldivmod.o) (__gnu_uldivmod_helper)
c:/siliconlabs/simplicitystudio/v3/developer/toolchains/gnu_arm/4.8_2013q4/bin/../lib/gcc/arm-none-eabi/4.8.3/armv7-m\libgcc.a(_dvmd_tls.o)
                              c:/siliconlabs/simplicitystudio/v3/developer/toolchains/gnu_arm/4.8_2013q4/bin/../lib/gcc/arm-none-eabi/4.8.3/armv7-m\libgcc.a(_aeabi_uldivmod.o) (__aeabi_ldiv0)
c:/siliconlabs/simplicitystudio/v3/developer/toolchains/gnu_arm/4.8_2013q4/bin/../lib/gcc/arm-none-eabi/4.8.3/armv7-m\libgcc.a(_divdi3.o)
                              c:/siliconlabs/simplicitystudio/v3/developer/toolchains/gnu_arm/4.8_2013q4/bin/../lib/gcc/arm-none-eabi/4.8.3/armv7-m\libgcc.a(bpabi.o) (__divdi3)
c:/siliconlabs/simplicitystudio/v3/developer/toolchains/gnu_arm/4.8_2013q4/bin/../lib/gcc/arm-none-eabi/4.8.3/armv7-m\libgcc.a(_udivdi3.o)
                              c:/siliconlabs/simplicitystudio/v3/developer/toolchains/gnu_arm/4.8_2013q4/bin/../lib/gcc/arm-none-eabi/4.8.3/armv7-m\libgcc.a(bpabi.o) (__udivdi3)
c:/siliconlabs/simplicitystudio/v3/developer/toolchains/gnu_arm/4.8_2013q4/bin/../lib/gcc/arm-none-eabi/4.8.3/../../../../arm-none-eabi/lib/armv7-m\libc_s.a(lib_a-exit.o)
                              c:/siliconlabs/simplicitystudio/v3/developer/toolchains/gnu_arm/4.8_2013q4/bin/../lib/gcc/arm-none-eabi/4.8.3/../../../../arm-none-eabi/lib/armv7-m/crt0.o (exit)
c:/siliconlabs/simplicitystudio/v3/developer/toolchains/gnu_arm/4.8_2013q4/bin/../lib/gcc/arm-none-eabi/4.8.3/../../../../arm-none-eabi/lib/armv7-m\libc_s.a(lib_a-impure.o)
                              c:/siliconlabs/simplicitystudio/v3/developer/toolchains/gnu_arm/4.8_2013q4/bin/../lib/gcc/arm-none-eabi/4.8.3/../../../../arm-none-eabi/lib/armv7-m\libc_s.a(lib_a-exit.o) (_global_impure_ptr)
c:/siliconlabs/simplicitystudio/v3/developer/toolchains/gnu_arm/4.8_2013q4/bin/../lib/gcc/arm-none-eabi/4.8.3/../../../../arm-none-eabi/lib/armv7-m\libc_s.a(lib_a-init.o)
                              c:/siliconlabs/simplicitystudio/v3/developer/toolchains/gnu_arm/4.8_2013q4/bin/../lib/gcc/arm-none-eabi/4.8.3/../../../../arm-none-eabi/lib/armv7-m/crt0.o (__libc_init_array)
c:/siliconlabs/simplicitystudio/v3/developer/toolchains/gnu_arm/4.8_2013q4/bin/../lib/gcc/arm-none-eabi/4.8.3/../../../../arm-none-eabi/lib/armv7-m\libc_s.a(lib_a-malloc.o)
                              ./src/circBuffer.o (malloc)
c:/siliconlabs/simplicitystudio/v3/developer/toolchains/gnu_arm/4.8_2013q4/bin/../lib/gcc/arm-none-eabi/4.8.3/../../../../arm-none-eabi/lib/armv7-m\libc_s.a(lib_a-memset.o)
                              c:/siliconlabs/simplicitystudio/v3/developer/toolchains/gnu_arm/4.8_2013q4/bin/../lib/gcc/arm-none-eabi/4.8.3/../../../../arm-none-eabi/lib/armv7-m/crt0.o (memset)
c:/siliconlabs/simplicitystudio/v3/developer/toolchains/gnu_arm/4.8_2013q4/bin/../lib/gcc/arm-none-eabi/4.8.3/../../../../arm-none-eabi/lib/armv7-m\libc_s.a(lib_a-nano-freer.o)
                              c:/siliconlabs/simplicitystudio/v3/developer/toolchains/gnu_arm/4.8_2013q4/bin/../lib/gcc/arm-none-eabi/4.8.3/../../../../arm-none-eabi/lib/armv7-m\libc_s.a(lib_a-malloc.o) (_free_r)
c:/siliconlabs/simplicitystudio/v3/developer/toolchains/gnu_arm/4.8_2013q4/bin/../lib/gcc/arm-none-eabi/4.8.3/../../../../arm-none-eabi/lib/armv7-m\libc_s.a(lib_a-nano-mallocr.o)
[...]
Memory Configuration

Name             Origin             Length             Attributes
FLASH            0x00000000         0x00040000         xr
RAM              0x20000000         0x00008000         xrw
*default*        0x00000000         0xffffffff

Linker script and memory map

LOAD c:/siliconlabs/simplicitystudio/v3/developer/toolchains/gnu_arm/4.8_2013q4/bin/../lib/gcc/arm-none-eabi/4.8.3/armv7-m/crti.o
LOAD c:/siliconlabs/simplicitystudio/v3/developer/toolchains/gnu_arm/4.8_2013q4/bin/../lib/gcc/arm-none-eabi/4.8.3/armv7-m/crtbegin.o
LOAD c:/siliconlabs/simplicitystudio/v3/developer/toolchains/gnu_arm/4.8_2013q4/bin/../lib/gcc/arm-none-eabi/4.8.3/../../../../arm-none-eabi/lib/armv7-m/crt0.o
LOAD ./src/InitDevice.o
LOAD ./src/circBuffer.o
LOAD ./src/dmactrl.o
LOAD ./src/i2c.o
LOAD ./src/leuart.o
LOAD ./src/main.o
LOAD ./src/sleep.o
LOAD ./emlib/em_acmp.o
LOAD ./emlib/em_adc.o
LOAD ./emlib/em_aes.o
LOAD ./emlib/em_assert.o
LOAD ./emlib/em_burtc.o
LOAD ./emlib/em_cmu.o
LOAD ./emlib/em_cryotimer.o
LOAD ./emlib/em_crypto.o
LOAD ./emlib/em_dac.o
LOAD ./emlib/em_dbg.o
LOAD ./emlib/em_dma.o
LOAD ./emlib/em_ebi.o
LOAD ./emlib/em_emu.o
LOAD ./emlib/em_gpcrc.o
LOAD ./emlib/em_gpio.o
LOAD ./emlib/em_i2c.o
LOAD ./emlib/em_idac.o
LOAD ./emlib/em_int.o
LOAD ./emlib/em_lcd.o
LOAD ./emlib/em_ldma.o
LOAD ./emlib/em_lesense.o
LOAD ./emlib/em_letimer.o
LOAD ./emlib/em_leuart.o
LOAD ./emlib/em_mpu.o
LOAD ./emlib/em_msc.o
LOAD ./emlib/em_opamp.o
LOAD ./emlib/em_pcnt.o
LOAD ./emlib/em_prs.o
LOAD ./emlib/em_rmu.o
LOAD ./emlib/em_rtc.o
LOAD ./emlib/em_rtcc.o
LOAD ./emlib/em_system.o
LOAD ./emlib/em_timer.o
LOAD ./emlib/em_usart.o
LOAD ./emlib/em_vcmp.o
LOAD ./emlib/em_wdog.o
LOAD ./CMSIS/efm32lg/startup_gcc_efm32lg.o
LOAD ./CMSIS/efm32lg/system_efm32lg.o
START GROUP
LOAD c:/siliconlabs/simplicitystudio/v3/developer/toolchains/gnu_arm/4.8_2013q4/bin/../lib/gcc/arm-none-eabi/4.8.3/armv7-m\libgcc.a
LOAD c:/siliconlabs/simplicitystudio/v3/developer/toolchains/gnu_arm/4.8_2013q4/bin/../lib/gcc/arm-none-eabi/4.8.3/../../../../arm-none-eabi/lib/armv7-m\libc_s.a
LOAD c:/siliconlabs/simplicitystudio/v3/developer/toolchains/gnu_arm/4.8_2013q4/bin/../lib/gcc/arm-none-eabi/4.8.3/../../../../arm-none-eabi/lib/armv7-m\libnosys.a
END GROUP
START GROUP
LOAD c:/siliconlabs/simplicitystudio/v3/developer/toolchains/gnu_arm/4.8_2013q4/bin/../lib/gcc/arm-none-eabi/4.8.3/armv7-m\libgcc.a
LOAD c:/siliconlabs/simplicitystudio/v3/developer/toolchains/gnu_arm/4.8_2013q4/bin/../lib/gcc/arm-none-eabi/4.8.3/../../../../arm-none-eabi/lib/armv7-m\libg_s.a
LOAD c:/siliconlabs/simplicitystudio/v3/developer/toolchains/gnu_arm/4.8_2013q4/bin/../lib/gcc/arm-none-eabi/4.8.3/../../../../arm-none-eabi/lib/armv7-m\libc_s.a
END GROUP
START GROUP
LOAD c:/siliconlabs/simplicitystudio/v3/developer/toolchains/gnu_arm/4.8_2013q4/bin/../lib/gcc/arm-none-eabi/4.8.3/armv7-m\libgcc.a
LOAD c:/siliconlabs/simplicitystudio/v3/developer/toolchains/gnu_arm/4.8_2013q4/bin/../lib/gcc/arm-none-eabi/4.8.3/../../../../arm-none-eabi/lib/armv7-m\libc_s.a
END GROUP
LOAD c:/siliconlabs/simplicitystudio/v3/developer/toolchains/gnu_arm/4.8_2013q4/bin/../lib/gcc/arm-none-eabi/4.8.3/armv7-m/crtend.o
LOAD c:/siliconlabs/simplicitystudio/v3/developer/toolchains/gnu_arm/4.8_2013q4/bin/../lib/gcc/arm-none-eabi/4.8.3/armv7-m/crtn.o

.text           0x00000000     0x6ab4
 *(.vectors)
 .vectors       0x00000000       0xe0 ./CMSIS/efm32lg/startup_gcc_efm32lg.o
                0x00000000                __Vectors
                0x000000e0                __Vectors_End = .
                0x000000e0                __Vectors_Size = (__Vectors_End - __Vectors)
                0x000000e0                __end__ = .
 *(.text*)
 .text          0x000000e0       0x54 c:/siliconlabs/simplicitystudio/v3/developer/toolchains/gnu_arm/4.8_2013q4/bin/../lib/gcc/arm-none-eabi/4.8.3/armv7-m/crtbegin.o
 .text          0x00000134       0x74 c:/siliconlabs/simplicitystudio/v3/developer/toolchains/gnu_arm/4.8_2013q4/bin/../lib/gcc/arm-none-eabi/4.8.3/../../../../arm-none-eabi/lib/armv7-m/crt0.o
                0x00000134                _start
                0x00000134                _mainCRTStartup
 .text.circBufferInit
                0x000001a8       0x24 ./src/circBuffer.o
                0x000001a8                circBufferInit
 .text.circBuffIsFull
                0x000001cc       0x48 ./src/circBuffer.o
                0x000001cc                circBuffIsFull
 .text.circBufferPush
                0x00000214       0x80 ./src/circBuffer.o
                0x00000214                circBufferPush
 .text.circBufferPop
                0x00000294       0x3c ./src/circBuffer.o
                0x00000294                circBufferPop
 .text.I2C_Start
                0x000002d0       0x38 ./src/i2c.o
                0x000002d0                I2C_Start
 .text.I2C_WriteByte
                0x00000308       0x78 ./src/i2c.o
                0x00000308                I2C_WriteByte
 .text.I2C_ReadByte
                0x00000380       0x8c ./src/i2c.o
                0x00000380                I2C_ReadByte
 .text.TL2561_init
                0x0000040c       0x40 ./src/i2c.o
                0x0000040c                TL2561_init
 .text.I2C_CommandWrite
                0x0000044c       0x38 ./src/i2c.o
                0x0000044c                I2C_CommandWrite
 .text.I2C_PIN_Initialize
                0x00000484       0x20 ./src/i2c.o
                0x00000484                I2C_PIN_Initialize
 .text.I2C_Initialize
                0x000004a4       0x50 ./src/i2c.o
                0x000004a4                I2C_Initialize
 .text.NVIC_EnableIRQ
                0x000004f4       0x30 ./src/leuart.o
 .text.NVIC_ClearPendingIRQ
                0x00000524       0x34 ./src/leuart.o
 .text.INT_Disable
                0x00000558       0x2c ./src/leuart.o
 .text.INT_Enable
                0x00000584       0x3c ./src/leuart.o
 .text.LEUART_IntClear
                0x000005c0       0x1c ./src/leuart.o
 .text.LEUART_IntGet
                0x000005dc       0x18 ./src/leuart.o
 .text.LEUART0_IRQHandler
                0x000005f4      0x124 ./src/leuart.o
                0x000005f4                LEUART0_IRQHandler
 .text.leuart_pin_initialize
                0x00000718       0x20 ./src/leuart.o
                0x00000718                leuart_pin_initialize
 .text.leuart_initialize
                0x00000738       0x6c ./src/leuart.o
                0x00000738                leuart_initialize
 .text.NVIC_EnableIRQ
                0x000007a4       0x30 ./src/main.o
 .text.NVIC_DisableIRQ
                0x000007d4       0x34 ./src/main.o
 .text.GPIO_IntClear
                0x00000808       0x20 ./src/main.o
 .text.GPIO_IntGet
                0x00000828       0x18 ./src/main.o
 .text.GPIO_PinOutClear
                0x00000840       0x58 ./src/main.o
 .text.GPIO_PinOutSet
                0x00000898       0x58 ./src/main.o
 .text.GPIO_IntConfig
                0x000008f0       0x2c ./src/main.o
 .text.CHIP_Init
                0x0000091c       0x40 ./src/main.o
 .text.INT_Disable
                0x0000095c       0x2c ./src/main.o
 .text.INT_Enable
                0x00000988       0x3c ./src/main.o
 .text.LETIMER_IntClear
                0x000009c4       0x1c ./src/main.o
 .text.LETIMER_IntEnable
                0x000009e0       0x20 ./src/main.o
 .text.TIMER_Enable
                0x00000a00       0x5c ./src/main.o
 .text.TIMER_IntClear
                0x00000a5c       0x1c ./src/main.o
 .text.TIMER_IntEnable
                0x00000a78       0x20 ./src/main.o
 .text.ADC_IntClear
                0x00000a98       0x1c ./src/main.o
 .text.ADC_Start
                0x00000ab4       0x1c ./src/main.o
 .text.convertToCelsius
                0x00000ad0       0x70 ./src/main.o
                0x00000ad0                convertToCelsius
 .text.transferComplete
                0x00000b40      0x130 ./src/main.o
                0x00000b40                transferComplete
 .text.GPIO_ODD_IRQHandler
                0x00000c70       0xd4 ./src/main.o
                0x00000c70                GPIO_ODD_IRQHandler
 .text.TIMER0_IRQHandler
                0x00000d44       0x14 ./src/main.o
                0x00000d44                TIMER0_IRQHandler
 .text.ACMP0_IRQHandler
                0x00000d58       0x18 ./src/main.o
                0x00000d58                ACMP0_IRQHandler
 .text.ADC0_IRQHandler
                0x00000d70       0xe0 ./src/main.o
                0x00000d70                ADC0_IRQHandler
 .text.LETIMER0_IRQHandler
                0x00000e50      0x124 ./src/main.o
                0x00000e50                LETIMER0_IRQHandler
 .text.clock_init
                0x00000f74       0x74 ./src/main.o
                0x00000f74                clock_init
 .text.letimer_initialize
                0x00000fe8      0x108 ./src/main.o
                0x00000fe8                letimer_initialize
 .text.GPIO_init
                0x000010f0       0x78 ./src/main.o
                0x000010f0                GPIO_init
 .text.TIMER_SETUP
                0x00001168       0x9c ./src/main.o
                0x00001168                TIMER_SETUP
 .text.LETIMER_Calibration
                0x00001204      0x1c0 ./src/main.o
                0x00001204                LETIMER_Calibration
 .text.adcConfig
                0x000013c4       0x58 ./src/main.o
                0x000013c4                adcConfig
 .text.dmaConfig_ADC
                0x0000141c       0x80 ./src/main.o
                0x0000141c                dmaConfig_ADC
 .text.main     0x0000149c       0x3c ./src/main.o
                0x0000149c                main
 .text.INT_Disable
                0x000014d8       0x2c ./src/sleep.o
 .text.INT_Enable
                0x00001504       0x3c ./src/sleep.o
 .text.EMU_EnterEM1
                0x00001540       0x20 ./src/sleep.o
 .text.unblockSleepMode
                0x00001560       0x38 ./src/sleep.o
                0x00001560                unblockSleepMode
 .text.blockSleepMode
                0x00001598       0x2c ./src/sleep.o
                0x00001598                blockSleepMode
 .text.sleep    0x000015c4       0x48 ./src/sleep.o
                0x000015c4                sleep
 .text.ADC_LoadDevinfoCal
                0x0000160c      0x120 ./emlib/em_adc.o
 .text.ADC_Init
                0x0000172c       0x88 ./emlib/em_adc.o
                0x0000172c                ADC_Init
 .text.ADC_InitSingle
                0x000017b4       0x98 ./emlib/em_adc.o
                0x000017b4                ADC_InitSingle
 .text.ADC_PrescaleCalc
                0x0000184c       0x64 ./emlib/em_adc.o
                0x0000184c                ADC_PrescaleCalc
 .text.BUS_RegBitWrite
                0x000018b0       0x2c ./emlib/em_cmu.o
 .text.BUS_RegBitRead
                0x000018dc       0x2c ./emlib/em_cmu.o
 .text.CMU_DivToLog2
                0x00001908       0x34 ./emlib/em_cmu.o
 .text.SYSTEM_GetProdRev
                0x0000193c       0x1c ./emlib/em_cmu.o
 .text.SYSTEM_GetFamily
                0x00001958       0x20 ./emlib/em_cmu.o
 .text.maxFreqHfle
                0x00001978       0x78 ./emlib/em_cmu.o
 .text.setHfLeConfig
                0x000019f0       0x3c ./emlib/em_cmu.o
 .text.getHfLeConfig
                0x00001a2c       0x2c ./emlib/em_cmu.o
 .text.auxClkGet
                0x00001a58       0xb0 ./emlib/em_cmu.o
 .text.dbgClkGet
                0x00001b08       0x40 ./emlib/em_cmu.o
 .text.flashWaitStateControl
                0x00001b48       0xb8 ./emlib/em_cmu.o
 .text.flashWaitStateMax
                0x00001c00       0x14 ./emlib/em_cmu.o
 .text.lfClkGet
                0x00001c14       0xec ./emlib/em_cmu.o
 .text.syncReg  0x00001d00       0x34 ./emlib/em_cmu.o
 .text.usbCClkGet
                0x00001d34       0x4c ./emlib/em_cmu.o
 .text.CMU_ClockEnable
                0x00001d80       0xd8 ./emlib/em_cmu.o
                0x00001d80                CMU_ClockEnable
 .text.CMU_ClockFreqGet
                0x00001e58      0x1d8 ./emlib/em_cmu.o
                0x00001e58                CMU_ClockFreqGet
 .text.CMU_ClockSelectGet
                0x00002030      0x15c ./emlib/em_cmu.o
                0x00002030                CMU_ClockSelectGet
 .text.CMU_ClockSelectSet
                0x0000218c      0x2b8 ./emlib/em_cmu.o
                0x0000218c                CMU_ClockSelectSet
 .text.CMU_OscillatorEnable
                0x00002444       0xc0 ./emlib/em_cmu.o
                0x00002444                CMU_OscillatorEnable
 .text.NVIC_EnableIRQ
                0x00002504       0x30 ./emlib/em_dma.o
 .text.NVIC_DisableIRQ
                0x00002534       0x34 ./emlib/em_dma.o
 .text.NVIC_ClearPendingIRQ
                0x00002568       0x34 ./emlib/em_dma.o
 .text.BUS_RegBitWrite
                0x0000259c       0x2c ./emlib/em_dma.o
 .text.DMA_Prepare
                0x000025c8      0x108 ./emlib/em_dma.o
 .text.DMA_IRQHandler
                0x000026d0       0xd8 ./emlib/em_dma.o
                0x000026d0                DMA_IRQHandler
 .text.DMA_ActivateBasic
                0x000027a8       0x40 ./emlib/em_dma.o
                0x000027a8                DMA_ActivateBasic
 .text.DMA_CfgChannel
                0x000027e8       0x90 ./emlib/em_dma.o
                0x000027e8                DMA_CfgChannel
 .text.DMA_CfgDescr
                0x00002878       0x70 ./emlib/em_dma.o
                0x00002878                DMA_CfgDescr
 .text.DMA_Init
                0x000028e8       0x54 ./emlib/em_dma.o
                0x000028e8                DMA_Init
 .text.DMA_Reset
                0x0000293c       0x88 ./emlib/em_dma.o
                0x0000293c                DMA_Reset
 .text.SystemCoreClockUpdate
                0x000029c4        0xc ./emlib/em_emu.o
 .text.EMU_Unlock
                0x000029d0       0x18 ./emlib/em_emu.o
 .text.CMU_Lock
                0x000029e8       0x18 ./emlib/em_emu.o
 .text.CMU_Unlock
                0x00002a00       0x1c ./emlib/em_emu.o
 .text.emuRestore
                0x00002a1c       0xf0 ./emlib/em_emu.o
 .text.getErrataFixEmuE107En
                0x00002b0c       0x68 ./emlib/em_emu.o
 .text.EMU_EnterEM2
                0x00002b74       0x9c ./emlib/em_emu.o
                0x00002b74                EMU_EnterEM2
 .text.EMU_EnterEM3
                0x00002c10       0xbc ./emlib/em_emu.o
                0x00002c10                EMU_EnterEM3
 .text.EMU_EnterEM4
                0x00002ccc       0x50 ./emlib/em_emu.o
                0x00002ccc                EMU_EnterEM4
 .text.EMU_UpdateOscConfig
                0x00002d1c       0x1c ./emlib/em_emu.o
                0x00002d1c                EMU_UpdateOscConfig
 .text.BUS_RegBitWrite
                0x00002d38       0x2c ./emlib/em_gpio.o
 .text.BUS_RegMaskedWrite
                0x00002d64       0x28 ./emlib/em_gpio.o
 .text.GPIO_PinOutClear
                0x00002d8c       0x58 ./emlib/em_gpio.o
 .text.GPIO_PinOutSet
                0x00002de4       0x58 ./emlib/em_gpio.o
 .text.GPIO_DriveModeSet
                0x00002e3c       0x70 ./emlib/em_gpio.o
                0x00002e3c                GPIO_DriveModeSet
 .text.GPIO_ExtIntConfig
                0x00002eac       0xcc ./emlib/em_gpio.o
                0x00002eac                GPIO_ExtIntConfig
 .text.GPIO_PinModeSet
                0x00002f78      0x110 ./emlib/em_gpio.o
                0x00002f78                GPIO_PinModeSet
 .text.BUS_RegBitWrite
                0x00003088       0x2c ./emlib/em_i2c.o
 .text.BUS_RegMaskedWrite
                0x000030b4       0x28 ./emlib/em_i2c.o
 .text.I2C_BusFreqSet
                0x000030dc       0xfc ./emlib/em_i2c.o
                0x000030dc                I2C_BusFreqSet
 .text.I2C_Init
                0x000031d8       0x78 ./emlib/em_i2c.o
                0x000031d8                I2C_Init
 .text.LETIMER_CompareSet
                0x00003250       0x58 ./emlib/em_letimer.o
                0x00003250                LETIMER_CompareSet
 .text.LETIMER_Enable
                0x000032a8       0x2c ./emlib/em_letimer.o
                0x000032a8                LETIMER_Enable
 .text.LETIMER_Init
                0x000032d4       0xec ./emlib/em_letimer.o
                0x000032d4                LETIMER_Init
 .text.LEUART_Sync
                0x000033c0       0x30 ./emlib/em_leuart.o
 .text.LEUART_BaudrateSet
                0x000033f0       0x80 ./emlib/em_leuart.o
                0x000033f0                LEUART_BaudrateSet
 .text.LEUART_FreezeEnable
                0x00003470       0x34 ./emlib/em_leuart.o
                0x00003470                LEUART_FreezeEnable
 .text.LEUART_Init
                0x000034a4       0x84 ./emlib/em_leuart.o
                0x000034a4                LEUART_Init
 .text.LEUART_Reset
                0x00003528       0x70 ./emlib/em_leuart.o
                0x00003528                LEUART_Reset
 .text.SYSTEM_ChipRevisionGet
                0x00003598       0x74 ./emlib/em_system.o
                0x00003598                SYSTEM_ChipRevisionGet
 .text.TIMER_Init
                0x0000360c      0x10c ./emlib/em_timer.o
                0x0000360c                TIMER_Init
 .text          0x00003718       0x30 ./CMSIS/efm32lg/startup_gcc_efm32lg.o
                0x00003718                Reset_Handler
                0x00003744                DebugMon_Handler
                0x00003744                USART0_TX_IRQHandler
                0x00003744                I2C0_IRQHandler
                0x00003744                HardFault_Handler
                0x00003744                LEUART1_IRQHandler
                0x00003744                SysTick_Handler
                0x00003744                USART1_RX_IRQHandler
                0x00003744                PendSV_Handler
                0x00003744                NMI_Handler
                0x00003744                I2C1_IRQHandler
                0x00003744                TIMER3_IRQHandler
                0x00003744                USART1_TX_IRQHandler
                0x00003744                MSC_IRQHandler
                0x00003744                UsageFault_Handler
                0x00003744                GPIO_EVEN_IRQHandler
                0x00003744                UART0_TX_IRQHandler
                0x00003744                UART1_TX_IRQHandler
                0x00003744                RTC_IRQHandler
                0x00003744                TIMER2_IRQHandler
                0x00003744                LCD_IRQHandler
                0x00003744                PCNT2_IRQHandler
                0x00003744                UART0_RX_IRQHandler
                0x00003744                TIMER1_IRQHandler
                0x00003744                USART2_RX_IRQHandler
                0x00003744                Default_Handler
                0x00003744                EMU_IRQHandler
                0x00003744                PCNT0_IRQHandler
                0x00003744                USB_IRQHandler
                0x00003744                BURTC_IRQHandler
                0x00003744                PCNT1_IRQHandler
                0x00003744                USART0_RX_IRQHandler
                0x00003744                MemManage_Handler
                0x00003744                SVC_Handler
                0x00003744                DAC0_IRQHandler
                0x00003744                UART1_RX_IRQHandler
                0x00003744                CMU_IRQHandler
                0x00003744                EBI_IRQHandler
                0x00003744                LESENSE_IRQHandler
                0x00003744                AES_IRQHandler
                0x00003744                VCMP_IRQHandler
                0x00003744                BusFault_Handler
                0x00003744                USART2_TX_IRQHandler
 .text.GetProdRev
                0x00003748       0x1c ./CMSIS/efm32lg/system_efm32lg.o
 .text.SystemCoreClockGet
                0x00003764       0x34 ./CMSIS/efm32lg/system_efm32lg.o
                0x00003764                SystemCoreClockGet
 .text.SystemMaxCoreClockGet
                0x00003798       0x14 ./CMSIS/efm32lg/system_efm32lg.o
                0x00003798                SystemMaxCoreClockGet
 .text.SystemHFClockGet
                0x000037ac      0x100 ./CMSIS/efm32lg/system_efm32lg.o
                0x000037ac                SystemHFClockGet
 .text.SystemHFXOClockGet
                0x000038ac       0x18 ./CMSIS/efm32lg/system_efm32lg.o
                0x000038ac                SystemHFXOClockGet
 .text.SystemInit
                0x000038c4        0xc ./CMSIS/efm32lg/system_efm32lg.o
                0x000038c4                SystemInit
 .text.SystemLFRCOClockGet
                0x000038d0       0x14 ./CMSIS/efm32lg/system_efm32lg.o
                0x000038d0                SystemLFRCOClockGet
 .text.SystemULFRCOClockGet
                0x000038e4       0x14 ./CMSIS/efm32lg/system_efm32lg.o
                0x000038e4                SystemULFRCOClockGet
 .text.SystemLFXOClockGet
                0x000038f8       0x18 ./CMSIS/efm32lg/system_efm32lg.o
                0x000038f8                SystemLFXOClockGet
 .text          0x00003910      0x370 c:/siliconlabs/simplicitystudio/v3/developer/toolchains/gnu_arm/4.8_2013q4/bin/../lib/gcc/arm-none-eabi/4.8.3/armv7-m\libgcc.a(_arm_addsubdf3.o)
                0x00003910                __aeabi_drsub
                0x00003918                __aeabi_dsub
                0x00003918                __subdf3
                0x0000391c                __aeabi_dadd
                0x0000391c                __adddf3
                0x00003b94                __floatunsidf
                0x00003b94                __aeabi_ui2d
                0x00003bb4                __floatsidf
                0x00003bb4                __aeabi_i2d
                0x00003bd8                __aeabi_f2d
                0x00003bd8                __extendsfdf2
                0x00003c14                __floatundidf
                0x00003c14                __aeabi_ul2d
                0x00003c24                __floatdidf
                0x00003c24                __aeabi_l2d
 .text          0x00003c80      0x21c c:/siliconlabs/simplicitystudio/v3/developer/toolchains/gnu_arm/4.8_2013q4/bin/../lib/gcc/arm-none-eabi/4.8.3/armv7-m\libgcc.a(_arm_addsubsf3.o)
                0x00003c80                __aeabi_frsub
                0x00003c88                __subsf3
                0x00003c88                __aeabi_fsub
                0x00003c8c                __aeabi_fadd
                0x00003c8c                __addsf3
                0x00003dec                __aeabi_ui2f
                0x00003dec                __floatunsisf
                0x00003df4                __aeabi_i2f
                0x00003df4                __floatsisf
                0x00003e10                __aeabi_ul2f
                0x00003e10                __floatundisf
                0x00003e20                __aeabi_l2f
                0x00003e20                __floatdisf
 .text          0x00003e9c      0x2a0 c:/siliconlabs/simplicitystudio/v3/developer/toolchains/gnu_arm/4.8_2013q4/bin/../lib/gcc/arm-none-eabi/4.8.3/armv7-m\libgcc.a(_arm_muldivsf3.o)
                0x00003e9c                __mulsf3
                0x00003e9c                __aeabi_fmul
                0x00004004                __aeabi_fdiv
                0x00004004                __divsf3
 .text          0x0000413c       0xec c:/siliconlabs/simplicitystudio/v3/developer/toolchains/gnu_arm/4.8_2013q4/bin/../lib/gcc/arm-none-eabi/4.8.3/armv7-m\libgcc.a(_arm_cmpsf2.o)
                0x0000413c                __gesf2
                0x0000413c                __gtsf2
                0x00004144                __lesf2
                0x00004144                __ltsf2
                0x0000414c                __nesf2
                0x0000414c                __eqsf2
                0x0000414c                __cmpsf2
                0x000041ac                __aeabi_cfrcmple
                0x000041b4                __aeabi_cfcmpeq
                0x000041b4                __aeabi_cfcmple
                0x000041c4                __aeabi_fcmpeq
                0x000041d8                __aeabi_fcmplt
                0x000041ec                __aeabi_fcmple
                0x00004200                __aeabi_fcmpge
                0x00004214                __aeabi_fcmpgt
 .text          0x00004228       0x40 c:/siliconlabs/simplicitystudio/v3/developer/toolchains/gnu_arm/4.8_2013q4/bin/../lib/gcc/arm-none-eabi/4.8.3/armv7-m\libgcc.a(_arm_fixunssfsi.o)
                0x00004228                __fixunssfsi
                0x00004228                __aeabi_f2uiz
 .text.exit     0x00004268       0x28 c:/siliconlabs/simplicitystudio/v3/developer/toolchains/gnu_arm/4.8_2013q4/bin/../lib/gcc/arm-none-eabi/4.8.3/../../../../arm-none-eabi/lib/armv7-m\libc_s.a(lib_a-exit.o)
                0x00004268                exit
 .text.__libc_init_array
                0x00004290       0x4c c:/siliconlabs/simplicitystudio/v3/developer/toolchains/gnu_arm/4.8_2013q4/bin/../lib/gcc/arm-none-eabi/4.8.3/../../../../arm-none-eabi/lib/armv7-m\libc_s.a(lib_a-init.o)
                0x00004290                __libc_init_array
 .text.malloc   0x000042dc       0x10 c:/siliconlabs/simplicitystudio/v3/developer/toolchains/gnu_arm/4.8_2013q4/bin/../lib/gcc/arm-none-eabi/4.8.3/../../../../arm-none-eabi/lib/armv7-m\libc_s.a(lib_a-malloc.o)
                0x000042dc                malloc
 .text.memset   0x000042ec       0x10 c:/siliconlabs/simplicitystudio/v3/developer/toolchains/gnu_arm/4.8_2013q4/bin/../lib/gcc/arm-none-eabi/4.8.3/../../../../arm-none-eabi/lib/armv7-m\libc_s.a(lib_a-memset.o)
                0x000042ec                memset
 .text._free_r  0x000042fc       0x88 c:/siliconlabs/simplicitystudio/v3/developer/toolchains/gnu_arm/4.8_2013q4/bin/../lib/gcc/arm-none-eabi/4.8.3/../../../../arm-none-eabi/lib/armv7-m\libc_s.a(lib_a-nano-freer.o)
                0x000042fc                _free_r
 .text._malloc_r
                0x00004384       0xa8 c:/siliconlabs/simplicitystudio/v3/developer/toolchains/gnu_arm/4.8_2013q4/bin/../lib/gcc/arm-none-eabi/4.8.3/../../../../arm-none-eabi/lib/armv7-m\libc_s.a(lib_a-nano-mallocr.o)
                0x00004384                _malloc_r
 .text._sbrk_r  0x0000442c       0x20 c:/siliconlabs/simplicitystudio/v3/developer/toolchains/gnu_arm/4.8_2013q4/bin/../lib/gcc/arm-none-eabi/4.8.3/../../../../arm-none-eabi/lib/armv7-m\libc_s.a(lib_a-sbrkr.o)
                0x0000442c                _sbrk_r
 .text.snprintf
                0x0000444c       0x64 c:/siliconlabs/simplicitystudio/v3/developer/toolchains/gnu_arm/4.8_2013q4/bin/../lib/gcc/arm-none-eabi/4.8.3/../../../../arm-none-eabi/lib/armv7-m\libc_s.a(lib_a-snprintf.o)
                0x0000444c                sniprintf
                0x0000444c                snprintf
 .text.__ssputs_r
                0x000044b0       0xb8 c:/siliconlabs/simplicitystudio/v3/developer/toolchains/gnu_arm/4.8_2013q4/bin/../lib/gcc/arm-none-eabi/4.8.3/../../../../arm-none-eabi/lib/armv7-m\libc_s.a(lib_a-svfprintf.o)
                0x000044b0                __ssputs_r
 .text._svfprintf_r
                0x00004568      0x1d8 c:/siliconlabs/simplicitystudio/v3/developer/toolchains/gnu_arm/4.8_2013q4/bin/../lib/gcc/arm-none-eabi/4.8.3/../../../../arm-none-eabi/lib/armv7-m\libc_s.a(lib_a-svfprintf.o)
                0x00004568                _svfiprintf_r
                0x00004568                _svfprintf_r
 .text.__cvt    0x00004740       0xc0 c:/siliconlabs/simplicitystudio/v3/developer/toolchains/gnu_arm/4.8_2013q4/bin/../lib/gcc/arm-none-eabi/4.8.3/../../../../arm-none-eabi/lib/armv7-m\libc_s.a(lib_a-vfprintf_float.o)
                0x00004740                __cvt
 .text.__exponent
                0x00004800       0x68 c:/siliconlabs/simplicitystudio/v3/developer/toolchains/gnu_arm/4.8_2013q4/bin/../lib/gcc/arm-none-eabi/4.8.3/../../../../arm-none-eabi/lib/armv7-m\libc_s.a(lib_a-vfprintf_float.o)
                0x00004800                __exponent
 .text._printf_float
                0x00004868      0x41c c:/siliconlabs/simplicitystudio/v3/developer/toolchains/gnu_arm/4.8_2013q4/bin/../lib/gcc/arm-none-eabi/4.8.3/../../../../arm-none-eabi/lib/armv7-m\libc_s.a(lib_a-vfprintf_float.o)
                0x00004868                _printf_float
 .text._printf_common
                0x00004c84       0xe4 c:/siliconlabs/simplicitystudio/v3/developer/toolchains/gnu_arm/4.8_2013q4/bin/../lib/gcc/arm-none-eabi/4.8.3/../../../../arm-none-eabi/lib/armv7-m\libc_s.a(lib_a-vfprintf_i.o)
                0x00004c84                _printf_common
 .text._printf_i
                0x00004d68      0x228 c:/siliconlabs/simplicitystudio/v3/developer/toolchains/gnu_arm/4.8_2013q4/bin/../lib/gcc/arm-none-eabi/4.8.3/../../../../arm-none-eabi/lib/armv7-m\libc_s.a(lib_a-vfprintf_i.o)
                0x00004d68                _printf_i
 .text.quorem   0x00004f90      0x11e c:/siliconlabs/simplicitystudio/v3/developer/toolchains/gnu_arm/4.8_2013q4/bin/../lib/gcc/arm-none-eabi/4.8.3/../../../../arm-none-eabi/lib/armv7-m\libc_s.a(lib_a-dtoa.o)
 *fill*         0x000050ae        0x2 
 .text._dtoa_r  0x000050b0      0xb80 c:/siliconlabs/simplicitystudio/v3/developer/toolchains/gnu_arm/4.8_2013q4/bin/../lib/gcc/arm-none-eabi/4.8.3/../../../../arm-none-eabi/lib/armv7-m\libc_s.a(lib_a-dtoa.o)
                0x000050b0                _dtoa_r
 .text._localeconv_r
                0x00005c30        0x8 c:/siliconlabs/simplicitystudio/v3/developer/toolchains/gnu_arm/4.8_2013q4/bin/../lib/gcc/arm-none-eabi/4.8.3/../../../../arm-none-eabi/lib/armv7-m\libc_s.a(lib_a-locale.o)
                0x00005c30                _localeconv_r
 .text.memchr   0x00005c38       0x1c c:/siliconlabs/simplicitystudio/v3/developer/toolchains/gnu_arm/4.8_2013q4/bin/../lib/gcc/arm-none-eabi/4.8.3/../../../../arm-none-eabi/lib/armv7-m\libc_s.a(lib_a-memchr-stub.o)
                0x00005c38                memchr
 .text.memcpy   0x00005c54       0x12 c:/siliconlabs/simplicitystudio/v3/developer/toolchains/gnu_arm/4.8_2013q4/bin/../lib/gcc/arm-none-eabi/4.8.3/../../../../arm-none-eabi/lib/armv7-m\libc_s.a(lib_a-memcpy-stub.o)
                0x00005c54                memcpy
 .text.memmove  0x00005c66       0x36 c:/siliconlabs/simplicitystudio/v3/developer/toolchains/gnu_arm/4.8_2013q4/bin/../lib/gcc/arm-none-eabi/4.8.3/../../../../arm-none-eabi/lib/armv7-m\libc_s.a(lib_a-memmove.o)
                0x00005c66                memmove
 .text._Balloc  0x00005c9c       0x6a c:/siliconlabs/simplicitystudio/v3/developer/toolchains/gnu_arm/4.8_2013q4/bin/../lib/gcc/arm-none-eabi/4.8.3/../../../../arm-none-eabi/lib/armv7-m\libc_s.a(lib_a-mprec.o)
                0x00005c9c                _Balloc
 .text._Bfree   0x00005d06       0x2e c:/siliconlabs/simplicitystudio/v3/developer/toolchains/gnu_arm/4.8_2013q4/bin/../lib/gcc/arm-none-eabi/4.8.3/../../../../arm-none-eabi/lib/armv7-m\libc_s.a(lib_a-mprec.o)
                0x00005d06                _Bfree
 .text.__multadd
                0x00005d34       0x74 c:/siliconlabs/simplicitystudio/v3/developer/toolchains/gnu_arm/4.8_2013q4/bin/../lib/gcc/arm-none-eabi/4.8.3/../../../../arm-none-eabi/lib/armv7-m\libc_s.a(lib_a-mprec.o)
                0x00005d34                __multadd
 .text.__hi0bits
                0x00005da8       0x40 c:/siliconlabs/simplicitystudio/v3/developer/toolchains/gnu_arm/4.8_2013q4/bin/../lib/gcc/arm-none-eabi/4.8.3/../../../../arm-none-eabi/lib/armv7-m\libc_s.a(lib_a-mprec.o)
                0x00005da8                __hi0bits
 .text.__lo0bits
                0x00005de8       0x5a c:/siliconlabs/simplicitystudio/v3/developer/toolchains/gnu_arm/4.8_2013q4/bin/../lib/gcc/arm-none-eabi/4.8.3/../../../../arm-none-eabi/lib/armv7-m\libc_s.a(lib_a-mprec.o)
                0x00005de8                __lo0bits
 .text.__i2b    0x00005e42       0x12 c:/siliconlabs/simplicitystudio/v3/developer/toolchains/gnu_arm/4.8_2013q4/bin/../lib/gcc/arm-none-eabi/4.8.3/../../../../arm-none-eabi/lib/armv7-m\libc_s.a(lib_a-mprec.o)
                0x00005e42                __i2b
 .text.__multiply
                0x00005e54      0x130 c:/siliconlabs/simplicitystudio/v3/developer/toolchains/gnu_arm/4.8_2013q4/bin/../lib/gcc/arm-none-eabi/4.8.3/../../../../arm-none-eabi/lib/armv7-m\libc_s.a(lib_a-mprec.o)
                0x00005e54                __multiply
 .text.__pow5mult
                0x00005f84       0x9c c:/siliconlabs/simplicitystudio/v3/developer/toolchains/gnu_arm/4.8_2013q4/bin/../lib/gcc/arm-none-eabi/4.8.3/../../../../arm-none-eabi/lib/armv7-m\libc_s.a(lib_a-mprec.o)
                0x00005f84                __pow5mult
 .text.__lshift
                0x00006020       0xa6 c:/siliconlabs/simplicitystudio/v3/developer/toolchains/gnu_arm/4.8_2013q4/bin/../lib/gcc/arm-none-eabi/4.8.3/../../../../arm-none-eabi/lib/armv7-m\libc_s.a(lib_a-mprec.o)
                0x00006020                __lshift
 .text.__mcmp   0x000060c6       0x3a c:/siliconlabs/simplicitystudio/v3/developer/toolchains/gnu_arm/4.8_2013q4/bin/../lib/gcc/arm-none-eabi/4.8.3/../../../../arm-none-eabi/lib/armv7-m\libc_s.a(lib_a-mprec.o)
                0x000060c6                __mcmp
 .text.__mdiff  0x00006100       0xbe c:/siliconlabs/simplicitystudio/v3/developer/toolchains/gnu_arm/4.8_2013q4/bin/../lib/gcc/arm-none-eabi/4.8.3/../../../../arm-none-eabi/lib/armv7-m\libc_s.a(lib_a-mprec.o)
                0x00006100                __mdiff
 .text.__d2b    0x000061be       0xa4 c:/siliconlabs/simplicitystudio/v3/developer/toolchains/gnu_arm/4.8_2013q4/bin/../lib/gcc/arm-none-eabi/4.8.3/../../../../arm-none-eabi/lib/armv7-m\libc_s.a(lib_a-mprec.o)
                0x000061be                __d2b
 .text._calloc_r
                0x00006262       0x1c c:/siliconlabs/simplicitystudio/v3/developer/toolchains/gnu_arm/4.8_2013q4/bin/../lib/gcc/arm-none-eabi/4.8.3/../../../../arm-none-eabi/lib/armv7-m\libc_s.a(lib_a-nano-callocr.o)
                0x00006262                _calloc_r
 .text._realloc_r
                0x0000627e       0x4c c:/siliconlabs/simplicitystudio/v3/developer/toolchains/gnu_arm/4.8_2013q4/bin/../lib/gcc/arm-none-eabi/4.8.3/../../../../arm-none-eabi/lib/armv7-m\libc_s.a(lib_a-nano-reallocr.o)
                0x0000627e                _realloc_r
 *fill*         0x000062ca        0x2 
 .text.__fpclassifyd
                0x000062cc       0x44 c:/siliconlabs/simplicitystudio/v3/developer/toolchains/gnu_arm/4.8_2013q4/bin/../lib/gcc/arm-none-eabi/4.8.3/../../../../arm-none-eabi/lib/armv7-m\libc_s.a(lib_a-s_fpclassify.o)
                0x000062cc                __fpclassifyd
 .text.strlen   0x00006310       0x10 c:/siliconlabs/simplicitystudio/v3/developer/toolchains/gnu_arm/4.8_2013q4/bin/../lib/gcc/arm-none-eabi/4.8.3/../../../../arm-none-eabi/lib/armv7-m\libc_s.a(lib_a-strlen.o)
                0x00006310                strlen
 .text._malloc_usable_size_r
                0x00006320       0x12 c:/siliconlabs/simplicitystudio/v3/developer/toolchains/gnu_arm/4.8_2013q4/bin/../lib/gcc/arm-none-eabi/4.8.3/../../../../arm-none-eabi/lib/armv7-m\libc_s.a(lib_a-nano-msizer.o)
                0x00006320                _malloc_usable_size_r
 *fill*         0x00006332        0x2 
 .text._sbrk    0x00006334       0x34 c:/siliconlabs/simplicitystudio/v3/developer/toolchains/gnu_arm/4.8_2013q4/bin/../lib/gcc/arm-none-eabi/4.8.3/../../../../arm-none-eabi/lib/armv7-m\libnosys.a(sbrk.o)
                0x00006334                _sbrk
 .text._exit    0x00006368        0x4 c:/siliconlabs/simplicitystudio/v3/developer/toolchains/gnu_arm/4.8_2013q4/bin/../lib/gcc/arm-none-eabi/4.8.3/../../../../arm-none-eabi/lib/armv7-m\libnosys.a(_exit.o)
                0x00006368                _exit
 .text          0x0000636c      0x424 c:/siliconlabs/simplicitystudio/v3/developer/toolchains/gnu_arm/4.8_2013q4/bin/../lib/gcc/arm-none-eabi/4.8.3/armv7-m\libgcc.a(_arm_muldivdf3.o)
                0x0000636c                __aeabi_dmul
                0x0000636c                __muldf3
                0x000065c0                __divdf3
                0x000065c0                __aeabi_ddiv
 .text          0x00006790      0x110 c:/siliconlabs/simplicitystudio/v3/developer/toolchains/gnu_arm/4.8_2013q4/bin/../lib/gcc/arm-none-eabi/4.8.3/armv7-m\libgcc.a(_arm_cmpdf2.o)
                0x00006790                __gtdf2
                0x00006790                __gedf2
                0x00006798                __ltdf2
                0x00006798                __ledf2
                0x000067a0                __nedf2
                0x000067a0                __eqdf2
                0x000067a0                __cmpdf2
                0x0000681c                __aeabi_cdrcmple
                0x0000682c                __aeabi_cdcmpeq
                0x0000682c                __aeabi_cdcmple
                0x0000683c                __aeabi_dcmpeq
                0x00006850                __aeabi_dcmplt
                0x00006864                __aeabi_dcmple
                0x00006878                __aeabi_dcmpge
                0x0000688c                __aeabi_dcmpgt
 .text          0x000068a0       0x50 c:/siliconlabs/simplicitystudio/v3/developer/toolchains/gnu_arm/4.8_2013q4/bin/../lib/gcc/arm-none-eabi/4.8.3/armv7-m\libgcc.a(_arm_fixdfsi.o)
                0x000068a0                __aeabi_d2iz
                0x000068a0                __fixdfsi
 *(.init)
 .init          0x000068f0        0x4 c:/siliconlabs/simplicitystudio/v3/developer/toolchains/gnu_arm/4.8_2013q4/bin/../lib/gcc/arm-none-eabi/4.8.3/armv7-m/crti.o
                0x000068f0                _init
 .init          0x000068f4        0x8 c:/siliconlabs/simplicitystudio/v3/developer/toolchains/gnu_arm/4.8_2013q4/bin/../lib/gcc/arm-none-eabi/4.8.3/armv7-m/crtn.o
 *(.fini)
 .fini          0x000068fc        0x4 c:/siliconlabs/simplicitystudio/v3/developer/toolchains/gnu_arm/4.8_2013q4/bin/../lib/gcc/arm-none-eabi/4.8.3/armv7-m/crti.o
                0x000068fc                _fini
 .fini          0x00006900        0x8 c:/siliconlabs/simplicitystudio/v3/developer/toolchains/gnu_arm/4.8_2013q4/bin/../lib/gcc/arm-none-eabi/4.8.3/armv7-m/crtn.o
 *crtbegin.o(.ctors)
 *crtbegin?.o(.ctors)
 *(EXCLUDE_FILE(*crtend.o *crtend?.o) .ctors)
 *(SORT(.ctors.*))
 *(.ctors)
 *crtbegin.o(.dtors)
 *crtbegin?.o(.dtors)
 *(EXCLUDE_FILE(*crtend.o *crtend?.o) .dtors)
 *(SORT(.dtors.*))
 *(.dtors)
 *(.rodata*)
 .rodata        0x00006908       0x10 ./src/i2c.o
 .rodata        0x00006918       0x10 ./src/leuart.o
 .rodata        0x00006928       0x20 ./src/main.o
 .rodata.i2cNSum
                0x00006948        0x4 ./emlib/em_i2c.o
 .rodata.str1.1
                0x0000694c        0x2 c:/siliconlabs/simplicitystudio/v3/developer/toolchains/gnu_arm/4.8_2013q4/bin/../lib/gcc/arm-none-eabi/4.8.3/../../../../arm-none-eabi/lib/armv7-m\libc_s.a(lib_a-impure.o)
 *fill*         0x0000694e        0x2 
 .rodata._global_impure_ptr
                0x00006950        0x4 c:/siliconlabs/simplicitystudio/v3/developer/toolchains/gnu_arm/4.8_2013q4/bin/../lib/gcc/arm-none-eabi/4.8.3/../../../../arm-none-eabi/lib/armv7-m\libc_s.a(lib_a-impure.o)
                0x00006950                _global_impure_ptr
 .rodata.str1.1
                0x00006954       0x11 c:/siliconlabs/simplicitystudio/v3/developer/toolchains/gnu_arm/4.8_2013q4/bin/../lib/gcc/arm-none-eabi/4.8.3/../../../../arm-none-eabi/lib/armv7-m\libc_s.a(lib_a-svfprintf.o)
 .rodata.str1.1
                0x00006965       0x12 c:/siliconlabs/simplicitystudio/v3/developer/toolchains/gnu_arm/4.8_2013q4/bin/../lib/gcc/arm-none-eabi/4.8.3/../../../../arm-none-eabi/lib/armv7-m\libc_s.a(lib_a-vfprintf_float.o)
 .rodata.str1.1
                0x00006977       0x22 c:/siliconlabs/simplicitystudio/v3/developer/toolchains/gnu_arm/4.8_2013q4/bin/../lib/gcc/arm-none-eabi/4.8.3/../../../../arm-none-eabi/lib/armv7-m\libc_s.a(lib_a-vfprintf_i.o)
 .rodata.str1.1
                0x00006999        0xd c:/siliconlabs/simplicitystudio/v3/developer/toolchains/gnu_arm/4.8_2013q4/bin/../lib/gcc/arm-none-eabi/4.8.3/../../../../arm-none-eabi/lib/armv7-m\libc_s.a(lib_a-dtoa.o)
                                  0xf (size before relaxing)
 .rodata.str1.1
                0x000069a6        0x8 c:/siliconlabs/simplicitystudio/v3/developer/toolchains/gnu_arm/4.8_2013q4/bin/../lib/gcc/arm-none-eabi/4.8.3/../../../../arm-none-eabi/lib/armv7-m\libc_s.a(lib_a-locale.o)
                                  0xb (size before relaxing)
 *fill*         0x000069ae        0x2 
 .rodata.__mprec_tens
                0x000069b0       0xc8 c:/siliconlabs/simplicitystudio/v3/developer/toolchains/gnu_arm/4.8_2013q4/bin/../lib/gcc/arm-none-eabi/4.8.3/../../../../arm-none-eabi/lib/armv7-m\libc_s.a(lib_a-mprec.o)
                0x000069b0                __mprec_tens
 .rodata.p05.5300
                0x00006a78        0xc c:/siliconlabs/simplicitystudio/v3/developer/toolchains/gnu_arm/4.8_2013q4/bin/../lib/gcc/arm-none-eabi/4.8.3/../../../../arm-none-eabi/lib/armv7-m\libc_s.a(lib_a-mprec.o)
 *fill*         0x00006a84        0x4 
 .rodata.__mprec_bigtens
                0x00006a88       0x28 c:/siliconlabs/simplicitystudio/v3/developer/toolchains/gnu_arm/4.8_2013q4/bin/../lib/gcc/arm-none-eabi/4.8.3/../../../../arm-none-eabi/lib/armv7-m\libc_s.a(lib_a-mprec.o)
                0x00006a88                __mprec_bigtens
 *(.eh_frame*)
 .eh_frame      0x00006ab0        0x0 c:/siliconlabs/simplicitystudio/v3/developer/toolchains/gnu_arm/4.8_2013q4/bin/../lib/gcc/arm-none-eabi/4.8.3/armv7-m/crtbegin.o
 .eh_frame      0x00006ab0        0x4 c:/siliconlabs/simplicitystudio/v3/developer/toolchains/gnu_arm/4.8_2013q4/bin/../lib/gcc/arm-none-eabi/4.8.3/armv7-m/crtend.o

.glue_7         0x00006ab4        0x0
 .glue_7        0x00000000        0x0 linker stubs

.glue_7t        0x00006ab4        0x0
 .glue_7t       0x00000000        0x0 linker stubs

.vfp11_veneer   0x00006ab4        0x0
 .vfp11_veneer  0x00000000        0x0 linker stubs

.v4_bx          0x00006ab4        0x0
 .v4_bx         0x00000000        0x0 linker stubs

.iplt           0x00006ab4        0x0
 .iplt          0x00000000        0x0 c:/siliconlabs/simplicitystudio/v3/developer/toolchains/gnu_arm/4.8_2013q4/bin/../lib/gcc/arm-none-eabi/4.8.3/armv7-m/crtbegin.o

.ARM.extab
 *(.ARM.extab* .gnu.linkonce.armextab.*)
                0x00006ab4                __exidx_start = .

.ARM.exidx      0x00006ab4        0x8
 *(.ARM.exidx* .gnu.linkonce.armexidx.*)
 .ARM.exidx     0x00006ab4        0x8 c:/siliconlabs/simplicitystudio/v3/developer/toolchains/gnu_arm/4.8_2013q4/bin/../lib/gcc/arm-none-eabi/4.8.3/../../../../arm-none-eabi/lib/armv7-m/crt0.o
                0x00006abc                __exidx_end = .
                0x00006abc                __etext = .

.rel.dyn        0x00006abc        0x0
 .rel.iplt      0x00000000        0x0 c:/siliconlabs/simplicitystudio/v3/developer/toolchains/gnu_arm/4.8_2013q4/bin/../lib/gcc/arm-none-eabi/4.8.3/armv7-m/crtbegin.o

.data           0x20000000       0xb4 load address 0x00006abc
                0x20000000                __data_start__ = .
 *(vtable)
 *(.data*)
 .data.adcCount_DMA_OFF
                0x20000000        0x2 ./src/main.o
                0x20000000                adcCount_DMA_OFF
 *fill*         0x20000002        0x2 
 .data.SystemHFXOClock
                0x20000004        0x4 ./CMSIS/efm32lg/system_efm32lg.o
 .data.SystemLFXOClock
                0x20000008        0x4 ./CMSIS/efm32lg/system_efm32lg.o
 .data.impure_data
                0x2000000c       0x60 c:/siliconlabs/simplicitystudio/v3/developer/toolchains/gnu_arm/4.8_2013q4/bin/../lib/gcc/arm-none-eabi/4.8.3/../../../../arm-none-eabi/lib/armv7-m\libc_s.a(lib_a-impure.o)
 .data._impure_ptr
                0x2000006c        0x4 c:/siliconlabs/simplicitystudio/v3/developer/toolchains/gnu_arm/4.8_2013q4/bin/../lib/gcc/arm-none-eabi/4.8.3/../../../../arm-none-eabi/lib/armv7-m\libc_s.a(lib_a-impure.o)
                0x2000006c                _impure_ptr
 .data.lconv    0x20000070       0x38 c:/siliconlabs/simplicitystudio/v3/developer/toolchains/gnu_arm/4.8_2013q4/bin/../lib/gcc/arm-none-eabi/4.8.3/../../../../arm-none-eabi/lib/armv7-m\libc_s.a(lib_a-locale.o)
                0x200000a8                . = ALIGN (0x4)
 *(.ram)
                0x200000a8                . = ALIGN (0x4)
                0x200000a8                PROVIDE (__preinit_array_start, .)
 *(.preinit_array)
                0x200000a8                PROVIDE (__preinit_array_end, .)
                0x200000a8                . = ALIGN (0x4)
                0x200000a8                PROVIDE (__init_array_start, .)
 *(SORT(.init_array.*))
 *(.init_array)
 .init_array    0x200000a8        0x4 c:/siliconlabs/simplicitystudio/v3/developer/toolchains/gnu_arm/4.8_2013q4/bin/../lib/gcc/arm-none-eabi/4.8.3/armv7-m/crtbegin.o
                0x200000ac                PROVIDE (__init_array_end, .)
                0x200000ac                . = ALIGN (0x4)
                0x200000ac                PROVIDE (__fini_array_start, .)
 *(SORT(.fini_array.*))
 *(.fini_array)
 .fini_array    0x200000ac        0x4 c:/siliconlabs/simplicitystudio/v3/developer/toolchains/gnu_arm/4.8_2013q4/bin/../lib/gcc/arm-none-eabi/4.8.3/armv7-m/crtbegin.o
                0x200000b0                PROVIDE (__fini_array_end, .)
 *(.jcr*)
 .jcr           0x200000b0        0x0 c:/siliconlabs/simplicitystudio/v3/developer/toolchains/gnu_arm/4.8_2013q4/bin/../lib/gcc/arm-none-eabi/4.8.3/armv7-m/crtbegin.o
 .jcr           0x200000b0        0x4 c:/siliconlabs/simplicitystudio/v3/developer/toolchains/gnu_arm/4.8_2013q4/bin/../lib/gcc/arm-none-eabi/4.8.3/armv7-m/crtend.o
                0x200000b4                . = ALIGN (0x4)
                0x200000b4                __data_end__ = .

.igot.plt       0x200000b4        0x0 load address 0x00006b70
 .igot.plt      0x00000000        0x0 c:/siliconlabs/simplicitystudio/v3/developer/toolchains/gnu_arm/4.8_2013q4/bin/../lib/gcc/arm-none-eabi/4.8.3/armv7-m/crtbegin.o

.bss            0x20000100      0x708 load address 0x00006c00
                0x20000100                . = ALIGN (0x4)
                0x20000100                __bss_start__ = .
 *(.bss*)
 .bss           0x20000100       0x1c c:/siliconlabs/simplicitystudio/v3/developer/toolchains/gnu_arm/4.8_2013q4/bin/../lib/gcc/arm-none-eabi/4.8.3/armv7-m/crtbegin.o
 .bss.tx_flag   0x2000011c        0x1 ./src/leuart.o
                0x2000011c                tx_flag
 *fill*         0x2000011d        0x3 
 .bss.count_value_EM2
                0x20000120        0x4 ./src/main.o
                0x20000120                count_value_EM2
 .bss.count_value_EM3
                0x20000124        0x4 ./src/main.o
                0x20000124                count_value_EM3
 .bss.counter_flag
                0x20000128        0x1 ./src/main.o
                0x20000128                counter_flag
 *fill*         0x20000129        0x3 
 .bss.Calibrated_ULFRCO
                0x2000012c        0x4 ./src/main.o
                0x2000012c                Calibrated_ULFRCO
 .bss.leuart_buffer
                0x20000130        0x8 ./src/main.o
                0x20000130                leuart_buffer
 .bss.adcSample.7517
                0x20000138        0x4 ./src/main.o
 .bss.sleep_block_counter
                0x2000013c       0x10 ./src/sleep.o
                0x2000013c                sleep_block_counter
 .bss.cmuStatus
                0x2000014c        0x4 ./emlib/em_emu.o
 .bss.INT_LockCnt
                0x20000150        0x4 ./emlib/em_int.o
                0x20000150                INT_LockCnt
 .bss.__malloc_sbrk_start
                0x20000154        0x4 c:/siliconlabs/simplicitystudio/v3/developer/toolchains/gnu_arm/4.8_2013q4/bin/../lib/gcc/arm-none-eabi/4.8.3/../../../../arm-none-eabi/lib/armv7-m\libc_s.a(lib_a-nano-mallocr.o)
                0x20000154                __malloc_sbrk_start
 .bss.__malloc_free_list
                0x20000158        0x4 c:/siliconlabs/simplicitystudio/v3/developer/toolchains/gnu_arm/4.8_2013q4/bin/../lib/gcc/arm-none-eabi/4.8.3/../../../../arm-none-eabi/lib/armv7-m\libc_s.a(lib_a-nano-mallocr.o)
                0x20000158                __malloc_free_list
 .bss.heap_end.4237
                0x2000015c        0x4 c:/siliconlabs/simplicitystudio/v3/developer/toolchains/gnu_arm/4.8_2013q4/bin/../lib/gcc/arm-none-eabi/4.8.3/../../../../arm-none-eabi/lib/armv7-m\libnosys.a(sbrk.o)
 *(COMMON)
 COMMON         0x20000160        0x8 ./src/circBuffer.o
                0x20000160                circbuff_t
 *fill*         0x20000168       0x98 
 COMMON         0x20000200      0x200 ./src/dmactrl.o
                0x20000200                dmaControlBlock
 COMMON         0x20000400      0x400 ./src/main.o
                0x20000400                BufferAdcData
                0x200007e8                callback
 COMMON         0x20000800        0x4 ./CMSIS/efm32lg/system_efm32lg.o
                0x20000800                SystemCoreClock
 COMMON         0x20000804        0x4 c:/siliconlabs/simplicitystudio/v3/developer/toolchains/gnu_arm/4.8_2013q4/bin/../lib/gcc/arm-none-eabi/4.8.3/../../../../arm-none-eabi/lib/armv7-m\libc_s.a(lib_a-reent.o)
                0x20000804                errno
                0x20000808                . = ALIGN (0x4)
                0x20000808                __bss_end__ = .

.heap           0x20000808      0xc00
                0x20000808                __HeapBase = .
                0x20000808                __end__ = .
                0x20000808                end = __end__
                0x20000808                _end = __end__
 *(.heap*)
 .heap          0x20000808      0xc00 ./CMSIS/efm32lg/startup_gcc_efm32lg.o
                0x20001408                __HeapLimit = .

.stack_dummy    0x20000808      0x400
 *(.stack*)
 .stack         0x20000808      0x400 ./CMSIS/efm32lg/startup_gcc_efm32lg.o
                0x20008000                __StackTop = (ORIGIN (RAM) + 0x8000)
                0x20007c00                __StackLimit = (__StackTop - SIZEOF (.stack_dummy))
                0x20008000                PROVIDE (__stack, __StackTop)
                0x00000001                ASSERT ((__StackLimit >= __HeapLimit), region RAM overflowed with stack)
                0x00000001                ASSERT ((0x40000 >= (__etext + SIZEOF (.data))), FLASH memory overflowed !)
OUTPUT(Assignment5.axf elf32-littlearm)

.ARM.attributes
                0x00000000       0x29
 .ARM.attributes
                0x00000000       0x1d c:/siliconlabs/simplicitystudio/v3/developer/toolchains/gnu_arm/4.8_2013q4/bin/../lib/gcc/arm-none-eabi/4.8.3/armv7-m/crti.o
 .ARM.attributes
                0x0000001d       0x2d c:/siliconlabs/simplicitystudio/v3/developer/toolchains/gnu_arm/4.8_2013q4/bin/../lib/gcc/arm-none-eabi/4.8.3/armv7-m/crtbegin.o
 .ARM.attributes
                0x0000004a       0x1b c:/siliconlabs/simplicitystudio/v3/developer/toolchains/gnu_arm/4.8_2013q4/bin/../lib/gcc/arm-none-eabi/4.8.3/../../../../arm-none-eabi/lib/armv7-m/crt0.o
 .ARM.attributes
                0x00000065       0x33 ./src/circBuffer.o
 .ARM.attributes
                0x00000098       0x33 ./src/dmactrl.o
 .ARM.attributes
                0x000000cb       0x33 ./src/i2c.o
 .ARM.attributes
                0x000000fe       0x33 ./src/leuart.o
 .ARM.attributes
                0x00000131       0x33 ./src/main.o
 .ARM.attributes
                0x00000164       0x33 ./src/sleep.o
 .ARM.attributes
                0x00000197       0x33 ./emlib/em_adc.o
 .ARM.attributes
                0x000001ca       0x33 ./emlib/em_cmu.o
 .ARM.attributes
                0x000001fd       0x33 ./emlib/em_dma.o
 .ARM.attributes
                0x00000230       0x33 ./emlib/em_emu.o
 .ARM.attributes
                0x00000263       0x33 ./emlib/em_gpio.o
 .ARM.attributes
                0x00000296       0x33 ./emlib/em_i2c.o
 .ARM.attributes
                0x000002c9       0x33 ./emlib/em_int.o
 .ARM.attributes
                0x000002fc       0x33 ./emlib/em_letimer.o
 .ARM.attributes
                0x0000032f       0x33 ./emlib/em_leuart.o
 .ARM.attributes
                0x00000362       0x33 ./emlib/em_system.o
 .ARM.attributes
                0x00000395       0x33 ./emlib/em_timer.o
 .ARM.attributes
                0x000003c8       0x1b ./CMSIS/efm32lg/startup_gcc_efm32lg.o
 .ARM.attributes
                0x000003e3       0x33 ./CMSIS/efm32lg/system_efm32lg.o
 .ARM.attributes
                0x00000416       0x1d c:/siliconlabs/simplicitystudio/v3/developer/toolchains/gnu_arm/4.8_2013q4/bin/../lib/gcc/arm-none-eabi/4.8.3/armv7-m\libgcc.a(_arm_addsubdf3.o)
 .ARM.attributes
                0x00000433       0x1d c:/siliconlabs/simplicitystudio/v3/developer/toolchains/gnu_arm/4.8_2013q4/bin/../lib/gcc/arm-none-eabi/4.8.3/armv7-m\libgcc.a(_arm_addsubsf3.o)
 .ARM.attributes
                0x00000450       0x1d c:/siliconlabs/simplicitystudio/v3/developer/toolchains/gnu_arm/4.8_2013q4/bin/../lib/gcc/arm-none-eabi/4.8.3/armv7-m\libgcc.a(_arm_muldivsf3.o)
 .ARM.attributes
                0x0000046d       0x1d c:/siliconlabs/simplicitystudio/v3/developer/toolchains/gnu_arm/4.8_2013q4/bin/../lib/gcc/arm-none-eabi/4.8.3/armv7-m\libgcc.a(_arm_cmpsf2.o)
 .ARM.attributes
                0x0000048a       0x1d c:/siliconlabs/simplicitystudio/v3/developer/toolchains/gnu_arm/4.8_2013q4/bin/../lib/gcc/arm-none-eabi/4.8.3/armv7-m\libgcc.a(_arm_fixunssfsi.o)
 .ARM.attributes
                0x000004a7       0x2d c:/siliconlabs/simplicitystudio/v3/developer/toolchains/gnu_arm/4.8_2013q4/bin/../lib/gcc/arm-none-eabi/4.8.3/../../../../arm-none-eabi/lib/armv7-m\libc_s.a(lib_a-exit.o)
 .ARM.attributes
                0x000004d4       0x2d c:/siliconlabs/simplicitystudio/v3/developer/toolchains/gnu_arm/4.8_2013q4/bin/../lib/gcc/arm-none-eabi/4.8.3/../../../../arm-none-eabi/lib/armv7-m\libc_s.a(lib_a-impure.o)
 .ARM.attributes
                0x00000501       0x2d c:/siliconlabs/simplicitystudio/v3/developer/toolchains/gnu_arm/4.8_2013q4/bin/../lib/gcc/arm-none-eabi/4.8.3/../../../../arm-none-eabi/lib/armv7-m\libc_s.a(lib_a-init.o)
 .ARM.attributes
                0x0000052e       0x2d c:/siliconlabs/simplicitystudio/v3/developer/toolchains/gnu_arm/4.8_2013q4/bin/../lib/gcc/arm-none-eabi/4.8.3/../../../../arm-none-eabi/lib/armv7-m\libc_s.a(lib_a-malloc.o)
 .ARM.attributes
                0x0000055b       0x2d c:/siliconlabs/simplicitystudio/v3/developer/toolchains/gnu_arm/4.8_2013q4/bin/../lib/gcc/arm-none-eabi/4.8.3/../../../../arm-none-eabi/lib/armv7-m\libc_s.a(lib_a-memset.o)
 .ARM.attributes
                0x00000588       0x2d c:/siliconlabs/simplicitystudio/v3/developer/toolchains/gnu_arm/4.8_2013q4/bin/../lib/gcc/arm-none-eabi/4.8.3/../../../../arm-none-eabi/lib/armv7-m\libc_s.a(lib_a-nano-freer.o)
 .ARM.attributes
                0x000005b5       0x2d c:/siliconlabs/simplicitystudio/v3/developer/toolchains/gnu_arm/4.8_2013q4/bin/../lib/gcc/arm-none-eabi/4.8.3/../../../../arm-none-eabi/lib/armv7-m\libc_s.a(lib_a-nano-mallocr.o)
 .ARM.attributes
                0x000005e2       0x2d c:/siliconlabs/simplicitystudio/v3/developer/toolchains/gnu_arm/4.8_2013q4/bin/../lib/gcc/arm-none-eabi/4.8.3/../../../../arm-none-eabi/lib/armv7-m\libc_s.a(lib_a-sbrkr.o)
 .ARM.attributes
                0x0000060f       0x2d c:/siliconlabs/simplicitystudio/v3/developer/toolchains/gnu_arm/4.8_2013q4/bin/../lib/gcc/arm-none-eabi/4.8.3/../../../../arm-none-eabi/lib/armv7-m\libc_s.a(lib_a-snprintf.o)
 .ARM.attributes
                0x0000063c       0x2d c:/siliconlabs/simplicitystudio/v3/developer/toolchains/gnu_arm/4.8_2013q4/bin/../lib/gcc/arm-none-eabi/4.8.3/../../../../arm-none-eabi/lib/armv7-m\libc_s.a(lib_a-svfprintf.o)
 .ARM.attributes
                0x00000669       0x2d c:/siliconlabs/simplicitystudio/v3/developer/toolchains/gnu_arm/4.8_2013q4/bin/../lib/gcc/arm-none-eabi/4.8.3/../../../../arm-none-eabi/lib/armv7-m\libc_s.a(lib_a-vfprintf_float.o)
 .ARM.attributes
                0x00000696       0x2d c:/siliconlabs/simplicitystudio/v3/developer/toolchains/gnu_arm/4.8_2013q4/bin/../lib/gcc/arm-none-eabi/4.8.3/../../../../arm-none-eabi/lib/armv7-m\libc_s.a(lib_a-vfprintf_i.o)
 .ARM.attributes
                0x000006c3       0x2d c:/siliconlabs/simplicitystudio/v3/developer/toolchains/gnu_arm/4.8_2013q4/bin/../lib/gcc/arm-none-eabi/4.8.3/../../../../arm-none-eabi/lib/armv7-m\libc_s.a(lib_a-dtoa.o)
 .ARM.attributes
                0x000006f0       0x2d c:/siliconlabs/simplicitystudio/v3/developer/toolchains/gnu_arm/4.8_2013q4/bin/../lib/gcc/arm-none-eabi/4.8.3/../../../../arm-none-eabi/lib/armv7-m\libc_s.a(lib_a-locale.o)
 .ARM.attributes
                0x0000071d       0x2d c:/siliconlabs/simplicitystudio/v3/developer/toolchains/gnu_arm/4.8_2013q4/bin/../lib/gcc/arm-none-eabi/4.8.3/../../../../arm-none-eabi/lib/armv7-m\libc_s.a(lib_a-memchr-stub.o)
 .ARM.attributes
                0x0000074a       0x2d c:/siliconlabs/simplicitystudio/v3/developer/toolchains/gnu_arm/4.8_2013q4/bin/../lib/gcc/arm-none-eabi/4.8.3/../../../../arm-none-eabi/lib/armv7-m\libc_s.a(lib_a-memcpy-stub.o)
 .ARM.attributes
                0x00000777       0x2d c:/siliconlabs/simplicitystudio/v3/developer/toolchains/gnu_arm/4.8_2013q4/bin/../lib/gcc/arm-none-eabi/4.8.3/../../../../arm-none-eabi/lib/armv7-m\libc_s.a(lib_a-memmove.o)
 .ARM.attributes
                0x000007a4       0x2d c:/siliconlabs/simplicitystudio/v3/developer/toolchains/gnu_arm/4.8_2013q4/bin/../lib/gcc/arm-none-eabi/4.8.3/../../../../arm-none-eabi/lib/armv7-m\libc_s.a(lib_a-mprec.o)
 .ARM.attributes
                0x000007d1       0x2d c:/siliconlabs/simplicitystudio/v3/developer/toolchains/gnu_arm/4.8_2013q4/bin/../lib/gcc/arm-none-eabi/4.8.3/../../../../arm-none-eabi/lib/armv7-m\libc_s.a(lib_a-nano-callocr.o)
 .ARM.attributes
                0x000007fe       0x2d c:/siliconlabs/simplicitystudio/v3/developer/toolchains/gnu_arm/4.8_2013q4/bin/../lib/gcc/arm-none-eabi/4.8.3/../../../../arm-none-eabi/lib/armv7-m\libc_s.a(lib_a-nano-reallocr.o)
 .ARM.attributes
                0x0000082b       0x2d c:/siliconlabs/simplicitystudio/v3/developer/toolchains/gnu_arm/4.8_2013q4/bin/../lib/gcc/arm-none-eabi/4.8.3/../../../../arm-none-eabi/lib/armv7-m\libc_s.a(lib_a-reent.o)
 .ARM.attributes
                0x00000858       0x2d c:/siliconlabs/simplicitystudio/v3/developer/toolchains/gnu_arm/4.8_2013q4/bin/../lib/gcc/arm-none-eabi/4.8.3/../../../../arm-none-eabi/lib/armv7-m\libc_s.a(lib_a-s_fpclassify.o)
 .ARM.attributes
                0x00000885       0x2d c:/siliconlabs/simplicitystudio/v3/developer/toolchains/gnu_arm/4.8_2013q4/bin/../lib/gcc/arm-none-eabi/4.8.3/../../../../arm-none-eabi/lib/armv7-m\libc_s.a(lib_a-strlen.o)
 .ARM.attributes
                0x000008b2       0x2d c:/siliconlabs/simplicitystudio/v3/developer/toolchains/gnu_arm/4.8_2013q4/bin/../lib/gcc/arm-none-eabi/4.8.3/../../../../arm-none-eabi/lib/armv7-m\libc_s.a(lib_a-nano-msizer.o)
 .ARM.attributes
                0x000008df       0x2d c:/siliconlabs/simplicitystudio/v3/developer/toolchains/gnu_arm/4.8_2013q4/bin/../lib/gcc/arm-none-eabi/4.8.3/../../../../arm-none-eabi/lib/armv7-m\libnosys.a(sbrk.o)
 .ARM.attributes
                0x0000090c       0x2d c:/siliconlabs/simplicitystudio/v3/developer/toolchains/gnu_arm/4.8_2013q4/bin/../lib/gcc/arm-none-eabi/4.8.3/../../../../arm-none-eabi/lib/armv7-m\libnosys.a(_exit.o)
 .ARM.attributes
                0x00000939       0x1d c:/siliconlabs/simplicitystudio/v3/developer/toolchains/gnu_arm/4.8_2013q4/bin/../lib/gcc/arm-none-eabi/4.8.3/armv7-m\libgcc.a(_arm_muldivdf3.o)
 .ARM.attributes
                0x00000956       0x1d c:/siliconlabs/simplicitystudio/v3/developer/toolchains/gnu_arm/4.8_2013q4/bin/../lib/gcc/arm-none-eabi/4.8.3/armv7-m\libgcc.a(_arm_cmpdf2.o)
 .ARM.attributes
                0x00000973       0x1d c:/siliconlabs/simplicitystudio/v3/developer/toolchains/gnu_arm/4.8_2013q4/bin/../lib/gcc/arm-none-eabi/4.8.3/armv7-m\libgcc.a(_arm_fixdfsi.o)
 .ARM.attributes
                0x00000990       0x2d c:/siliconlabs/simplicitystudio/v3/developer/toolchains/gnu_arm/4.8_2013q4/bin/../lib/gcc/arm-none-eabi/4.8.3/armv7-m/crtend.o
 .ARM.attributes
                0x000009bd       0x1d c:/siliconlabs/simplicitystudio/v3/developer/toolchains/gnu_arm/4.8_2013q4/bin/../lib/gcc/arm-none-eabi/4.8.3/armv7-m/crtn.o

.comment        0x00000000       0x70
 .comment       0x00000000       0x70 ./src/circBuffer.o
                                 0x71 (size before relaxing)
 .comment       0x00000000       0x71 ./src/dmactrl.o
 .comment       0x00000000       0x71 ./src/i2c.o
 .comment       0x00000000       0x71 ./src/leuart.o
 .comment       0x00000000       0x71 ./src/main.o
 .comment       0x00000000       0x71 ./src/sleep.o
 .comment       0x00000000       0x71 ./emlib/em_adc.o
 .comment       0x00000000       0x71 ./emlib/em_cmu.o
 .comment       0x00000000       0x71 ./emlib/em_dma.o
 .comment       0x00000000       0x71 ./emlib/em_emu.o
 .comment       0x00000000       0x71 ./emlib/em_gpio.o
 .comment       0x00000000       0x71 ./emlib/em_i2c.o
 .comment       0x00000000       0x71 ./emlib/em_int.o
 .comment       0x00000000       0x71 ./emlib/em_letimer.o
 .comment       0x00000000       0x71 ./emlib/em_leuart.o
 .comment       0x00000000       0x71 ./emlib/em_system.o
 .comment       0x00000000       0x71 ./emlib/em_timer.o
 .comment       0x00000000       0x71 ./CMSIS/efm32lg/system_efm32lg.o

.debug_info     0x00000000     0xa53f
 .debug_info    0x00000000      0x1fd ./src/circBuffer.o
 .debug_info    0x000001fd      0x113 ./src/dmactrl.o
 .debug_info    0x00000310      0x574 ./src/i2c.o
 .debug_info    0x00000884      0x9f0 ./src/leuart.o
 .debug_info    0x00001274     0x2333 ./src/main.o
 .debug_info    0x000035a7      0x3f0 ./src/sleep.o
 .debug_info    0x00003997      0xa70 ./emlib/em_adc.o
 .debug_info    0x00004407     0x1390 ./emlib/em_cmu.o
 .debug_info    0x00005797     0x12bd ./emlib/em_dma.o
 .debug_info    0x00006a54      0xd80 ./emlib/em_emu.o
 .debug_info    0x000077d4      0x648 ./emlib/em_gpio.o
 .debug_info    0x00007e1c      0x841 ./emlib/em_i2c.o
 .debug_info    0x0000865d       0xa6 ./emlib/em_int.o
 .debug_info    0x00008703      0x502 ./emlib/em_letimer.o
 .debug_info    0x00008c05      0x828 ./emlib/em_leuart.o
 .debug_info    0x0000942d      0x245 ./emlib/em_system.o
 .debug_info    0x00009672      0x8cd ./emlib/em_timer.o
 .debug_info    0x00009f3f       0x9f ./CMSIS/efm32lg/startup_gcc_efm32lg.o
 .debug_info    0x00009fde      0x561 ./CMSIS/efm32lg/system_efm32lg.o

.debug_abbrev   0x00000000     0x1f0a
 .debug_abbrev  0x00000000      0x129 ./src/circBuffer.o
 .debug_abbrev  0x00000129       0x98 ./src/dmactrl.o
 .debug_abbrev  0x000001c1      0x13b ./src/i2c.o
 .debug_abbrev  0x000002fc      0x214 ./src/leuart.o
 .debug_abbrev  0x00000510      0x34b ./src/main.o
 .debug_abbrev  0x0000085b      0x198 ./src/sleep.o
 .debug_abbrev  0x000009f3      0x1b0 ./emlib/em_adc.o
 .debug_abbrev  0x00000ba3      0x2f8 ./emlib/em_cmu.o
 .debug_abbrev  0x00000e9b      0x23b ./emlib/em_dma.o
 .debug_abbrev  0x000010d6      0x254 ./emlib/em_emu.o
 .debug_abbrev  0x0000132a      0x1cf ./emlib/em_gpio.o
 .debug_abbrev  0x000014f9      0x24c ./emlib/em_i2c.o
 .debug_abbrev  0x00001745       0x5c ./emlib/em_int.o
 .debug_abbrev  0x000017a1      0x1a3 ./emlib/em_letimer.o
 .debug_abbrev  0x00001944      0x1bb ./emlib/em_leuart.o
 .debug_abbrev  0x00001aff       0xef ./emlib/em_system.o
 .debug_abbrev  0x00001bee      0x19b ./emlib/em_timer.o
 .debug_abbrev  0x00001d89       0x14 ./CMSIS/efm32lg/startup_gcc_efm32lg.o
 .debug_abbrev  0x00001d9d      0x16d ./CMSIS/efm32lg/system_efm32lg.o

.debug_loc      0x00000000     0x2d64
 .debug_loc     0x00000000      0x100 ./src/circBuffer.o
 .debug_loc     0x00000100      0x19c ./src/i2c.o
 .debug_loc     0x0000029c      0x218 ./src/leuart.o
 .debug_loc     0x000004b4      0x7a4 ./src/main.o
 .debug_loc     0x00000c58      0x12c ./src/sleep.o
 .debug_loc     0x00000d84      0x188 ./emlib/em_adc.o
 .debug_loc     0x00000f0c      0x8d0 ./emlib/em_cmu.o
 .debug_loc     0x000017dc      0x498 ./emlib/em_dma.o
 .debug_loc     0x00001c74      0x3b4 ./emlib/em_emu.o
 .debug_loc     0x00002028      0x268 ./emlib/em_gpio.o
 .debug_loc     0x00002290      0x1f8 ./emlib/em_i2c.o
 .debug_loc     0x00002488      0x1c0 ./emlib/em_letimer.o
 .debug_loc     0x00002648      0x310 ./emlib/em_leuart.o
 .debug_loc     0x00002958       0x70 ./emlib/em_system.o
 .debug_loc     0x000029c8      0x188 ./emlib/em_timer.o
 .debug_loc     0x00002b50      0x214 ./CMSIS/efm32lg/system_efm32lg.o

.debug_aranges  0x00000000      0x888
 .debug_aranges
                0x00000000       0x40 ./src/circBuffer.o
 .debug_aranges
                0x00000040       0x18 ./src/dmactrl.o
 .debug_aranges
                0x00000058       0x58 ./src/i2c.o
 .debug_aranges
                0x000000b0       0x68 ./src/leuart.o
 .debug_aranges
                0x00000118      0x138 ./src/main.o
 .debug_aranges
                0x00000250       0x48 ./src/sleep.o
 .debug_aranges
                0x00000298       0x50 ./emlib/em_adc.o
 .debug_aranges
                0x000002e8      0x168 ./emlib/em_cmu.o
 .debug_aranges
                0x00000450       0xc0 ./emlib/em_dma.o
 .debug_aranges
                0x00000510       0xa8 ./emlib/em_emu.o
 .debug_aranges
                0x000005b8       0x70 ./emlib/em_gpio.o
 .debug_aranges
                0x00000628       0x60 ./emlib/em_i2c.o
 .debug_aranges
                0x00000688       0x18 ./emlib/em_int.o
 .debug_aranges
                0x000006a0       0x58 ./emlib/em_letimer.o
 .debug_aranges
                0x000006f8       0x88 ./emlib/em_leuart.o
 .debug_aranges
                0x00000780       0x28 ./emlib/em_system.o
 .debug_aranges
                0x000007a8       0x50 ./emlib/em_timer.o
 .debug_aranges
                0x000007f8       0x20 ./CMSIS/efm32lg/startup_gcc_efm32lg.o
 .debug_aranges
                0x00000818       0x70 ./CMSIS/efm32lg/system_efm32lg.o

.debug_ranges   0x00000000      0x738
 .debug_ranges  0x00000000       0x30 ./src/circBuffer.o
 .debug_ranges  0x00000030       0x48 ./src/i2c.o
 .debug_ranges  0x00000078       0x58 ./src/leuart.o
 .debug_ranges  0x000000d0      0x128 ./src/main.o
 .debug_ranges  0x000001f8       0x38 ./src/sleep.o
 .debug_ranges  0x00000230       0x40 ./emlib/em_adc.o
 .debug_ranges  0x00000270      0x158 ./emlib/em_cmu.o
 .debug_ranges  0x000003c8       0xb0 ./emlib/em_dma.o
 .debug_ranges  0x00000478       0x98 ./emlib/em_emu.o
 .debug_ranges  0x00000510       0x60 ./emlib/em_gpio.o
 .debug_ranges  0x00000570       0x50 ./emlib/em_i2c.o
 .debug_ranges  0x000005c0       0x48 ./emlib/em_letimer.o
 .debug_ranges  0x00000608       0x78 ./emlib/em_leuart.o
 .debug_ranges  0x00000680       0x18 ./emlib/em_system.o
 .debug_ranges  0x00000698       0x40 ./emlib/em_timer.o
 .debug_ranges  0x000006d8       0x60 ./CMSIS/efm32lg/system_efm32lg.o

.debug_line     0x00000000     0x4178
 .debug_line    0x00000000      0x20e ./src/circBuffer.o
 .debug_line    0x0000020e      0x16f ./src/dmactrl.o
 .debug_line    0x0000037d      0x302 ./src/i2c.o
 .debug_line    0x0000067f      0x365 ./src/leuart.o
 .debug_line    0x000009e4      0x831 ./src/main.o
 .debug_line    0x00001215      0x246 ./src/sleep.o
 .debug_line    0x0000145b      0x2ec ./emlib/em_adc.o
 .debug_line    0x00001747      0x930 ./emlib/em_cmu.o
 .debug_line    0x00002077      0x4bc ./emlib/em_dma.o
 .debug_line    0x00002533      0x47d ./emlib/em_emu.o
 .debug_line    0x000029b0      0x348 ./emlib/em_gpio.o
 .debug_line    0x00002cf8      0x3b3 ./emlib/em_i2c.o
 .debug_line    0x000030ab       0xf6 ./emlib/em_int.o
 .debug_line    0x000031a1      0x2d7 ./emlib/em_letimer.o
 .debug_line    0x00003478      0x360 ./emlib/em_leuart.o
 .debug_line    0x000037d8      0x213 ./emlib/em_system.o
 .debug_line    0x000039eb      0x4a3 ./emlib/em_timer.o
 .debug_line    0x00003e8e       0x72 ./CMSIS/efm32lg/startup_gcc_efm32lg.o
 .debug_line    0x00003f00      0x278 ./CMSIS/efm32lg/system_efm32lg.o

.debug_str      0x00000000     0x3ff6
 .debug_str     0x00000000      0x23b ./src/circBuffer.o
                                0x281 (size before relaxing)
 .debug_str     0x0000023b       0x4b ./src/dmactrl.o
                                0x21c (size before relaxing)
 .debug_str     0x00000286      0x568 ./src/i2c.o
                                0x766 (size before relaxing)
 .debug_str     0x000007ee      0x559 ./src/leuart.o
                                0xbbc (size before relaxing)
 .debug_str     0x00000d47     0x14f6 ./src/main.o
                               0x1f9f (size before relaxing)
 .debug_str     0x0000223d       0xad ./src/sleep.o
                                0x2fa (size before relaxing)
 .debug_str     0x000022ea      0x145 ./emlib/em_adc.o
                                0xbbf (size before relaxing)
 .debug_str     0x0000242f      0x8a1 ./emlib/em_cmu.o
                                0xfa2 (size before relaxing)
 .debug_str     0x00002cd0      0x39b ./emlib/em_dma.o
                                0xd5e (size before relaxing)
 .debug_str     0x0000306b      0x41f ./emlib/em_emu.o
                                0x832 (size before relaxing)
 .debug_str     0x0000348a       0xe8 ./emlib/em_gpio.o
                                0x5ea (size before relaxing)
 .debug_str     0x00003572      0x283 ./emlib/em_i2c.o
                                0x7e1 (size before relaxing)
 .debug_str     0x000037f5       0x12 ./emlib/em_int.o
                                0x1ea (size before relaxing)
 .debug_str     0x00003807       0xb3 ./emlib/em_letimer.o
                                0x42c (size before relaxing)
 .debug_str     0x000038ba      0x116 ./emlib/em_leuart.o
                                0x763 (size before relaxing)
 .debug_str     0x000039d0       0x7b ./emlib/em_system.o
                                0x2bc (size before relaxing)
 .debug_str     0x00003a4b      0x49f ./emlib/em_timer.o
                                0x972 (size before relaxing)
 .debug_str     0x00003eea      0x10c ./CMSIS/efm32lg/system_efm32lg.o
                                0x499 (size before relaxing)

.debug_frame    0x00000000     0x2160
 .debug_frame   0x00000000       0x9c ./src/circBuffer.o
 .debug_frame   0x0000009c      0x100 ./src/i2c.o
 .debug_frame   0x0000019c      0x12c ./src/leuart.o
 .debug_frame   0x000002c8      0x430 ./src/main.o
 .debug_frame   0x000006f8       0xb8 ./src/sleep.o
 .debug_frame   0x000007b0       0xec ./emlib/em_adc.o
 .debug_frame   0x0000089c      0x4dc ./emlib/em_cmu.o
 .debug_frame   0x00000d78      0x27c ./emlib/em_dma.o
 .debug_frame   0x00000ff4      0x210 ./emlib/em_emu.o
 .debug_frame   0x00001204      0x154 ./emlib/em_gpio.o
 .debug_frame   0x00001358      0x120 ./emlib/em_i2c.o
 .debug_frame   0x00001478       0xf4 ./emlib/em_letimer.o
 .debug_frame   0x0000156c      0x1bc ./emlib/em_leuart.o
 .debug_frame   0x00001728       0x48 ./emlib/em_system.o
 .debug_frame   0x00001770       0xd8 ./emlib/em_timer.o
 .debug_frame   0x00001848      0x138 ./CMSIS/efm32lg/system_efm32lg.o
 .debug_frame   0x00001980       0x28 c:/siliconlabs/simplicitystudio/v3/developer/toolchains/gnu_arm/4.8_2013q4/bin/../lib/gcc/arm-none-eabi/4.8.3/../../../../arm-none-eabi/lib/armv7-m\libc_s.a(lib_a-exit.o)
 .debug_frame   0x000019a8       0x2c c:/siliconlabs/simplicitystudio/v3/developer/toolchains/gnu_arm/4.8_2013q4/bin/../lib/gcc/arm-none-eabi/4.8.3/../../../../arm-none-eabi/lib/armv7-m\libc_s.a(lib_a-init.o)
 .debug_frame   0x000019d4       0x30 c:/siliconlabs/simplicitystudio/v3/developer/toolchains/gnu_arm/4.8_2013q4/bin/../lib/gcc/arm-none-eabi/4.8.3/../../../../arm-none-eabi/lib/armv7-m\libc_s.a(lib_a-malloc.o)
 .debug_frame   0x00001a04       0x20 c:/siliconlabs/simplicitystudio/v3/developer/toolchains/gnu_arm/4.8_2013q4/bin/../lib/gcc/arm-none-eabi/4.8.3/../../../../arm-none-eabi/lib/armv7-m\libc_s.a(lib_a-memset.o)
 .debug_frame   0x00001a24       0x2c c:/siliconlabs/simplicitystudio/v3/developer/toolchains/gnu_arm/4.8_2013q4/bin/../lib/gcc/arm-none-eabi/4.8.3/../../../../arm-none-eabi/lib/armv7-m\libc_s.a(lib_a-nano-freer.o)
 .debug_frame   0x00001a50       0x2c c:/siliconlabs/simplicitystudio/v3/developer/toolchains/gnu_arm/4.8_2013q4/bin/../lib/gcc/arm-none-eabi/4.8.3/../../../../arm-none-eabi/lib/armv7-m\libc_s.a(lib_a-nano-mallocr.o)
 .debug_frame   0x00001a7c       0x2c c:/siliconlabs/simplicitystudio/v3/developer/toolchains/gnu_arm/4.8_2013q4/bin/../lib/gcc/arm-none-eabi/4.8.3/../../../../arm-none-eabi/lib/armv7-m\libc_s.a(lib_a-sbrkr.o)
 .debug_frame   0x00001aa8       0x58 c:/siliconlabs/simplicitystudio/v3/developer/toolchains/gnu_arm/4.8_2013q4/bin/../lib/gcc/arm-none-eabi/4.8.3/../../../../arm-none-eabi/lib/armv7-m\libc_s.a(lib_a-snprintf.o)
 .debug_frame   0x00001b00       0x88 c:/siliconlabs/simplicitystudio/v3/developer/toolchains/gnu_arm/4.8_2013q4/bin/../lib/gcc/arm-none-eabi/4.8.3/../../../../arm-none-eabi/lib/armv7-m\libc_s.a(lib_a-svfprintf.o)
 .debug_frame   0x00001b88       0x80 c:/siliconlabs/simplicitystudio/v3/developer/toolchains/gnu_arm/4.8_2013q4/bin/../lib/gcc/arm-none-eabi/4.8.3/../../../../arm-none-eabi/lib/armv7-m\libc_s.a(lib_a-vfprintf_float.o)
 .debug_frame   0x00001c08       0x60 c:/siliconlabs/simplicitystudio/v3/developer/toolchains/gnu_arm/4.8_2013q4/bin/../lib/gcc/arm-none-eabi/4.8.3/../../../../arm-none-eabi/lib/armv7-m\libc_s.a(lib_a-vfprintf_i.o)
 .debug_frame   0x00001c68       0x68 c:/siliconlabs/simplicitystudio/v3/developer/toolchains/gnu_arm/4.8_2013q4/bin/../lib/gcc/arm-none-eabi/4.8.3/../../../../arm-none-eabi/lib/armv7-m\libc_s.a(lib_a-dtoa.o)
 .debug_frame   0x00001cd0       0x98 c:/siliconlabs/simplicitystudio/v3/developer/toolchains/gnu_arm/4.8_2013q4/bin/../lib/gcc/arm-none-eabi/4.8.3/../../../../arm-none-eabi/lib/armv7-m\libc_s.a(lib_a-locale.o)
 .debug_frame   0x00001d68       0x28 c:/siliconlabs/simplicitystudio/v3/developer/toolchains/gnu_arm/4.8_2013q4/bin/../lib/gcc/arm-none-eabi/4.8.3/../../../../arm-none-eabi/lib/armv7-m\libc_s.a(lib_a-memchr-stub.o)
 .debug_frame   0x00001d90       0x28 c:/siliconlabs/simplicitystudio/v3/developer/toolchains/gnu_arm/4.8_2013q4/bin/../lib/gcc/arm-none-eabi/4.8.3/../../../../arm-none-eabi/lib/armv7-m\libc_s.a(lib_a-memcpy-stub.o)
 .debug_frame   0x00001db8       0x2c c:/siliconlabs/simplicitystudio/v3/developer/toolchains/gnu_arm/4.8_2013q4/bin/../lib/gcc/arm-none-eabi/4.8.3/../../../../arm-none-eabi/lib/armv7-m\libc_s.a(lib_a-memmove.o)
 .debug_frame   0x00001de4      0x230 c:/siliconlabs/simplicitystudio/v3/developer/toolchains/gnu_arm/4.8_2013q4/bin/../lib/gcc/arm-none-eabi/4.8.3/../../../../arm-none-eabi/lib/armv7-m\libc_s.a(lib_a-mprec.o)
 .debug_frame   0x00002014       0x2c c:/siliconlabs/simplicitystudio/v3/developer/toolchains/gnu_arm/4.8_2013q4/bin/../lib/gcc/arm-none-eabi/4.8.3/../../../../arm-none-eabi/lib/armv7-m\libc_s.a(lib_a-nano-callocr.o)
 .debug_frame   0x00002040       0x30 c:/siliconlabs/simplicitystudio/v3/developer/toolchains/gnu_arm/4.8_2013q4/bin/../lib/gcc/arm-none-eabi/4.8.3/../../../../arm-none-eabi/lib/armv7-m\libc_s.a(lib_a-nano-reallocr.o)
 .debug_frame   0x00002070       0x48 c:/siliconlabs/simplicitystudio/v3/developer/toolchains/gnu_arm/4.8_2013q4/bin/../lib/gcc/arm-none-eabi/4.8.3/../../../../arm-none-eabi/lib/armv7-m\libc_s.a(lib_a-reent.o)
 .debug_frame   0x000020b8       0x28 c:/siliconlabs/simplicitystudio/v3/developer/toolchains/gnu_arm/4.8_2013q4/bin/../lib/gcc/arm-none-eabi/4.8.3/../../../../arm-none-eabi/lib/armv7-m\libc_s.a(lib_a-s_fpclassify.o)
 .debug_frame   0x000020e0       0x20 c:/siliconlabs/simplicitystudio/v3/developer/toolchains/gnu_arm/4.8_2013q4/bin/../lib/gcc/arm-none-eabi/4.8.3/../../../../arm-none-eabi/lib/armv7-m\libc_s.a(lib_a-strlen.o)
 .debug_frame   0x00002100       0x20 c:/siliconlabs/simplicitystudio/v3/developer/toolchains/gnu_arm/4.8_2013q4/bin/../lib/gcc/arm-none-eabi/4.8.3/../../../../arm-none-eabi/lib/armv7-m\libc_s.a(lib_a-nano-msizer.o)
 .debug_frame   0x00002120       0x20 c:/siliconlabs/simplicitystudio/v3/developer/toolchains/gnu_arm/4.8_2013q4/bin/../lib/gcc/arm-none-eabi/4.8.3/../../../../arm-none-eabi/lib/armv7-m\libnosys.a(sbrk.o)
 .debug_frame   0x00002140       0x20 c:/siliconlabs/simplicitystudio/v3/developer/toolchains/gnu_arm/4.8_2013q4/bin/../lib/gcc/arm-none-eabi/4.8.3/../../../../arm-none-eabi/lib/armv7-m\libnosys.a(_exit.o)
